Archive member included because of file (symbol)

C:\Users\Josh\AppData\Local\arduino15\packages\UDOO\hardware\sam\1.6.6-00020-g250f7ba\variants\udooqdl/libsam_sam3x8e_gcc_rel.a(startup_sam3xa.o)
                              (Reset_Handler)
C:\Users\Josh\AppData\Local\arduino15\packages\UDOO\hardware\sam\1.6.6-00020-g250f7ba\variants\udooqdl/libsam_sam3x8e_gcc_rel.a(uotghs.o)
                              C:\Users\Josh\AppData\Local\arduino15\packages\UDOO\hardware\sam\1.6.6-00020-g250f7ba\variants\udooqdl/libsam_sam3x8e_gcc_rel.a(startup_sam3xa.o) (UOTGHS_Handler)
C:\Users\Josh\AppData\Local\Temp\VMicroBuilds\CodexHyperloopControlProject\UDOO_udoo_sam_udooqdl/core.a(cortex_handlers.c.o)
                              C:\Users\Josh\AppData\Local\arduino15\packages\UDOO\hardware\sam\1.6.6-00020-g250f7ba\variants\udooqdl/libsam_sam3x8e_gcc_rel.a(startup_sam3xa.o) (NMI_Handler)
C:\Users\Josh\AppData\Local\Temp\VMicroBuilds\CodexHyperloopControlProject\UDOO_udoo_sam_udooqdl/core.a(hooks.c.o)
                              C:\Users\Josh\AppData\Local\Temp\VMicroBuilds\CodexHyperloopControlProject\UDOO_udoo_sam_udooqdl/core.a(cortex_handlers.c.o) (sysTickHook)
C:\Users\Josh\AppData\Local\Temp\VMicroBuilds\CodexHyperloopControlProject\UDOO_udoo_sam_udooqdl/core.a(syscalls_sam3.c.o)
                              (_sbrk)
C:\Users\Josh\AppData\Local\Temp\VMicroBuilds\CodexHyperloopControlProject\UDOO_udoo_sam_udooqdl/core.a(main.cpp.o)
                              c:/users/josh/appdata/local/arduino15/packages/arduino/tools/arm-none-eabi-gcc/4.8.3-2014q1/bin/../lib/gcc/arm-none-eabi/4.8.3/../../../../arm-none-eabi/lib/armv7-m/crt0.o (main)
C:\Users\Josh\AppData\Local\Temp\VMicroBuilds\CodexHyperloopControlProject\UDOO_udoo_sam_udooqdl/core.a(Reset.cpp.o)
                              C:\Users\Josh\AppData\Local\Temp\VMicroBuilds\CodexHyperloopControlProject\UDOO_udoo_sam_udooqdl/core.a(cortex_handlers.c.o) (tickReset)
C:\Users\Josh\AppData\Local\Temp\VMicroBuilds\CodexHyperloopControlProject\UDOO_udoo_sam_udooqdl/core.a(watchdog.cpp.o)
                              C:\Users\Josh\AppData\Local\Temp\VMicroBuilds\CodexHyperloopControlProject\UDOO_udoo_sam_udooqdl/core.a(main.cpp.o) (watchdogSetup())
C:\Users\Josh\AppData\Local\Temp\VMicroBuilds\CodexHyperloopControlProject\UDOO_udoo_sam_udooqdl/core.a(USBCore.cpp.o)
                              C:\Users\Josh\AppData\Local\Temp\VMicroBuilds\CodexHyperloopControlProject\UDOO_udoo_sam_udooqdl/core.a(main.cpp.o) (USBDevice_::attach())
C:\Users\Josh\AppData\Local\Temp\VMicroBuilds\CodexHyperloopControlProject\UDOO_udoo_sam_udooqdl/core.a(variant.cpp.o)
                              C:\Users\Josh\AppData\Local\Temp\VMicroBuilds\CodexHyperloopControlProject\UDOO_udoo_sam_udooqdl/core.a(main.cpp.o) (init)
C:\Users\Josh\AppData\Local\Temp\VMicroBuilds\CodexHyperloopControlProject\UDOO_udoo_sam_udooqdl/core.a(wiring.c.o)
                              C:\Users\Josh\AppData\Local\Temp\VMicroBuilds\CodexHyperloopControlProject\UDOO_udoo_sam_udooqdl/core.a(main.cpp.o) (delay)
C:\Users\Josh\AppData\Local\Temp\VMicroBuilds\CodexHyperloopControlProject\UDOO_udoo_sam_udooqdl/core.a(wiring_analog.c.o)
                              C:\Users\Josh\AppData\Local\Temp\VMicroBuilds\CodexHyperloopControlProject\UDOO_udoo_sam_udooqdl/core.a(variant.cpp.o) (analogOutputInit)
C:\Users\Josh\AppData\Local\Temp\VMicroBuilds\CodexHyperloopControlProject\UDOO_udoo_sam_udooqdl/core.a(wiring_digital.c.o)
                              C:\Users\Josh\AppData\Local\Temp\VMicroBuilds\CodexHyperloopControlProject\UDOO_udoo_sam_udooqdl/core.a(wiring_analog.c.o) (pinMode)
C:\Users\Josh\AppData\Local\Temp\VMicroBuilds\CodexHyperloopControlProject\UDOO_udoo_sam_udooqdl/core.a(RingBuffer.cpp.o)
                              C:\Users\Josh\AppData\Local\Temp\VMicroBuilds\CodexHyperloopControlProject\UDOO_udoo_sam_udooqdl/core.a(variant.cpp.o) (RingBuffer::RingBuffer())
C:\Users\Josh\AppData\Local\Temp\VMicroBuilds\CodexHyperloopControlProject\UDOO_udoo_sam_udooqdl/core.a(UARTClass.cpp.o)
                              C:\Users\Josh\AppData\Local\Temp\VMicroBuilds\CodexHyperloopControlProject\UDOO_udoo_sam_udooqdl/core.a(variant.cpp.o) (UARTClass::available())
C:\Users\Josh\AppData\Local\Temp\VMicroBuilds\CodexHyperloopControlProject\UDOO_udoo_sam_udooqdl/core.a(USARTClass.cpp.o)
                              C:\Users\Josh\AppData\Local\Temp\VMicroBuilds\CodexHyperloopControlProject\UDOO_udoo_sam_udooqdl/core.a(variant.cpp.o) (USARTClass::USARTClass(Usart*, IRQn, unsigned long, RingBuffer*, RingBuffer*))
C:\Users\Josh\AppData\Local\Temp\VMicroBuilds\CodexHyperloopControlProject\UDOO_udoo_sam_udooqdl/core.a(CDC.cpp.o)
                              C:\Users\Josh\AppData\Local\Temp\VMicroBuilds\CodexHyperloopControlProject\UDOO_udoo_sam_udooqdl/core.a(USBCore.cpp.o) (Serial_::accept())
C:\Users\Josh\AppData\Local\Temp\VMicroBuilds\CodexHyperloopControlProject\UDOO_udoo_sam_udooqdl/core.a(PluggableUSB.cpp.o)
[...]
Memory Configuration

Name             Origin             Length             Attributes
rom              0x00080000         0x00080000         xr
sram0            0x20000000         0x00010000         xrw
sram1            0x20080000         0x00008000         xrw
ram              0x20070000         0x00018000         xrw
*default*        0x00000000         0xffffffff

Linker script and memory map

LOAD c:/users/josh/appdata/local/arduino15/packages/arduino/tools/arm-none-eabi-gcc/4.8.3-2014q1/bin/../lib/gcc/arm-none-eabi/4.8.3/armv7-m/crti.o
LOAD c:/users/josh/appdata/local/arduino15/packages/arduino/tools/arm-none-eabi-gcc/4.8.3-2014q1/bin/../lib/gcc/arm-none-eabi/4.8.3/armv7-m/crtbegin.o
LOAD c:/users/josh/appdata/local/arduino15/packages/arduino/tools/arm-none-eabi-gcc/4.8.3-2014q1/bin/../lib/gcc/arm-none-eabi/4.8.3/../../../../arm-none-eabi/lib/armv7-m/crt0.o
START GROUP
LOAD C:\Users\Josh\AppData\Local\Temp\VMicroBuilds\CodexHyperloopControlProject\UDOO_udoo_sam_udooqdl\CodexHyperloopControlProject.cpp.o
LOAD C:\Users\Josh\AppData\Local\arduino15\packages\UDOO\hardware\sam\1.6.6-00020-g250f7ba\variants\udooqdl/libsam_sam3x8e_gcc_rel.a
LOAD C:\Users\Josh\AppData\Local\Temp\VMicroBuilds\CodexHyperloopControlProject\UDOO_udoo_sam_udooqdl/core.a
END GROUP
LOAD c:/users/josh/appdata/local/arduino15/packages/arduino/tools/arm-none-eabi-gcc/4.8.3-2014q1/bin/../lib/gcc/arm-none-eabi/4.8.3/../../../../arm-none-eabi/lib/armv7-m\libm.a
START GROUP
LOAD c:/users/josh/appdata/local/arduino15/packages/arduino/tools/arm-none-eabi-gcc/4.8.3-2014q1/bin/../lib/gcc/arm-none-eabi/4.8.3/armv7-m\libgcc.a
LOAD c:/users/josh/appdata/local/arduino15/packages/arduino/tools/arm-none-eabi-gcc/4.8.3-2014q1/bin/../lib/gcc/arm-none-eabi/4.8.3/../../../../arm-none-eabi/lib/armv7-m\libg.a
LOAD c:/users/josh/appdata/local/arduino15/packages/arduino/tools/arm-none-eabi-gcc/4.8.3-2014q1/bin/../lib/gcc/arm-none-eabi/4.8.3/../../../../arm-none-eabi/lib/armv7-m\libc.a
END GROUP
LOAD c:/users/josh/appdata/local/arduino15/packages/arduino/tools/arm-none-eabi-gcc/4.8.3-2014q1/bin/../lib/gcc/arm-none-eabi/4.8.3/armv7-m/crtend.o
LOAD c:/users/josh/appdata/local/arduino15/packages/arduino/tools/arm-none-eabi-gcc/4.8.3-2014q1/bin/../lib/gcc/arm-none-eabi/4.8.3/armv7-m/crtn.o

.text           0x00080000     0x5554
                0x00080000                . = ALIGN (0x4)
                0x00080000                _sfixed = .
 *(.vectors .vectors.*)
 .vectors       0x00080000       0xf4 C:\Users\Josh\AppData\Local\arduino15\packages\UDOO\hardware\sam\1.6.6-00020-g250f7ba\variants\udooqdl/libsam_sam3x8e_gcc_rel.a(startup_sam3xa.o)
                0x00080000                exception_table
 *(.text .text.* .gnu.linkonce.t.*)
 .text          0x000800f4       0x54 c:/users/josh/appdata/local/arduino15/packages/arduino/tools/arm-none-eabi-gcc/4.8.3-2014q1/bin/../lib/gcc/arm-none-eabi/4.8.3/armv7-m/crtbegin.o
 .text.setup    0x00080148        0x2 C:\Users\Josh\AppData\Local\Temp\VMicroBuilds\CodexHyperloopControlProject\UDOO_udoo_sam_udooqdl\CodexHyperloopControlProject.cpp.o
                0x00080148                setup
 .text.loop     0x0008014a        0x2 C:\Users\Josh\AppData\Local\Temp\VMicroBuilds\CodexHyperloopControlProject\UDOO_udoo_sam_udooqdl\CodexHyperloopControlProject.cpp.o
                0x0008014a                loop
 .text.Reset_Handler
                0x0008014c       0x78 C:\Users\Josh\AppData\Local\arduino15\packages\UDOO\hardware\sam\1.6.6-00020-g250f7ba\variants\udooqdl/libsam_sam3x8e_gcc_rel.a(startup_sam3xa.o)
                0x0008014c                Reset_Handler
 .text.UOTGHS_Handler
                0x000801c4       0x10 C:\Users\Josh\AppData\Local\arduino15\packages\UDOO\hardware\sam\1.6.6-00020-g250f7ba\variants\udooqdl/libsam_sam3x8e_gcc_rel.a(uotghs.o)
                0x000801c4                UOTGHS_Handler
 .text.__halt   0x000801d4        0x2 C:\Users\Josh\AppData\Local\Temp\VMicroBuilds\CodexHyperloopControlProject\UDOO_udoo_sam_udooqdl/core.a(cortex_handlers.c.o)
                0x000801d4                DACC_Handler
                0x000801d4                DebugMon_Handler
                0x000801d4                DMAC_Handler
                0x000801d4                TRNG_Handler
                0x000801d4                HardFault_Handler
                0x000801d4                TC2_Handler
                0x000801d4                TWI1_Handler
                0x000801d4                NMI_Handler
                0x000801d4                TC7_Handler
                0x000801d4                ADC_Handler
                0x000801d4                SMC_Handler
                0x000801d4                RTT_Handler
                0x000801d4                EFC1_Handler
                0x000801d4                PIOB_Handler
                0x000801d4                RTC_Handler
                0x000801d4                UsageFault_Handler
                0x000801d4                TC6_Handler
                0x000801d4                WDT_Handler
                0x000801d4                CAN0_Handler
                0x000801d4                TC4_Handler
                0x000801d4                TC1_Handler
                0x000801d4                HSMCI_Handler
                0x000801d4                TC3_Handler
                0x000801d4                TWI0_Handler
                0x000801d4                PIOA_Handler
                0x000801d4                SSC_Handler
                0x000801d4                EFC0_Handler
                0x000801d4                PMC_Handler
                0x000801d4                PWM_Handler
                0x000801d4                CAN1_Handler
                0x000801d4                MemManage_Handler
                0x000801d4                SUPC_Handler
                0x000801d4                TC8_Handler
                0x000801d4                USART2_Handler
                0x000801d4                PIOD_Handler
                0x000801d4                EMAC_Handler
                0x000801d4                PIOC_Handler
                0x000801d4                BusFault_Handler
                0x000801d4                RSTC_Handler
                0x000801d4                TC0_Handler
                0x000801d4                TC5_Handler
                0x000801d4                SPI0_Handler
 .text.SVC_Handler
                0x000801d6        0x4 C:\Users\Josh\AppData\Local\Temp\VMicroBuilds\CodexHyperloopControlProject\UDOO_udoo_sam_udooqdl/core.a(cortex_handlers.c.o)
                0x000801d6                SVC_Handler
 .text.PendSV_Handler
                0x000801da        0x4 C:\Users\Josh\AppData\Local\Temp\VMicroBuilds\CodexHyperloopControlProject\UDOO_udoo_sam_udooqdl/core.a(cortex_handlers.c.o)
                0x000801da                PendSV_Handler
 .text.SysTick_Handler
                0x000801de       0x16 C:\Users\Josh\AppData\Local\Temp\VMicroBuilds\CodexHyperloopControlProject\UDOO_udoo_sam_udooqdl/core.a(cortex_handlers.c.o)
                0x000801de                SysTick_Handler
 .text.__empty  0x000801f4        0x2 C:\Users\Josh\AppData\Local\Temp\VMicroBuilds\CodexHyperloopControlProject\UDOO_udoo_sam_udooqdl/core.a(hooks.c.o)
                0x000801f4                yield
 .text.__false  0x000801f6        0x4 C:\Users\Josh\AppData\Local\Temp\VMicroBuilds\CodexHyperloopControlProject\UDOO_udoo_sam_udooqdl/core.a(hooks.c.o)
                0x000801f6                sysTickHook
 .text.__halt   0x000801fa        0x2 C:\Users\Josh\AppData\Local\Temp\VMicroBuilds\CodexHyperloopControlProject\UDOO_udoo_sam_udooqdl/core.a(hooks.c.o)
                0x000801fa                svcHook
                0x000801fa                pendSVHook
 .text._sbrk    0x000801fc       0x1c C:\Users\Josh\AppData\Local\Temp\VMicroBuilds\CodexHyperloopControlProject\UDOO_udoo_sam_udooqdl/core.a(syscalls_sam3.c.o)
                0x000801fc                _sbrk
 .text.link     0x00080218        0x6 C:\Users\Josh\AppData\Local\Temp\VMicroBuilds\CodexHyperloopControlProject\UDOO_udoo_sam_udooqdl/core.a(syscalls_sam3.c.o)
                0x00080218                link
 .text._close   0x0008021e        0x6 C:\Users\Josh\AppData\Local\Temp\VMicroBuilds\CodexHyperloopControlProject\UDOO_udoo_sam_udooqdl/core.a(syscalls_sam3.c.o)
                0x0008021e                _close
 .text._fstat   0x00080224        0xa C:\Users\Josh\AppData\Local\Temp\VMicroBuilds\CodexHyperloopControlProject\UDOO_udoo_sam_udooqdl/core.a(syscalls_sam3.c.o)
                0x00080224                _fstat
 .text._isatty  0x0008022e        0x4 C:\Users\Josh\AppData\Local\Temp\VMicroBuilds\CodexHyperloopControlProject\UDOO_udoo_sam_udooqdl/core.a(syscalls_sam3.c.o)
                0x0008022e                _isatty
 .text._lseek   0x00080232        0x4 C:\Users\Josh\AppData\Local\Temp\VMicroBuilds\CodexHyperloopControlProject\UDOO_udoo_sam_udooqdl/core.a(syscalls_sam3.c.o)
                0x00080232                _lseek
 .text._read    0x00080236        0x4 C:\Users\Josh\AppData\Local\Temp\VMicroBuilds\CodexHyperloopControlProject\UDOO_udoo_sam_udooqdl/core.a(syscalls_sam3.c.o)
                0x00080236                _read
 *fill*         0x0008023a        0x2 
 .text._write   0x0008023c       0x24 C:\Users\Josh\AppData\Local\Temp\VMicroBuilds\CodexHyperloopControlProject\UDOO_udoo_sam_udooqdl/core.a(syscalls_sam3.c.o)
                0x0008023c                _write
 .text._exit    0x00080260       0x10 C:\Users\Josh\AppData\Local\Temp\VMicroBuilds\CodexHyperloopControlProject\UDOO_udoo_sam_udooqdl/core.a(syscalls_sam3.c.o)
                0x00080260                _exit
 .text._kill    0x00080270        0x2 C:\Users\Josh\AppData\Local\Temp\VMicroBuilds\CodexHyperloopControlProject\UDOO_udoo_sam_udooqdl/core.a(syscalls_sam3.c.o)
                0x00080270                _kill
 .text._getpid  0x00080272        0x6 C:\Users\Josh\AppData\Local\Temp\VMicroBuilds\CodexHyperloopControlProject\UDOO_udoo_sam_udooqdl/core.a(syscalls_sam3.c.o)
                0x00080272                _getpid
 .text.initVariant
                0x00080278        0x2 C:\Users\Josh\AppData\Local\Temp\VMicroBuilds\CodexHyperloopControlProject\UDOO_udoo_sam_udooqdl/core.a(main.cpp.o)
                0x00080278                initVariant
 *fill*         0x0008027a        0x2 
 .text.startup.main
                0x0008027c       0x38 C:\Users\Josh\AppData\Local\Temp\VMicroBuilds\CodexHyperloopControlProject\UDOO_udoo_sam_udooqdl/core.a(main.cpp.o)
                0x0008027c                main
 .text.initiateReset
                0x000802b4        0xc C:\Users\Josh\AppData\Local\Temp\VMicroBuilds\CodexHyperloopControlProject\UDOO_udoo_sam_udooqdl/core.a(Reset.cpp.o)
                0x000802b4                initiateReset
 .text.cancelReset
                0x000802c0       0x10 C:\Users\Josh\AppData\Local\Temp\VMicroBuilds\CodexHyperloopControlProject\UDOO_udoo_sam_udooqdl/core.a(Reset.cpp.o)
                0x000802c0                cancelReset
 .text.tickReset
                0x000802d0       0x20 C:\Users\Josh\AppData\Local\Temp\VMicroBuilds\CodexHyperloopControlProject\UDOO_udoo_sam_udooqdl/core.a(Reset.cpp.o)
                0x000802d0                tickReset
 .text._watchdogDefaultSetup
                0x000802f0        0xc C:\Users\Josh\AppData\Local\Temp\VMicroBuilds\CodexHyperloopControlProject\UDOO_udoo_sam_udooqdl/core.a(watchdog.cpp.o)
                0x000802f0                _watchdogDefaultSetup
                0x000802f0                watchdogSetup()
 .text.unlikely._ZL11USB_SendZlpv
                0x000802fc       0x20 C:\Users\Josh\AppData\Local\Temp\VMicroBuilds\CodexHyperloopControlProject\UDOO_udoo_sam_udooqdl/core.a(USBCore.cpp.o)
 .text._Z14USBD_Availablem
                0x0008031c       0x2c C:\Users\Josh\AppData\Local\Temp\VMicroBuilds\CodexHyperloopControlProject\UDOO_udoo_sam_udooqdl/core.a(USBCore.cpp.o)
                0x0008031c                USBD_Available(unsigned long)
 .text._Z9USBD_RecvmPvm
                0x00080348       0x7c C:\Users\Josh\AppData\Local\Temp\VMicroBuilds\CodexHyperloopControlProject\UDOO_udoo_sam_udooqdl/core.a(USBCore.cpp.o)
                0x00080348                USBD_Recv(unsigned long, void*, unsigned long)
 .text._Z9USBD_Recvm
                0x000803c4       0x22 C:\Users\Josh\AppData\Local\Temp\VMicroBuilds\CodexHyperloopControlProject\UDOO_udoo_sam_udooqdl/core.a(USBCore.cpp.o)
                0x000803c4                USBD_Recv(unsigned long)
 *fill*         0x000803e6        0x2 
 .text._Z9USBD_SendmPKvm
                0x000803e8       0x4c C:\Users\Josh\AppData\Local\Temp\VMicroBuilds\CodexHyperloopControlProject\UDOO_udoo_sam_udooqdl/core.a(USBCore.cpp.o)
                0x000803e8                USBD_Send(unsigned long, void const*, unsigned long)
 .text._Z16USBD_SendControlhPKvm
                0x00080434       0x40 C:\Users\Josh\AppData\Local\Temp\VMicroBuilds\CodexHyperloopControlProject\UDOO_udoo_sam_udooqdl/core.a(USBCore.cpp.o)
                0x00080434                USBD_SendControl(unsigned char, void const*, unsigned long)
 .text.unlikely._ZL24USB_SendStringDescriptorPKhi
                0x00080474       0x64 C:\Users\Josh\AppData\Local\Temp\VMicroBuilds\CodexHyperloopControlProject\UDOO_udoo_sam_udooqdl/core.a(USBCore.cpp.o)
 .text._Z16USBD_RecvControlPvm
                0x000804d8       0x1c C:\Users\Josh\AppData\Local\Temp\VMicroBuilds\CodexHyperloopControlProject\UDOO_udoo_sam_udooqdl/core.a(USBCore.cpp.o)
                0x000804d8                USBD_RecvControl(void*, unsigned long)
 .text._Z26USBD_ClassInterfaceRequestR8USBSetup
                0x000804f4       0x1e C:\Users\Josh\AppData\Local\Temp\VMicroBuilds\CodexHyperloopControlProject\UDOO_udoo_sam_udooqdl/core.a(USBCore.cpp.o)
                0x000804f4                USBD_ClassInterfaceRequest(USBSetup&)
 .text._Z19USBD_SendInterfacesv
                0x00080512       0x22 C:\Users\Josh\AppData\Local\Temp\VMicroBuilds\CodexHyperloopControlProject\UDOO_udoo_sam_udooqdl/core.a(USBCore.cpp.o)
                0x00080512                USBD_SendInterfaces()
 .text._Z24USBD_SendOtherInterfacesv
                0x00080534       0x22 C:\Users\Josh\AppData\Local\Temp\VMicroBuilds\CodexHyperloopControlProject\UDOO_udoo_sam_udooqdl/core.a(USBCore.cpp.o)
                0x00080534                USBD_SendOtherInterfaces()
 .text._Z10USBD_Flushm
                0x00080556       0x16 C:\Users\Josh\AppData\Local\Temp\VMicroBuilds\CodexHyperloopControlProject\UDOO_udoo_sam_udooqdl/core.a(USBCore.cpp.o)
                0x00080556                USBD_Flush(unsigned long)
 .text._ZN10USBDevice_C2Ev
                0x0008056c       0x24 C:\Users\Josh\AppData\Local\Temp\VMicroBuilds\CodexHyperloopControlProject\UDOO_udoo_sam_udooqdl/core.a(USBCore.cpp.o)
                0x0008056c                USBDevice_::USBDevice_()
                0x0008056c                USBDevice_::USBDevice_()
 .text._ZN10USBDevice_6attachEv
                0x00080590       0x20 C:\Users\Josh\AppData\Local\Temp\VMicroBuilds\CodexHyperloopControlProject\UDOO_udoo_sam_udooqdl/core.a(USBCore.cpp.o)
                0x00080590                USBDevice_::attach()
 .text.startup._GLOBAL__sub_I_EndPoints
                0x000805b0        0xc C:\Users\Josh\AppData\Local\Temp\VMicroBuilds\CodexHyperloopControlProject\UDOO_udoo_sam_udooqdl/core.a(USBCore.cpp.o)
 .text._ZL7USB_ISRv
                0x000805bc      0x454 C:\Users\Josh\AppData\Local\Temp\VMicroBuilds\CodexHyperloopControlProject\UDOO_udoo_sam_udooqdl/core.a(USBCore.cpp.o)
 .text._Z11serialEventv
                0x00080a10        0x2 C:\Users\Josh\AppData\Local\Temp\VMicroBuilds\CodexHyperloopControlProject\UDOO_udoo_sam_udooqdl/core.a(variant.cpp.o)
                0x00080a10                serialEvent()
 *fill*         0x00080a12        0x2 
 .text.UART_Handler
                0x00080a14        0xc C:\Users\Josh\AppData\Local\Temp\VMicroBuilds\CodexHyperloopControlProject\UDOO_udoo_sam_udooqdl/core.a(variant.cpp.o)
                0x00080a14                UART_Handler
 .text._Z12serialEvent1v
                0x00080a20        0x2 C:\Users\Josh\AppData\Local\Temp\VMicroBuilds\CodexHyperloopControlProject\UDOO_udoo_sam_udooqdl/core.a(variant.cpp.o)
                0x00080a20                serialEvent1()
 .text._Z12serialEvent2v
                0x00080a22        0x2 C:\Users\Josh\AppData\Local\Temp\VMicroBuilds\CodexHyperloopControlProject\UDOO_udoo_sam_udooqdl/core.a(variant.cpp.o)
                0x00080a22                serialEvent2()
 .text._Z12serialEvent3v
                0x00080a24        0x2 C:\Users\Josh\AppData\Local\Temp\VMicroBuilds\CodexHyperloopControlProject\UDOO_udoo_sam_udooqdl/core.a(variant.cpp.o)
                0x00080a24                serialEvent3()
 *fill*         0x00080a26        0x2 
 .text.USART0_Handler
                0x00080a28        0xc C:\Users\Josh\AppData\Local\Temp\VMicroBuilds\CodexHyperloopControlProject\UDOO_udoo_sam_udooqdl/core.a(variant.cpp.o)
                0x00080a28                USART0_Handler
 .text.USART1_Handler
                0x00080a34        0xc C:\Users\Josh\AppData\Local\Temp\VMicroBuilds\CodexHyperloopControlProject\UDOO_udoo_sam_udooqdl/core.a(variant.cpp.o)
                0x00080a34                USART1_Handler
 .text.USART3_Handler
                0x00080a40        0xc C:\Users\Josh\AppData\Local\Temp\VMicroBuilds\CodexHyperloopControlProject\UDOO_udoo_sam_udooqdl/core.a(variant.cpp.o)
                0x00080a40                USART3_Handler
 .text.init     0x00080a4c      0x128 C:\Users\Josh\AppData\Local\Temp\VMicroBuilds\CodexHyperloopControlProject\UDOO_udoo_sam_udooqdl/core.a(variant.cpp.o)
                0x00080a4c                init
 .text.startup._GLOBAL__sub_I_g_APinDescription
                0x00080b74       0xd4 C:\Users\Josh\AppData\Local\Temp\VMicroBuilds\CodexHyperloopControlProject\UDOO_udoo_sam_udooqdl/core.a(variant.cpp.o)
 .text._Z14serialEventRunv
                0x00080c48       0x44 C:\Users\Josh\AppData\Local\Temp\VMicroBuilds\CodexHyperloopControlProject\UDOO_udoo_sam_udooqdl/core.a(variant.cpp.o)
                0x00080c48                serialEventRun()
 .text.delay    0x00080c8c       0x1c C:\Users\Josh\AppData\Local\Temp\VMicroBuilds\CodexHyperloopControlProject\UDOO_udoo_sam_udooqdl/core.a(wiring.c.o)
                0x00080c8c                delay
 .text.analogOutputInit
                0x00080ca8        0x2 C:\Users\Josh\AppData\Local\Temp\VMicroBuilds\CodexHyperloopControlProject\UDOO_udoo_sam_udooqdl/core.a(wiring_analog.c.o)
                0x00080ca8                analogOutputInit
 *fill*         0x00080caa        0x2 
 .text.pinMode  0x00080cac      0x108 C:\Users\Josh\AppData\Local\Temp\VMicroBuilds\CodexHyperloopControlProject\UDOO_udoo_sam_udooqdl/core.a(wiring_digital.c.o)
                0x00080cac                pinMode
 .text.digitalWrite
                0x00080db4       0x70 C:\Users\Josh\AppData\Local\Temp\VMicroBuilds\CodexHyperloopControlProject\UDOO_udoo_sam_udooqdl/core.a(wiring_digital.c.o)
                0x00080db4                digitalWrite
 .text._ZN10RingBufferC2Ev
                0x00080e24       0x1a C:\Users\Josh\AppData\Local\Temp\VMicroBuilds\CodexHyperloopControlProject\UDOO_udoo_sam_udooqdl/core.a(RingBuffer.cpp.o)
                0x00080e24                RingBuffer::RingBuffer()
                0x00080e24                RingBuffer::RingBuffer()
 .text._ZN10RingBuffer10store_charEh
                0x00080e3e       0x1e C:\Users\Josh\AppData\Local\Temp\VMicroBuilds\CodexHyperloopControlProject\UDOO_udoo_sam_udooqdl/core.a(RingBuffer.cpp.o)
                0x00080e3e                RingBuffer::store_char(unsigned char)
 .text._ZN9UARTClasscvbEv
                0x00080e5c        0x4 C:\Users\Josh\AppData\Local\Temp\VMicroBuilds\CodexHyperloopControlProject\UDOO_udoo_sam_udooqdl/core.a(UARTClass.cpp.o)
                0x00080e5c                UARTClass::operator bool()
 .text._ZN9UARTClass9availableEv
                0x00080e60       0x12 C:\Users\Josh\AppData\Local\Temp\VMicroBuilds\CodexHyperloopControlProject\UDOO_udoo_sam_udooqdl/core.a(UARTClass.cpp.o)
                0x00080e60                UARTClass::available()
 .text._ZN9UARTClass4peekEv
                0x00080e72       0x1c C:\Users\Josh\AppData\Local\Temp\VMicroBuilds\CodexHyperloopControlProject\UDOO_udoo_sam_udooqdl/core.a(UARTClass.cpp.o)
                0x00080e72                UARTClass::peek()
 .text._ZN9UARTClass4readEv
                0x00080e8e       0x2a C:\Users\Josh\AppData\Local\Temp\VMicroBuilds\CodexHyperloopControlProject\UDOO_udoo_sam_udooqdl/core.a(UARTClass.cpp.o)
                0x00080e8e                UARTClass::read()
 .text._ZN9UARTClass5flushEv
                0x00080eb8       0x18 C:\Users\Josh\AppData\Local\Temp\VMicroBuilds\CodexHyperloopControlProject\UDOO_udoo_sam_udooqdl/core.a(UARTClass.cpp.o)
                0x00080eb8                UARTClass::flush()
 .text._ZN9UARTClass5writeEh
                0x00080ed0       0x54 C:\Users\Josh\AppData\Local\Temp\VMicroBuilds\CodexHyperloopControlProject\UDOO_udoo_sam_udooqdl/core.a(UARTClass.cpp.o)
                0x00080ed0                UARTClass::write(unsigned char)
 .text._ZN9UARTClass3endEv
                0x00080f24       0x3c C:\Users\Josh\AppData\Local\Temp\VMicroBuilds\CodexHyperloopControlProject\UDOO_udoo_sam_udooqdl/core.a(UARTClass.cpp.o)
                0x00080f24                UARTClass::end()
 .text._ZN9UARTClassC2EP4Uart4IRQnmP10RingBufferS4_
                0x00080f60       0x24 C:\Users\Josh\AppData\Local\Temp\VMicroBuilds\CodexHyperloopControlProject\UDOO_udoo_sam_udooqdl/core.a(UARTClass.cpp.o)
                0x00080f60                UARTClass::UARTClass(Uart*, IRQn, unsigned long, RingBuffer*, RingBuffer*)
                0x00080f60                UARTClass::UARTClass(Uart*, IRQn, unsigned long, RingBuffer*, RingBuffer*)
 .text._ZN9UARTClass4initEmm
                0x00080f84       0x70 C:\Users\Josh\AppData\Local\Temp\VMicroBuilds\CodexHyperloopControlProject\UDOO_udoo_sam_udooqdl/core.a(UARTClass.cpp.o)
                0x00080f84                UARTClass::init(unsigned long, unsigned long)
 .text._ZN9UARTClass5beginEm
                0x00080ff4        0x8 C:\Users\Josh\AppData\Local\Temp\VMicroBuilds\CodexHyperloopControlProject\UDOO_udoo_sam_udooqdl/core.a(UARTClass.cpp.o)
                0x00080ff4                UARTClass::begin(unsigned long)
 .text._ZN9UARTClass10IrqHandlerEv
                0x00080ffc       0x5a C:\Users\Josh\AppData\Local\Temp\VMicroBuilds\CodexHyperloopControlProject\UDOO_udoo_sam_udooqdl/core.a(UARTClass.cpp.o)
                0x00080ffc                UARTClass::IrqHandler()
 .text._ZN10USARTClass5beginEm
                0x00081056        0x8 C:\Users\Josh\AppData\Local\Temp\VMicroBuilds\CodexHyperloopControlProject\UDOO_udoo_sam_udooqdl/core.a(USARTClass.cpp.o)
                0x00081056                USARTClass::begin(unsigned long)
 *fill*         0x0008105e        0x2 
 .text._ZN10USARTClassC2EP5Usart4IRQnmP10RingBufferS4_
                0x00081060       0x24 C:\Users\Josh\AppData\Local\Temp\VMicroBuilds\CodexHyperloopControlProject\UDOO_udoo_sam_udooqdl/core.a(USARTClass.cpp.o)
                0x00081060                USARTClass::USARTClass(Usart*, IRQn, unsigned long, RingBuffer*, RingBuffer*)
                0x00081060                USARTClass::USARTClass(Usart*, IRQn, unsigned long, RingBuffer*, RingBuffer*)
 .text._ZN7Serial_9availableEv
                0x00081084       0x18 C:\Users\Josh\AppData\Local\Temp\VMicroBuilds\CodexHyperloopControlProject\UDOO_udoo_sam_udooqdl/core.a(CDC.cpp.o)
                0x00081084                Serial_::available()
 .text._ZN7Serial_4peekEv
                0x0008109c       0x20 C:\Users\Josh\AppData\Local\Temp\VMicroBuilds\CodexHyperloopControlProject\UDOO_udoo_sam_udooqdl/core.a(CDC.cpp.o)
                0x0008109c                Serial_::peek()
 .text._ZN7Serial_5writeEh
                0x000810bc       0x16 C:\Users\Josh\AppData\Local\Temp\VMicroBuilds\CodexHyperloopControlProject\UDOO_udoo_sam_udooqdl/core.a(CDC.cpp.o)
                0x000810bc                Serial_::write(unsigned char)
 *fill*         0x000810d2        0x2 
 .text._ZN7Serial_4readEv
                0x000810d4       0x44 C:\Users\Josh\AppData\Local\Temp\VMicroBuilds\CodexHyperloopControlProject\UDOO_udoo_sam_udooqdl/core.a(CDC.cpp.o)
                0x000810d4                Serial_::read()
 .text._ZN7Serial_5flushEv
                0x00081118        0x6 C:\Users\Josh\AppData\Local\Temp\VMicroBuilds\CodexHyperloopControlProject\UDOO_udoo_sam_udooqdl/core.a(CDC.cpp.o)
                0x00081118                Serial_::flush()
 *fill*         0x0008111e        0x2 
 .text._ZN7Serial_6acceptEv
                0x00081120       0x70 C:\Users\Josh\AppData\Local\Temp\VMicroBuilds\CodexHyperloopControlProject\UDOO_udoo_sam_udooqdl/core.a(CDC.cpp.o)
                0x00081120                Serial_::accept()
 .text._ZN7Serial_5writeEPKhj
                0x00081190       0x2c C:\Users\Josh\AppData\Local\Temp\VMicroBuilds\CodexHyperloopControlProject\UDOO_udoo_sam_udooqdl/core.a(CDC.cpp.o)
                0x00081190                Serial_::write(unsigned char const*, unsigned int)
 .text._Z16CDC_GetInterfacePh
                0x000811bc       0x14 C:\Users\Josh\AppData\Local\Temp\VMicroBuilds\CodexHyperloopControlProject\UDOO_udoo_sam_udooqdl/core.a(CDC.cpp.o)
                0x000811bc                CDC_GetInterface(unsigned char*)
 .text._Z21CDC_GetOtherInterfacePh
                0x000811d0       0x14 C:\Users\Josh\AppData\Local\Temp\VMicroBuilds\CodexHyperloopControlProject\UDOO_udoo_sam_udooqdl/core.a(CDC.cpp.o)
                0x000811d0                CDC_GetOtherInterface(unsigned char*)
 .text._Z9CDC_SetupR8USBSetup
                0x000811e4       0x78 C:\Users\Josh\AppData\Local\Temp\VMicroBuilds\CodexHyperloopControlProject\UDOO_udoo_sam_udooqdl/core.a(CDC.cpp.o)
                0x000811e4                CDC_Setup(USBSetup&)
 .text.startup._GLOBAL__sub_I_cdc_rx_buffer
                0x0008125c       0x1c C:\Users\Josh\AppData\Local\Temp\VMicroBuilds\CodexHyperloopControlProject\UDOO_udoo_sam_udooqdl/core.a(CDC.cpp.o)
 .text._ZN13PluggableUSB_12getInterfaceEPh
                0x00081278       0x28 C:\Users\Josh\AppData\Local\Temp\VMicroBuilds\CodexHyperloopControlProject\UDOO_udoo_sam_udooqdl/core.a(PluggableUSB.cpp.o)
                0x00081278                PluggableUSB_::getInterface(unsigned char*)
 .text._ZN13PluggableUSB_13getDescriptorER8USBSetup
                0x000812a0       0x1c C:\Users\Josh\AppData\Local\Temp\VMicroBuilds\CodexHyperloopControlProject\UDOO_udoo_sam_udooqdl/core.a(PluggableUSB.cpp.o)
                0x000812a0                PluggableUSB_::getDescriptor(USBSetup&)
 .text._ZN13PluggableUSB_12getShortNameEPc
                0x000812bc       0x1c C:\Users\Josh\AppData\Local\Temp\VMicroBuilds\CodexHyperloopControlProject\UDOO_udoo_sam_udooqdl/core.a(PluggableUSB.cpp.o)
                0x000812bc                PluggableUSB_::getShortName(char*)
 .text._ZN13PluggableUSB_5setupER8USBSetup
                0x000812d8       0x20 C:\Users\Josh\AppData\Local\Temp\VMicroBuilds\CodexHyperloopControlProject\UDOO_udoo_sam_udooqdl/core.a(PluggableUSB.cpp.o)
                0x000812d8                PluggableUSB_::setup(USBSetup&)
 .text._Z12PluggableUSBv
                0x000812f8       0x28 C:\Users\Josh\AppData\Local\Temp\VMicroBuilds\CodexHyperloopControlProject\UDOO_udoo_sam_udooqdl/core.a(PluggableUSB.cpp.o)
                0x000812f8                PluggableUSB()
 .text._ZN5Print5writeEPKhj
                0x00081320       0x22 C:\Users\Josh\AppData\Local\Temp\VMicroBuilds\CodexHyperloopControlProject\UDOO_udoo_sam_udooqdl/core.a(Print.cpp.o)
                0x00081320                Print::write(unsigned char const*, unsigned int)
 .text.PIO_PullUp
                0x00081342        0xa C:\Users\Josh\AppData\Local\arduino15\packages\UDOO\hardware\sam\1.6.6-00020-g250f7ba\variants\udooqdl/libsam_sam3x8e_gcc_rel.a(pio.o)
                0x00081342                PIO_PullUp
 .text.PIO_SetPeripheral
                0x0008134c       0x26 C:\Users\Josh\AppData\Local\arduino15\packages\UDOO\hardware\sam\1.6.6-00020-g250f7ba\variants\udooqdl/libsam_sam3x8e_gcc_rel.a(pio.o)
                0x0008134c                PIO_SetPeripheral
 .text.PIO_SetInput
                0x00081372       0x26 C:\Users\Josh\AppData\Local\arduino15\packages\UDOO\hardware\sam\1.6.6-00020-g250f7ba\variants\udooqdl/libsam_sam3x8e_gcc_rel.a(pio.o)
                0x00081372                PIO_SetInput
 .text.PIO_SetOutput
                0x00081398       0x24 C:\Users\Josh\AppData\Local\arduino15\packages\UDOO\hardware\sam\1.6.6-00020-g250f7ba\variants\udooqdl/libsam_sam3x8e_gcc_rel.a(pio.o)
                0x00081398                PIO_SetOutput
 .text.PIO_Configure
                0x000813bc       0x64 C:\Users\Josh\AppData\Local\arduino15\packages\UDOO\hardware\sam\1.6.6-00020-g250f7ba\variants\udooqdl/libsam_sam3x8e_gcc_rel.a(pio.o)
                0x000813bc                PIO_Configure
 .text.PIO_GetOutputDataStatus
                0x00081420       0x14 C:\Users\Josh\AppData\Local\arduino15\packages\UDOO\hardware\sam\1.6.6-00020-g250f7ba\variants\udooqdl/libsam_sam3x8e_gcc_rel.a(pio.o)
                0x00081420                PIO_GetOutputDataStatus
 .text.pmc_enable_upll_clock
                0x00081434       0x14 C:\Users\Josh\AppData\Local\arduino15\packages\UDOO\hardware\sam\1.6.6-00020-g250f7ba\variants\udooqdl/libsam_sam3x8e_gcc_rel.a(pmc.o)
                0x00081434                pmc_enable_upll_clock
 .text.pmc_enable_periph_clk
                0x00081448       0x44 C:\Users\Josh\AppData\Local\arduino15\packages\UDOO\hardware\sam\1.6.6-00020-g250f7ba\variants\udooqdl/libsam_sam3x8e_gcc_rel.a(pmc.o)
                0x00081448                pmc_enable_periph_clk
 .text.pmc_disable_periph_clk
                0x0008148c       0x40 C:\Users\Josh\AppData\Local\arduino15\packages\UDOO\hardware\sam\1.6.6-00020-g250f7ba\variants\udooqdl/libsam_sam3x8e_gcc_rel.a(pmc.o)
                0x0008148c                pmc_disable_periph_clk
 .text.pmc_switch_udpck_to_upllck
                0x000814cc       0x14 C:\Users\Josh\AppData\Local\arduino15\packages\UDOO\hardware\sam\1.6.6-00020-g250f7ba\variants\udooqdl/libsam_sam3x8e_gcc_rel.a(pmc.o)
                0x000814cc                pmc_switch_udpck_to_upllck
 .text.pmc_enable_udpck
                0x000814e0        0xc C:\Users\Josh\AppData\Local\arduino15\packages\UDOO\hardware\sam\1.6.6-00020-g250f7ba\variants\udooqdl/libsam_sam3x8e_gcc_rel.a(pmc.o)
                0x000814e0                pmc_enable_udpck
 .text.TimeTick_Increment
                0x000814ec       0x10 C:\Users\Josh\AppData\Local\arduino15\packages\UDOO\hardware\sam\1.6.6-00020-g250f7ba\variants\udooqdl/libsam_sam3x8e_gcc_rel.a(timetick.o)
                0x000814ec                TimeTick_Increment
 .text.GetTickCount
                0x000814fc        0xc C:\Users\Josh\AppData\Local\arduino15\packages\UDOO\hardware\sam\1.6.6-00020-g250f7ba\variants\udooqdl/libsam_sam3x8e_gcc_rel.a(timetick.o)
                0x000814fc                GetTickCount
 .text.WDT_Disable
                0x00081508        0x8 C:\Users\Josh\AppData\Local\arduino15\packages\UDOO\hardware\sam\1.6.6-00020-g250f7ba\variants\udooqdl/libsam_sam3x8e_gcc_rel.a(wdt.o)
                0x00081508                WDT_Disable
 .text.SystemInit
                0x00081510       0x88 C:\Users\Josh\AppData\Local\arduino15\packages\UDOO\hardware\sam\1.6.6-00020-g250f7ba\variants\udooqdl/libsam_sam3x8e_gcc_rel.a(system_sam3xa.o)
                0x00081510                SystemInit
 .text.adc_init
                0x00081598       0x98 C:\Users\Josh\AppData\Local\arduino15\packages\UDOO\hardware\sam\1.6.6-00020-g250f7ba\variants\udooqdl/libsam_sam3x8e_gcc_rel.a(adc.o)
                0x00081598                adc_init
 .text.adc_configure_trigger
                0x00081630        0xe C:\Users\Josh\AppData\Local\arduino15\packages\UDOO\hardware\sam\1.6.6-00020-g250f7ba\variants\udooqdl/libsam_sam3x8e_gcc_rel.a(adc.o)
                0x00081630                adc_configure_trigger
 .text.adc_configure_timing
                0x0008163e       0x1a C:\Users\Josh\AppData\Local\arduino15\packages\UDOO\hardware\sam\1.6.6-00020-g250f7ba\variants\udooqdl/libsam_sam3x8e_gcc_rel.a(adc.o)
                0x0008163e                adc_configure_timing
 .text.adc_disable_channel
                0x00081658        0xa C:\Users\Josh\AppData\Local\arduino15\packages\UDOO\hardware\sam\1.6.6-00020-g250f7ba\variants\udooqdl/libsam_sam3x8e_gcc_rel.a(adc.o)
                0x00081658                adc_disable_channel
 .text.adc_disable_all_channel
                0x00081662        0x8 C:\Users\Josh\AppData\Local\arduino15\packages\UDOO\hardware\sam\1.6.6-00020-g250f7ba\variants\udooqdl/libsam_sam3x8e_gcc_rel.a(adc.o)
                0x00081662                adc_disable_all_channel
 .text.adc_disable_interrupt
                0x0008166a        0x4 C:\Users\Josh\AppData\Local\arduino15\packages\UDOO\hardware\sam\1.6.6-00020-g250f7ba\variants\udooqdl/libsam_sam3x8e_gcc_rel.a(adc.o)
                0x0008166a                adc_disable_interrupt
 *fill*         0x0008166e        0x2 
 .text.UDD_SetStack
                0x00081670        0xc C:\Users\Josh\AppData\Local\arduino15\packages\UDOO\hardware\sam\1.6.6-00020-g250f7ba\variants\udooqdl/libsam_sam3x8e_gcc_rel.a(uotghs_device.o)
                0x00081670                UDD_SetStack
 .text.UDD_Init
                0x0008167c       0xd0 C:\Users\Josh\AppData\Local\arduino15\packages\UDOO\hardware\sam\1.6.6-00020-g250f7ba\variants\udooqdl/libsam_sam3x8e_gcc_rel.a(uotghs_device.o)
                0x0008167c                UDD_Init
 .text.UDD_Attach
                0x0008174c       0x50 C:\Users\Josh\AppData\Local\arduino15\packages\UDOO\hardware\sam\1.6.6-00020-g250f7ba\variants\udooqdl/libsam_sam3x8e_gcc_rel.a(uotghs_device.o)
                0x0008174c                UDD_Attach
 .text.UDD_InitEP
                0x0008179c       0x2c C:\Users\Josh\AppData\Local\arduino15\packages\UDOO\hardware\sam\1.6.6-00020-g250f7ba\variants\udooqdl/libsam_sam3x8e_gcc_rel.a(uotghs_device.o)
                0x0008179c                UDD_InitEP
 .text.UDD_InitEndpoints
                0x000817c8       0x3c C:\Users\Josh\AppData\Local\arduino15\packages\UDOO\hardware\sam\1.6.6-00020-g250f7ba\variants\udooqdl/libsam_sam3x8e_gcc_rel.a(uotghs_device.o)
                0x000817c8                UDD_InitEndpoints
 .text.UDD_WaitIN
                0x00081804       0x10 C:\Users\Josh\AppData\Local\arduino15\packages\UDOO\hardware\sam\1.6.6-00020-g250f7ba\variants\udooqdl/libsam_sam3x8e_gcc_rel.a(uotghs_device.o)
                0x00081804                UDD_WaitIN
 .text.UDD_WaitOUT
                0x00081814       0x10 C:\Users\Josh\AppData\Local\arduino15\packages\UDOO\hardware\sam\1.6.6-00020-g250f7ba\variants\udooqdl/libsam_sam3x8e_gcc_rel.a(uotghs_device.o)
                0x00081814                UDD_WaitOUT
 .text.UDD_ClearIN
                0x00081824       0x18 C:\Users\Josh\AppData\Local\arduino15\packages\UDOO\hardware\sam\1.6.6-00020-g250f7ba\variants\udooqdl/libsam_sam3x8e_gcc_rel.a(uotghs_device.o)
                0x00081824                UDD_ClearIN
 .text.UDD_ClearOUT
                0x0008183c       0x18 C:\Users\Josh\AppData\Local\arduino15\packages\UDOO\hardware\sam\1.6.6-00020-g250f7ba\variants\udooqdl/libsam_sam3x8e_gcc_rel.a(uotghs_device.o)
                0x0008183c                UDD_ClearOUT
 .text.UDD_ReceivedSetupInt
                0x00081854       0x10 C:\Users\Josh\AppData\Local\arduino15\packages\UDOO\hardware\sam\1.6.6-00020-g250f7ba\variants\udooqdl/libsam_sam3x8e_gcc_rel.a(uotghs_device.o)
                0x00081854                UDD_ReceivedSetupInt
 .text.UDD_ClearSetupInt
                0x00081864       0x10 C:\Users\Josh\AppData\Local\arduino15\packages\UDOO\hardware\sam\1.6.6-00020-g250f7ba\variants\udooqdl/libsam_sam3x8e_gcc_rel.a(uotghs_device.o)
                0x00081864                UDD_ClearSetupInt
 .text.UDD_Send
                0x00081874       0x88 C:\Users\Josh\AppData\Local\arduino15\packages\UDOO\hardware\sam\1.6.6-00020-g250f7ba\variants\udooqdl/libsam_sam3x8e_gcc_rel.a(uotghs_device.o)
                0x00081874                UDD_Send
 .text.UDD_Send8
                0x000818fc       0x24 C:\Users\Josh\AppData\Local\arduino15\packages\UDOO\hardware\sam\1.6.6-00020-g250f7ba\variants\udooqdl/libsam_sam3x8e_gcc_rel.a(uotghs_device.o)
                0x000818fc                UDD_Send8
 .text.UDD_Recv8
                0x00081920       0x28 C:\Users\Josh\AppData\Local\arduino15\packages\UDOO\hardware\sam\1.6.6-00020-g250f7ba\variants\udooqdl/libsam_sam3x8e_gcc_rel.a(uotghs_device.o)
                0x00081920                UDD_Recv8
 .text.UDD_Recv
                0x00081948       0x34 C:\Users\Josh\AppData\Local\arduino15\packages\UDOO\hardware\sam\1.6.6-00020-g250f7ba\variants\udooqdl/libsam_sam3x8e_gcc_rel.a(uotghs_device.o)
                0x00081948                UDD_Recv
 .text.UDD_Stall
                0x0008197c       0x14 C:\Users\Josh\AppData\Local\arduino15\packages\UDOO\hardware\sam\1.6.6-00020-g250f7ba\variants\udooqdl/libsam_sam3x8e_gcc_rel.a(uotghs_device.o)
                0x0008197c                UDD_Stall
 .text.UDD_FifoByteCount
                0x00081990       0x14 C:\Users\Josh\AppData\Local\arduino15\packages\UDOO\hardware\sam\1.6.6-00020-g250f7ba\variants\udooqdl/libsam_sam3x8e_gcc_rel.a(uotghs_device.o)
                0x00081990                UDD_FifoByteCount
 .text.UDD_ReleaseRX
                0x000819a4       0x28 C:\Users\Josh\AppData\Local\arduino15\packages\UDOO\hardware\sam\1.6.6-00020-g250f7ba\variants\udooqdl/libsam_sam3x8e_gcc_rel.a(uotghs_device.o)
                0x000819a4                UDD_ReleaseRX
 .text.UDD_ReleaseTX
                0x000819cc       0x28 C:\Users\Josh\AppData\Local\arduino15\packages\UDOO\hardware\sam\1.6.6-00020-g250f7ba\variants\udooqdl/libsam_sam3x8e_gcc_rel.a(uotghs_device.o)
                0x000819cc                UDD_ReleaseTX
 .text.UDD_SetAddress
                0x000819f4       0x20 C:\Users\Josh\AppData\Local\arduino15\packages\UDOO\hardware\sam\1.6.6-00020-g250f7ba\variants\udooqdl/libsam_sam3x8e_gcc_rel.a(uotghs_device.o)
                0x000819f4                UDD_SetAddress
 .text.__libc_init_array
                0x00081a14       0x50 c:/users/josh/appdata/local/arduino15/packages/arduino/tools/arm-none-eabi-gcc/4.8.3-2014q1/bin/../lib/gcc/arm-none-eabi/4.8.3/../../../../arm-none-eabi/lib/armv7-m\libg.a(lib_a-init.o)
                0x00081a14                __libc_init_array
 .text.iprintf  0x00081a64       0x28 c:/users/josh/appdata/local/arduino15/packages/arduino/tools/arm-none-eabi-gcc/4.8.3-2014q1/bin/../lib/gcc/arm-none-eabi/4.8.3/../../../../arm-none-eabi/lib/armv7-m\libg.a(lib_a-iprintf.o)
                0x00081a64                iprintf
 .text.memset   0x00081a8c       0x94 c:/users/josh/appdata/local/arduino15/packages/arduino/tools/arm-none-eabi-gcc/4.8.3-2014q1/bin/../lib/gcc/arm-none-eabi/4.8.3/../../../../arm-none-eabi/lib/armv7-m\libg.a(lib_a-memset.o)
                0x00081a8c                memset
 .text.strlen   0x00081b20       0x60 c:/users/josh/appdata/local/arduino15/packages/arduino/tools/arm-none-eabi-gcc/4.8.3-2014q1/bin/../lib/gcc/arm-none-eabi/4.8.3/../../../../arm-none-eabi/lib/armv7-m\libg.a(lib_a-strlen.o)
                0x00081b20                strlen
 .text.kill     0x00081b80       0x10 c:/users/josh/appdata/local/arduino15/packages/arduino/tools/arm-none-eabi-gcc/4.8.3-2014q1/bin/../lib/gcc/arm-none-eabi/4.8.3/../../../../arm-none-eabi/lib/armv7-m\libg.a(lib_a-syskill.o)
                0x00081b80                kill
 .text.__sprint_r.part.0
                0x00081b90       0x78 c:/users/josh/appdata/local/arduino15/packages/arduino/tools/arm-none-eabi-gcc/4.8.3-2014q1/bin/../lib/gcc/arm-none-eabi/4.8.3/../../../../arm-none-eabi/lib/armv7-m\libg.a(lib_a-vfiprintf.o)
 .text._vfiprintf_r
                0x00081c08      0xc54 c:/users/josh/appdata/local/arduino15/packages/arduino/tools/arm-none-eabi-gcc/4.8.3-2014q1/bin/../lib/gcc/arm-none-eabi/4.8.3/../../../../arm-none-eabi/lib/armv7-m\libg.a(lib_a-vfiprintf.o)
                0x00081c08                _vfiprintf_r
 .text.__sbprintf
                0x0008285c       0x7c c:/users/josh/appdata/local/arduino15/packages/arduino/tools/arm-none-eabi-gcc/4.8.3-2014q1/bin/../lib/gcc/arm-none-eabi/4.8.3/../../../../arm-none-eabi/lib/armv7-m\libg.a(lib_a-vfiprintf.o)
 .text.__swsetup_r
                0x000828d8       0xc4 c:/users/josh/appdata/local/arduino15/packages/arduino/tools/arm-none-eabi-gcc/4.8.3-2014q1/bin/../lib/gcc/arm-none-eabi/4.8.3/../../../../arm-none-eabi/lib/armv7-m\libg.a(lib_a-wsetup.o)
                0x000828d8                __swsetup_r
 .text.startup.register_fini
                0x0008299c       0x14 c:/users/josh/appdata/local/arduino15/packages/arduino/tools/arm-none-eabi-gcc/4.8.3-2014q1/bin/../lib/gcc/arm-none-eabi/4.8.3/../../../../arm-none-eabi/lib/armv7-m\libg.a(lib_a-__call_atexit.o)
 .text.atexit   0x000829b0        0xc c:/users/josh/appdata/local/arduino15/packages/arduino/tools/arm-none-eabi-gcc/4.8.3-2014q1/bin/../lib/gcc/arm-none-eabi/4.8.3/../../../../arm-none-eabi/lib/armv7-m\libg.a(lib_a-atexit.o)
                0x000829b0                atexit
 .text.__sflush_r
                0x000829bc      0x148 c:/users/josh/appdata/local/arduino15/packages/arduino/tools/arm-none-eabi-gcc/4.8.3-2014q1/bin/../lib/gcc/arm-none-eabi/4.8.3/../../../../arm-none-eabi/lib/armv7-m\libg.a(lib_a-fflush.o)
                0x000829bc                __sflush_r
 .text._fflush_r
                0x00082b04       0x2c c:/users/josh/appdata/local/arduino15/packages/arduino/tools/arm-none-eabi-gcc/4.8.3-2014q1/bin/../lib/gcc/arm-none-eabi/4.8.3/../../../../arm-none-eabi/lib/armv7-m\libg.a(lib_a-fflush.o)
                0x00082b04                _fflush_r
 .text._cleanup_r
                0x00082b30        0xc c:/users/josh/appdata/local/arduino15/packages/arduino/tools/arm-none-eabi-gcc/4.8.3-2014q1/bin/../lib/gcc/arm-none-eabi/4.8.3/../../../../arm-none-eabi/lib/armv7-m\libg.a(lib_a-findfp.o)
                0x00082b30                _cleanup_r
 .text.__sinit  0x00082b3c       0xf4 c:/users/josh/appdata/local/arduino15/packages/arduino/tools/arm-none-eabi-gcc/4.8.3-2014q1/bin/../lib/gcc/arm-none-eabi/4.8.3/../../../../arm-none-eabi/lib/armv7-m\libg.a(lib_a-findfp.o)
                0x00082b3c                __sinit
 .text.__sfp_lock_acquire
                0x00082c30        0x4 c:/users/josh/appdata/local/arduino15/packages/arduino/tools/arm-none-eabi-gcc/4.8.3-2014q1/bin/../lib/gcc/arm-none-eabi/4.8.3/../../../../arm-none-eabi/lib/armv7-m\libg.a(lib_a-findfp.o)
                0x00082c30                __sfp_lock_acquire
 .text.__sfp_lock_release
                0x00082c34        0x4 c:/users/josh/appdata/local/arduino15/packages/arduino/tools/arm-none-eabi-gcc/4.8.3-2014q1/bin/../lib/gcc/arm-none-eabi/4.8.3/../../../../arm-none-eabi/lib/armv7-m\libg.a(lib_a-findfp.o)
                0x00082c34                __sfp_lock_release
 .text.__libc_fini_array
                0x00082c38       0x30 c:/users/josh/appdata/local/arduino15/packages/arduino/tools/arm-none-eabi-gcc/4.8.3-2014q1/bin/../lib/gcc/arm-none-eabi/4.8.3/../../../../arm-none-eabi/lib/armv7-m\libg.a(lib_a-fini.o)
                0x00082c38                __libc_fini_array
 .text._fputwc_r
                0x00082c68       0xc0 c:/users/josh/appdata/local/arduino15/packages/arduino/tools/arm-none-eabi-gcc/4.8.3-2014q1/bin/../lib/gcc/arm-none-eabi/4.8.3/../../../../arm-none-eabi/lib/armv7-m\libg.a(lib_a-fputwc.o)
                0x00082c68                _fputwc_r
 .text._malloc_trim_r
                0x00082d28       0x9c c:/users/josh/appdata/local/arduino15/packages/arduino/tools/arm-none-eabi-gcc/4.8.3-2014q1/bin/../lib/gcc/arm-none-eabi/4.8.3/../../../../arm-none-eabi/lib/armv7-m\libg.a(lib_a-freer.o)
                0x00082d28                _malloc_trim_r
 .text._free_r  0x00082dc4      0x198 c:/users/josh/appdata/local/arduino15/packages/arduino/tools/arm-none-eabi-gcc/4.8.3-2014q1/bin/../lib/gcc/arm-none-eabi/4.8.3/../../../../arm-none-eabi/lib/armv7-m\libg.a(lib_a-freer.o)
                0x00082dc4                _free_r
 .text.__sfvwrite_r
                0x00082f5c      0x314 c:/users/josh/appdata/local/arduino15/packages/arduino/tools/arm-none-eabi-gcc/4.8.3-2014q1/bin/../lib/gcc/arm-none-eabi/4.8.3/../../../../arm-none-eabi/lib/armv7-m\libg.a(lib_a-fvwrite.o)
                0x00082f5c                __sfvwrite_r
 .text._fwalk   0x00083270       0x48 c:/users/josh/appdata/local/arduino15/packages/arduino/tools/arm-none-eabi-gcc/4.8.3-2014q1/bin/../lib/gcc/arm-none-eabi/4.8.3/../../../../arm-none-eabi/lib/armv7-m\libg.a(lib_a-fwalk.o)
                0x00083270                _fwalk
 .text.__locale_charset
                0x000832b8        0x8 c:/users/josh/appdata/local/arduino15/packages/arduino/tools/arm-none-eabi-gcc/4.8.3-2014q1/bin/../lib/gcc/arm-none-eabi/4.8.3/../../../../arm-none-eabi/lib/armv7-m\libg.a(lib_a-locale.o)
                0x000832b8                __locale_charset
 .text.__locale_mb_cur_max
                0x000832c0        0xc c:/users/josh/appdata/local/arduino15/packages/arduino/tools/arm-none-eabi-gcc/4.8.3-2014q1/bin/../lib/gcc/arm-none-eabi/4.8.3/../../../../arm-none-eabi/lib/armv7-m\libg.a(lib_a-locale.o)
                0x000832c0                __locale_mb_cur_max
 .text.__smakebuf_r
                0x000832cc       0xe0 c:/users/josh/appdata/local/arduino15/packages/arduino/tools/arm-none-eabi-gcc/4.8.3-2014q1/bin/../lib/gcc/arm-none-eabi/4.8.3/../../../../arm-none-eabi/lib/armv7-m\libg.a(lib_a-makebuf.o)
                0x000832cc                __smakebuf_r
 .text._malloc_r
                0x000833ac      0x538 c:/users/josh/appdata/local/arduino15/packages/arduino/tools/arm-none-eabi-gcc/4.8.3-2014q1/bin/../lib/gcc/arm-none-eabi/4.8.3/../../../../arm-none-eabi/lib/armv7-m\libg.a(lib_a-mallocr.o)
                0x000833ac                _malloc_r
 .text.memchr   0x000838e4       0x94 c:/users/josh/appdata/local/arduino15/packages/arduino/tools/arm-none-eabi-gcc/4.8.3-2014q1/bin/../lib/gcc/arm-none-eabi/4.8.3/../../../../arm-none-eabi/lib/armv7-m\libg.a(lib_a-memchr-stub.o)
                0x000838e4                memchr
 .text          0x00083978       0xec c:/users/josh/appdata/local/arduino15/packages/arduino/tools/arm-none-eabi-gcc/4.8.3-2014q1/bin/../lib/gcc/arm-none-eabi/4.8.3/../../../../arm-none-eabi/lib/armv7-m\libg.a(lib_a-memcpy.o)
                0x00083978                memcpy
 .text.memmove  0x00083a64       0xcc c:/users/josh/appdata/local/arduino15/packages/arduino/tools/arm-none-eabi-gcc/4.8.3-2014q1/bin/../lib/gcc/arm-none-eabi/4.8.3/../../../../arm-none-eabi/lib/armv7-m\libg.a(lib_a-memmove.o)
                0x00083a64                memmove
 .text.__malloc_lock
                0x00083b30        0x4 c:/users/josh/appdata/local/arduino15/packages/arduino/tools/arm-none-eabi-gcc/4.8.3-2014q1/bin/../lib/gcc/arm-none-eabi/4.8.3/../../../../arm-none-eabi/lib/armv7-m\libg.a(lib_a-mlock.o)
                0x00083b30                __malloc_lock
 .text.__malloc_unlock
                0x00083b34        0x4 c:/users/josh/appdata/local/arduino15/packages/arduino/tools/arm-none-eabi-gcc/4.8.3-2014q1/bin/../lib/gcc/arm-none-eabi/4.8.3/../../../../arm-none-eabi/lib/armv7-m\libg.a(lib_a-mlock.o)
                0x00083b34                __malloc_unlock
 .text._realloc_r
                0x00083b38      0x3c0 c:/users/josh/appdata/local/arduino15/packages/arduino/tools/arm-none-eabi-gcc/4.8.3-2014q1/bin/../lib/gcc/arm-none-eabi/4.8.3/../../../../arm-none-eabi/lib/armv7-m\libg.a(lib_a-reallocr.o)
                0x00083b38                _realloc_r
 .text._sbrk_r  0x00083ef8       0x24 c:/users/josh/appdata/local/arduino15/packages/arduino/tools/arm-none-eabi-gcc/4.8.3-2014q1/bin/../lib/gcc/arm-none-eabi/4.8.3/../../../../arm-none-eabi/lib/armv7-m\libg.a(lib_a-sbrkr.o)
                0x00083ef8                _sbrk_r
 .text._kill_r  0x00083f1c       0x28 c:/users/josh/appdata/local/arduino15/packages/arduino/tools/arm-none-eabi-gcc/4.8.3-2014q1/bin/../lib/gcc/arm-none-eabi/4.8.3/../../../../arm-none-eabi/lib/armv7-m\libg.a(lib_a-signalr.o)
                0x00083f1c                _kill_r
 .text.__sread  0x00083f44       0x24 c:/users/josh/appdata/local/arduino15/packages/arduino/tools/arm-none-eabi-gcc/4.8.3-2014q1/bin/../lib/gcc/arm-none-eabi/4.8.3/../../../../arm-none-eabi/lib/armv7-m\libg.a(lib_a-stdio.o)
                0x00083f44                __sread
 .text.__swrite
                0x00083f68       0x38 c:/users/josh/appdata/local/arduino15/packages/arduino/tools/arm-none-eabi-gcc/4.8.3-2014q1/bin/../lib/gcc/arm-none-eabi/4.8.3/../../../../arm-none-eabi/lib/armv7-m\libg.a(lib_a-stdio.o)
                0x00083f68                __swrite
 .text.__sseek  0x00083fa0       0x20 c:/users/josh/appdata/local/arduino15/packages/arduino/tools/arm-none-eabi-gcc/4.8.3-2014q1/bin/../lib/gcc/arm-none-eabi/4.8.3/../../../../arm-none-eabi/lib/armv7-m\libg.a(lib_a-stdio.o)
                0x00083fa0                __sseek
 .text.__sclose
                0x00083fc0        0x8 c:/users/josh/appdata/local/arduino15/packages/arduino/tools/arm-none-eabi-gcc/4.8.3-2014q1/bin/../lib/gcc/arm-none-eabi/4.8.3/../../../../arm-none-eabi/lib/armv7-m\libg.a(lib_a-stdio.o)
                0x00083fc0                __sclose
 .text.__swbuf_r
                0x00083fc8       0xa8 c:/users/josh/appdata/local/arduino15/packages/arduino/tools/arm-none-eabi-gcc/4.8.3-2014q1/bin/../lib/gcc/arm-none-eabi/4.8.3/../../../../arm-none-eabi/lib/armv7-m\libg.a(lib_a-wbuf.o)
                0x00083fc8                __swbuf_r
 .text._wcrtomb_r
                0x00084070       0x50 c:/users/josh/appdata/local/arduino15/packages/arduino/tools/arm-none-eabi-gcc/4.8.3-2014q1/bin/../lib/gcc/arm-none-eabi/4.8.3/../../../../arm-none-eabi/lib/armv7-m\libg.a(lib_a-wcrtomb.o)
                0x00084070                _wcrtomb_r
 .text.__ascii_wctomb
                0x000840c0       0x1c c:/users/josh/appdata/local/arduino15/packages/arduino/tools/arm-none-eabi-gcc/4.8.3-2014q1/bin/../lib/gcc/arm-none-eabi/4.8.3/../../../../arm-none-eabi/lib/armv7-m\libg.a(lib_a-wctomb_r.o)
                0x000840c0                __ascii_wctomb
 .text._write_r
                0x000840dc       0x28 c:/users/josh/appdata/local/arduino15/packages/arduino/tools/arm-none-eabi-gcc/4.8.3-2014q1/bin/../lib/gcc/arm-none-eabi/4.8.3/../../../../arm-none-eabi/lib/armv7-m\libg.a(lib_a-writer.o)
                0x000840dc                _write_r
 .text.__register_exitproc
                0x00084104       0xa8 c:/users/josh/appdata/local/arduino15/packages/arduino/tools/arm-none-eabi-gcc/4.8.3-2014q1/bin/../lib/gcc/arm-none-eabi/4.8.3/../../../../arm-none-eabi/lib/armv7-m\libg.a(lib_a-__atexit.o)
                0x00084104                __register_exitproc
 .text._close_r
                0x000841ac       0x24 c:/users/josh/appdata/local/arduino15/packages/arduino/tools/arm-none-eabi-gcc/4.8.3-2014q1/bin/../lib/gcc/arm-none-eabi/4.8.3/../../../../arm-none-eabi/lib/armv7-m\libg.a(lib_a-closer.o)
                0x000841ac                _close_r
 .text._fclose_r
                0x000841d0       0x80 c:/users/josh/appdata/local/arduino15/packages/arduino/tools/arm-none-eabi-gcc/4.8.3-2014q1/bin/../lib/gcc/arm-none-eabi/4.8.3/../../../../arm-none-eabi/lib/armv7-m\libg.a(lib_a-fclose.o)
                0x000841d0                _fclose_r
 .text.fclose   0x00084250       0x10 c:/users/josh/appdata/local/arduino15/packages/arduino/tools/arm-none-eabi-gcc/4.8.3-2014q1/bin/../lib/gcc/arm-none-eabi/4.8.3/../../../../arm-none-eabi/lib/armv7-m\libg.a(lib_a-fclose.o)
                0x00084250                fclose
 .text._fstat_r
                0x00084260       0x28 c:/users/josh/appdata/local/arduino15/packages/arduino/tools/arm-none-eabi-gcc/4.8.3-2014q1/bin/../lib/gcc/arm-none-eabi/4.8.3/../../../../arm-none-eabi/lib/armv7-m\libg.a(lib_a-fstatr.o)
                0x00084260                _fstat_r
 .text._isatty_r
                0x00084288       0x24 c:/users/josh/appdata/local/arduino15/packages/arduino/tools/arm-none-eabi-gcc/4.8.3-2014q1/bin/../lib/gcc/arm-none-eabi/4.8.3/../../../../arm-none-eabi/lib/armv7-m\libg.a(lib_a-isattyr.o)
                0x00084288                _isatty_r
 .text._lseek_r
                0x000842ac       0x28 c:/users/josh/appdata/local/arduino15/packages/arduino/tools/arm-none-eabi-gcc/4.8.3-2014q1/bin/../lib/gcc/arm-none-eabi/4.8.3/../../../../arm-none-eabi/lib/armv7-m\libg.a(lib_a-lseekr.o)
                0x000842ac                _lseek_r
 .text._read_r  0x000842d4       0x28 c:/users/josh/appdata/local/arduino15/packages/arduino/tools/arm-none-eabi-gcc/4.8.3-2014q1/bin/../lib/gcc/arm-none-eabi/4.8.3/../../../../arm-none-eabi/lib/armv7-m\libg.a(lib_a-readr.o)
                0x000842d4                _read_r
 .text          0x000842fc       0x2c c:/users/josh/appdata/local/arduino15/packages/arduino/tools/arm-none-eabi-gcc/4.8.3-2014q1/bin/../lib/gcc/arm-none-eabi/4.8.3/armv7-m\libgcc.a(_aeabi_uldivmod.o)
                0x000842fc                __aeabi_uldivmod
 .text          0x00084328       0x60 c:/users/josh/appdata/local/arduino15/packages/arduino/tools/arm-none-eabi-gcc/4.8.3-2014q1/bin/../lib/gcc/arm-none-eabi/4.8.3/armv7-m\libgcc.a(bpabi.o)
                0x00084328                __gnu_ldivmod_helper
                0x00084358                __gnu_uldivmod_helper
 .text          0x00084388        0x4 c:/users/josh/appdata/local/arduino15/packages/arduino/tools/arm-none-eabi-gcc/4.8.3-2014q1/bin/../lib/gcc/arm-none-eabi/4.8.3/armv7-m\libgcc.a(_dvmd_tls.o)
                0x00084388                __aeabi_idiv0
                0x00084388                __aeabi_ldiv0
 .text          0x0008438c      0x2a0 c:/users/josh/appdata/local/arduino15/packages/arduino/tools/arm-none-eabi-gcc/4.8.3-2014q1/bin/../lib/gcc/arm-none-eabi/4.8.3/armv7-m\libgcc.a(_divdi3.o)
                0x0008438c                __divdi3
 .text          0x0008462c      0x290 c:/users/josh/appdata/local/arduino15/packages/arduino/tools/arm-none-eabi-gcc/4.8.3-2014q1/bin/../lib/gcc/arm-none-eabi/4.8.3/armv7-m\libgcc.a(_udivdi3.o)
                0x0008462c                __udivdi3
 *(.glue_7t)
 .glue_7t       0x00000000        0x0 linker stubs
 *(.glue_7)
 .glue_7        0x00000000        0x0 linker stubs
 *(.rodata .rodata* .gnu.linkonce.r.*)
 .rodata.str1.1
                0x000848bc       0x19 C:\Users\Josh\AppData\Local\Temp\VMicroBuilds\CodexHyperloopControlProject\UDOO_udoo_sam_udooqdl/core.a(syscalls_sam3.c.o)
 .rodata.STRING_PRODUCT
                0x000848d5        0xc C:\Users\Josh\AppData\Local\Temp\VMicroBuilds\CodexHyperloopControlProject\UDOO_udoo_sam_udooqdl/core.a(USBCore.cpp.o)
                0x000848d5                STRING_PRODUCT
 .rodata.USB_DeviceDescriptor
                0x000848e1       0x12 C:\Users\Josh\AppData\Local\Temp\VMicroBuilds\CodexHyperloopControlProject\UDOO_udoo_sam_udooqdl/core.a(USBCore.cpp.o)
                0x000848e1                USB_DeviceDescriptor
 *fill*         0x000848f3        0x1 
 .rodata.STRING_LANGUAGE
                0x000848f4        0x4 C:\Users\Josh\AppData\Local\Temp\VMicroBuilds\CodexHyperloopControlProject\UDOO_udoo_sam_udooqdl/core.a(USBCore.cpp.o)
                0x000848f4                STRING_LANGUAGE
 .rodata._ZL18test_packet_buffer
                0x000848f8       0x35 C:\Users\Josh\AppData\Local\Temp\VMicroBuilds\CodexHyperloopControlProject\UDOO_udoo_sam_udooqdl/core.a(USBCore.cpp.o)
 .rodata.STRING_MANUFACTURER
                0x0008492d        0x8 C:\Users\Josh\AppData\Local\Temp\VMicroBuilds\CodexHyperloopControlProject\UDOO_udoo_sam_udooqdl/core.a(USBCore.cpp.o)
                0x0008492d                STRING_MANUFACTURER
 .rodata.USB_DeviceDescriptorA
                0x00084935       0x12 C:\Users\Josh\AppData\Local\Temp\VMicroBuilds\CodexHyperloopControlProject\UDOO_udoo_sam_udooqdl/core.a(USBCore.cpp.o)
                0x00084935                USB_DeviceDescriptorA
 .rodata._ZL19USB_DeviceQualifier
                0x00084947        0x9 C:\Users\Josh\AppData\Local\Temp\VMicroBuilds\CodexHyperloopControlProject\UDOO_udoo_sam_udooqdl/core.a(USBCore.cpp.o)
 .rodata.g_APinDescription
                0x00084950      0xa2c C:\Users\Josh\AppData\Local\Temp\VMicroBuilds\CodexHyperloopControlProject\UDOO_udoo_sam_udooqdl/core.a(variant.cpp.o)
                0x00084950                g_APinDescription
 *fill*         0x0008537c        0x4 
 .rodata._ZTV9UARTClass
                0x00085380       0x30 C:\Users\Josh\AppData\Local\Temp\VMicroBuilds\CodexHyperloopControlProject\UDOO_udoo_sam_udooqdl/core.a(UARTClass.cpp.o)
                0x00085380                vtable for UARTClass
 .rodata._ZTV10USARTClass
                0x000853b0       0x30 C:\Users\Josh\AppData\Local\Temp\VMicroBuilds\CodexHyperloopControlProject\UDOO_udoo_sam_udooqdl/core.a(USARTClass.cpp.o)
                0x000853b0                vtable for USARTClass
 .rodata._ZTV7Serial_
                0x000853e0       0x28 C:\Users\Josh\AppData\Local\Temp\VMicroBuilds\CodexHyperloopControlProject\UDOO_udoo_sam_udooqdl/core.a(CDC.cpp.o)
                0x000853e0                vtable for Serial_
 .rodata._ZL18_cdcOtherInterface
                0x00085408       0x42 C:\Users\Josh\AppData\Local\Temp\VMicroBuilds\CodexHyperloopControlProject\UDOO_udoo_sam_udooqdl/core.a(CDC.cpp.o)
 .rodata._ZL13_cdcInterface
                0x0008544a       0x42 C:\Users\Josh\AppData\Local\Temp\VMicroBuilds\CodexHyperloopControlProject\UDOO_udoo_sam_udooqdl/core.a(CDC.cpp.o)
 .rodata        0x0008548c       0x40 C:\Users\Josh\AppData\Local\arduino15\packages\UDOO\hardware\sam\1.6.6-00020-g250f7ba\variants\udooqdl/libsam_sam3x8e_gcc_rel.a(adc.o)
 .rodata.str1.4
                0x000854cc        0x2 c:/users/josh/appdata/local/arduino15/packages/arduino/tools/arm-none-eabi-gcc/4.8.3-2014q1/bin/../lib/gcc/arm-none-eabi/4.8.3/../../../../arm-none-eabi/lib/armv7-m\libg.a(lib_a-impure.o)
                                  0x4 (size before relaxing)
 *fill*         0x000854ce        0x2 
 .rodata._global_impure_ptr
                0x000854d0        0x4 c:/users/josh/appdata/local/arduino15/packages/arduino/tools/arm-none-eabi-gcc/4.8.3-2014q1/bin/../lib/gcc/arm-none-eabi/4.8.3/../../../../arm-none-eabi/lib/armv7-m\libg.a(lib_a-impure.o)
                0x000854d0                _global_impure_ptr
 .rodata.blanks.6717
                0x000854d4       0x10 c:/users/josh/appdata/local/arduino15/packages/arduino/tools/arm-none-eabi-gcc/4.8.3-2014q1/bin/../lib/gcc/arm-none-eabi/4.8.3/../../../../arm-none-eabi/lib/armv7-m\libg.a(lib_a-vfiprintf.o)
 .rodata.str1.4
                0x000854e4       0x30 c:/users/josh/appdata/local/arduino15/packages/arduino/tools/arm-none-eabi-gcc/4.8.3-2014q1/bin/../lib/gcc/arm-none-eabi/4.8.3/../../../../arm-none-eabi/lib/armv7-m\libg.a(lib_a-vfiprintf.o)
 .rodata.zeroes.6718
                0x00085514       0x10 c:/users/josh/appdata/local/arduino15/packages/arduino/tools/arm-none-eabi-gcc/4.8.3-2014q1/bin/../lib/gcc/arm-none-eabi/4.8.3/../../../../arm-none-eabi/lib/armv7-m\libg.a(lib_a-vfiprintf.o)
 *(.ARM.extab* .gnu.linkonce.armextab.*)
                0x00085524                . = ALIGN (0x4)
 *(.init)
 .init          0x00085524        0x4 c:/users/josh/appdata/local/arduino15/packages/arduino/tools/arm-none-eabi-gcc/4.8.3-2014q1/bin/../lib/gcc/arm-none-eabi/4.8.3/armv7-m/crti.o
                0x00085524                _init
 .init          0x00085528        0x8 c:/users/josh/appdata/local/arduino15/packages/arduino/tools/arm-none-eabi-gcc/4.8.3-2014q1/bin/../lib/gcc/arm-none-eabi/4.8.3/armv7-m/crtn.o
                0x00085530                . = ALIGN (0x4)
                0x00085530                __preinit_array_start = .
 *(.preinit_array)
                0x00085530                __preinit_array_end = .
                0x00085530                . = ALIGN (0x4)
                0x00085530                __init_array_start = .
 *(SORT(.init_array.*))
 .init_array.00000
                0x00085530        0x4 c:/users/josh/appdata/local/arduino15/packages/arduino/tools/arm-none-eabi-gcc/4.8.3-2014q1/bin/../lib/gcc/arm-none-eabi/4.8.3/../../../../arm-none-eabi/lib/armv7-m\libg.a(lib_a-__call_atexit.o)
 *(.init_array)
 .init_array    0x00085534        0x4 c:/users/josh/appdata/local/arduino15/packages/arduino/tools/arm-none-eabi-gcc/4.8.3-2014q1/bin/../lib/gcc/arm-none-eabi/4.8.3/armv7-m/crtbegin.o
 .init_array    0x00085538        0x4 C:\Users\Josh\AppData\Local\Temp\VMicroBuilds\CodexHyperloopControlProject\UDOO_udoo_sam_udooqdl/core.a(USBCore.cpp.o)
 .init_array    0x0008553c        0x4 C:\Users\Josh\AppData\Local\Temp\VMicroBuilds\CodexHyperloopControlProject\UDOO_udoo_sam_udooqdl/core.a(variant.cpp.o)
 .init_array    0x00085540        0x4 C:\Users\Josh\AppData\Local\Temp\VMicroBuilds\CodexHyperloopControlProject\UDOO_udoo_sam_udooqdl/core.a(CDC.cpp.o)
                0x00085544                __init_array_end = .
                0x00085544                . = ALIGN (0x4)
 *crtbegin.o(.ctors)
 *(EXCLUDE_FILE(*crtend.o) .ctors)
 *(SORT(.ctors.*))
 *crtend.o(.ctors)
                0x00085544                . = ALIGN (0x4)
 *(.fini)
 .fini          0x00085544        0x4 c:/users/josh/appdata/local/arduino15/packages/arduino/tools/arm-none-eabi-gcc/4.8.3-2014q1/bin/../lib/gcc/arm-none-eabi/4.8.3/armv7-m/crti.o
                0x00085544                _fini
 .fini          0x00085548        0x8 c:/users/josh/appdata/local/arduino15/packages/arduino/tools/arm-none-eabi-gcc/4.8.3-2014q1/bin/../lib/gcc/arm-none-eabi/4.8.3/armv7-m/crtn.o
                0x00085550                . = ALIGN (0x4)
                0x00085550                __fini_array_start = .
 *(.fini_array)
 .fini_array    0x00085550        0x4 c:/users/josh/appdata/local/arduino15/packages/arduino/tools/arm-none-eabi-gcc/4.8.3-2014q1/bin/../lib/gcc/arm-none-eabi/4.8.3/armv7-m/crtbegin.o
 *(SORT(.fini_array.*))
                0x00085554                __fini_array_end = .
 *crtbegin.o(.dtors)
 *(EXCLUDE_FILE(*crtend.o) .dtors)
 *(SORT(.dtors.*))
 *crtend.o(.dtors)
                0x00085554                . = ALIGN (0x4)
                0x00085554                _efixed = .
                0x00085554                PROVIDE (__exidx_start, .)

.vfp11_veneer   0x00085554        0x0
 .vfp11_veneer  0x00000000        0x0 linker stubs

.v4_bx          0x00085554        0x0
 .v4_bx         0x00000000        0x0 linker stubs

.iplt           0x00085554        0x0
 .iplt          0x00000000        0x0 c:/users/josh/appdata/local/arduino15/packages/arduino/tools/arm-none-eabi-gcc/4.8.3-2014q1/bin/../lib/gcc/arm-none-eabi/4.8.3/armv7-m/crtbegin.o

.ARM.exidx      0x00085554        0x8
 *(.ARM.exidx* .gnu.linkonce.armexidx.*)
 .ARM.exidx     0x00085554        0x8 c:/users/josh/appdata/local/arduino15/packages/arduino/tools/arm-none-eabi-gcc/4.8.3-2014q1/bin/../lib/gcc/arm-none-eabi/4.8.3/armv7-m\libgcc.a(_divdi3.o)
 .ARM.exidx     0x0008555c        0x0 c:/users/josh/appdata/local/arduino15/packages/arduino/tools/arm-none-eabi-gcc/4.8.3-2014q1/bin/../lib/gcc/arm-none-eabi/4.8.3/armv7-m\libgcc.a(_udivdi3.o)
                                  0x8 (size before relaxing)
                0x0008555c                PROVIDE (__exidx_end, .)

.eh_frame       0x0008555c        0x0
 .eh_frame      0x0008555c        0x0 c:/users/josh/appdata/local/arduino15/packages/arduino/tools/arm-none-eabi-gcc/4.8.3-2014q1/bin/../lib/gcc/arm-none-eabi/4.8.3/armv7-m/crtbegin.o

.rel.dyn        0x0008555c        0x0
 .rel.iplt      0x00000000        0x0 c:/users/josh/appdata/local/arduino15/packages/arduino/tools/arm-none-eabi-gcc/4.8.3-2014q1/bin/../lib/gcc/arm-none-eabi/4.8.3/armv7-m/crtbegin.o

.jcr            0x0008555c        0x0
 .jcr           0x0008555c        0x0 c:/users/josh/appdata/local/arduino15/packages/arduino/tools/arm-none-eabi-gcc/4.8.3-2014q1/bin/../lib/gcc/arm-none-eabi/4.8.3/armv7-m/crtbegin.o

.igot.plt       0x0008555c        0x0
 .igot.plt      0x00000000        0x0 c:/users/josh/appdata/local/arduino15/packages/arduino/tools/arm-none-eabi-gcc/4.8.3-2014q1/bin/../lib/gcc/arm-none-eabi/4.8.3/armv7-m/crtbegin.o
                0x0008555c                . = ALIGN (0x4)
                0x0008555c                _etext = .

.relocate       0x20070000      0x8d4 load address 0x0008555c
                0x20070000                . = ALIGN (0x4)
                0x20070000                _srelocate = .
 *(.ramfunc .ramfunc.*)
 .ramfunc       0x20070000       0x2c C:\Users\Josh\AppData\Local\Temp\VMicroBuilds\CodexHyperloopControlProject\UDOO_udoo_sam_udooqdl/core.a(Reset.cpp.o)
                0x20070000                banzai
 *(.data .data.*)
 .data._ZL5ticks
                0x2007002c        0x4 C:\Users\Josh\AppData\Local\Temp\VMicroBuilds\CodexHyperloopControlProject\UDOO_udoo_sam_udooqdl/core.a(Reset.cpp.o)
 .data.EndPoints
                0x20070030       0x28 C:\Users\Josh\AppData\Local\Temp\VMicroBuilds\CodexHyperloopControlProject\UDOO_udoo_sam_udooqdl/core.a(USBCore.cpp.o)
                0x20070030                EndPoints
 .data._ZL10breakValue
                0x20070058        0x4 C:\Users\Josh\AppData\Local\Temp\VMicroBuilds\CodexHyperloopControlProject\UDOO_udoo_sam_udooqdl/core.a(CDC.cpp.o)
 .data._ZL12_usbLineInfo
                0x2007005c        0x8 C:\Users\Josh\AppData\Local\Temp\VMicroBuilds\CodexHyperloopControlProject\UDOO_udoo_sam_udooqdl/core.a(CDC.cpp.o)
 .data.SystemCoreClock
                0x20070064        0x4 C:\Users\Josh\AppData\Local\arduino15\packages\UDOO\hardware\sam\1.6.6-00020-g250f7ba\variants\udooqdl/libsam_sam3x8e_gcc_rel.a(system_sam3xa.o)
                0x20070064                SystemCoreClock
 .data.g_interrupt_enabled
                0x20070068        0x4 C:\Users\Josh\AppData\Local\arduino15\packages\UDOO\hardware\sam\1.6.6-00020-g250f7ba\variants\udooqdl/libsam_sam3x8e_gcc_rel.a(interrupt_sam_nvic.o)
                0x20070068                g_interrupt_enabled
 *fill*         0x2007006c        0x4 
 .data.impure_data
                0x20070070      0x428 c:/users/josh/appdata/local/arduino15/packages/arduino/tools/arm-none-eabi-gcc/4.8.3-2014q1/bin/../lib/gcc/arm-none-eabi/4.8.3/../../../../arm-none-eabi/lib/armv7-m\libg.a(lib_a-impure.o)
 .data._impure_ptr
                0x20070498        0x4 c:/users/josh/appdata/local/arduino15/packages/arduino/tools/arm-none-eabi-gcc/4.8.3-2014q1/bin/../lib/gcc/arm-none-eabi/4.8.3/../../../../arm-none-eabi/lib/armv7-m\libg.a(lib_a-impure.o)
                0x20070498                _impure_ptr
 .data.lc_ctype_charset
                0x2007049c       0x20 c:/users/josh/appdata/local/arduino15/packages/arduino/tools/arm-none-eabi-gcc/4.8.3-2014q1/bin/../lib/gcc/arm-none-eabi/4.8.3/../../../../arm-none-eabi/lib/armv7-m\libg.a(lib_a-locale.o)
 .data.__mb_cur_max
                0x200704bc        0x4 c:/users/josh/appdata/local/arduino15/packages/arduino/tools/arm-none-eabi-gcc/4.8.3-2014q1/bin/../lib/gcc/arm-none-eabi/4.8.3/../../../../arm-none-eabi/lib/armv7-m\libg.a(lib_a-locale.o)
                0x200704bc                __mb_cur_max
 .data.__malloc_av_
                0x200704c0      0x408 c:/users/josh/appdata/local/arduino15/packages/arduino/tools/arm-none-eabi-gcc/4.8.3-2014q1/bin/../lib/gcc/arm-none-eabi/4.8.3/../../../../arm-none-eabi/lib/armv7-m\libg.a(lib_a-mallocr.o)
                0x200704c0                __malloc_av_
 .data.__malloc_trim_threshold
                0x200708c8        0x4 c:/users/josh/appdata/local/arduino15/packages/arduino/tools/arm-none-eabi-gcc/4.8.3-2014q1/bin/../lib/gcc/arm-none-eabi/4.8.3/../../../../arm-none-eabi/lib/armv7-m\libg.a(lib_a-mallocr.o)
                0x200708c8                __malloc_trim_threshold
 .data.__malloc_sbrk_base
                0x200708cc        0x4 c:/users/josh/appdata/local/arduino15/packages/arduino/tools/arm-none-eabi-gcc/4.8.3-2014q1/bin/../lib/gcc/arm-none-eabi/4.8.3/../../../../arm-none-eabi/lib/armv7-m\libg.a(lib_a-mallocr.o)
                0x200708cc                __malloc_sbrk_base
 .data.__wctomb
                0x200708d0        0x4 c:/users/josh/appdata/local/arduino15/packages/arduino/tools/arm-none-eabi-gcc/4.8.3-2014q1/bin/../lib/gcc/arm-none-eabi/4.8.3/../../../../arm-none-eabi/lib/armv7-m\libg.a(lib_a-wctomb_r.o)
                0x200708d0                __wctomb
                0x200708d4                . = ALIGN (0x4)
                0x200708d4                _erelocate = .

.bss            0x200708d4      0x828 load address 0x00085e30
                0x200708d4                . = ALIGN (0x4)
                0x200708d4                _sbss = .
                0x200708d4                _szero = .
 *(.bss .bss.*)
 .bss           0x200708d4       0x1c c:/users/josh/appdata/local/arduino15/packages/arduino/tools/arm-none-eabi-gcc/4.8.3-2014q1/bin/../lib/gcc/arm-none-eabi/4.8.3/armv7-m/crtbegin.o
 .bss.gpf_isr   0x200708f0        0x4 C:\Users\Josh\AppData\Local\arduino15\packages\UDOO\hardware\sam\1.6.6-00020-g250f7ba\variants\udooqdl/libsam_sam3x8e_gcc_rel.a(uotghs.o)
                0x200708f0                gpf_isr
 .bss.heap.6420
                0x200708f4        0x4 C:\Users\Josh\AppData\Local\Temp\VMicroBuilds\CodexHyperloopControlProject\UDOO_udoo_sam_udooqdl/core.a(syscalls_sam3.c.o)
 .bss._cmark    0x200708f8        0x2 C:\Users\Josh\AppData\Local\Temp\VMicroBuilds\CodexHyperloopControlProject\UDOO_udoo_sam_udooqdl/core.a(USBCore.cpp.o)
                0x200708f8                _cmark
 .bss._ZL14isEndpointHalt
                0x200708fa        0x1 C:\Users\Josh\AppData\Local\Temp\VMicroBuilds\CodexHyperloopControlProject\UDOO_udoo_sam_udooqdl/core.a(USBCore.cpp.o)
 *fill*         0x200708fb        0x1 
 .bss._cdcComposite
                0x200708fc        0x4 C:\Users\Josh\AppData\Local\Temp\VMicroBuilds\CodexHyperloopControlProject\UDOO_udoo_sam_udooqdl/core.a(USBCore.cpp.o)
                0x200708fc                _cdcComposite
 .bss._ZL21isRemoteWakeUpEnabled
                0x20070900        0x1 C:\Users\Josh\AppData\Local\Temp\VMicroBuilds\CodexHyperloopControlProject\UDOO_udoo_sam_udooqdl/core.a(USBCore.cpp.o)
 *fill*         0x20070901        0x3 
 .bss._usbInitialized
                0x20070904        0x4 C:\Users\Josh\AppData\Local\Temp\VMicroBuilds\CodexHyperloopControlProject\UDOO_udoo_sam_udooqdl/core.a(USBCore.cpp.o)
                0x20070904                _usbInitialized
 .bss.USBDevice
                0x20070908        0x1 C:\Users\Josh\AppData\Local\Temp\VMicroBuilds\CodexHyperloopControlProject\UDOO_udoo_sam_udooqdl/core.a(USBCore.cpp.o)
                0x20070908                USBDevice
 *fill*         0x20070909        0x3 
 .bss._usbSetInterface
                0x2007090c        0x4 C:\Users\Josh\AppData\Local\Temp\VMicroBuilds\CodexHyperloopControlProject\UDOO_udoo_sam_udooqdl/core.a(USBCore.cpp.o)
                0x2007090c                _usbSetInterface
 .bss._cend     0x20070910        0x2 C:\Users\Josh\AppData\Local\Temp\VMicroBuilds\CodexHyperloopControlProject\UDOO_udoo_sam_udooqdl/core.a(USBCore.cpp.o)
                0x20070910                _cend
 *fill*         0x20070912        0x2 
 .bss._usbConfiguration
                0x20070914        0x4 C:\Users\Josh\AppData\Local\Temp\VMicroBuilds\CodexHyperloopControlProject\UDOO_udoo_sam_udooqdl/core.a(USBCore.cpp.o)
                0x20070914                _usbConfiguration
 .bss.tx_buffer2
                0x20070918       0x88 C:\Users\Josh\AppData\Local\Temp\VMicroBuilds\CodexHyperloopControlProject\UDOO_udoo_sam_udooqdl/core.a(variant.cpp.o)
                0x20070918                tx_buffer2
 .bss.tx_buffer1
                0x200709a0       0x88 C:\Users\Josh\AppData\Local\Temp\VMicroBuilds\CodexHyperloopControlProject\UDOO_udoo_sam_udooqdl/core.a(variant.cpp.o)
                0x200709a0                tx_buffer1
 .bss.Serial    0x20070a28       0x24 C:\Users\Josh\AppData\Local\Temp\VMicroBuilds\CodexHyperloopControlProject\UDOO_udoo_sam_udooqdl/core.a(variant.cpp.o)
                0x20070a28                Serial
 .bss.rx_buffer1
                0x20070a4c       0x88 C:\Users\Josh\AppData\Local\Temp\VMicroBuilds\CodexHyperloopControlProject\UDOO_udoo_sam_udooqdl/core.a(variant.cpp.o)
                0x20070a4c                rx_buffer1
 .bss.Serial1   0x20070ad4       0x28 C:\Users\Josh\AppData\Local\Temp\VMicroBuilds\CodexHyperloopControlProject\UDOO_udoo_sam_udooqdl/core.a(variant.cpp.o)
                0x20070ad4                Serial1
 .bss.Serial2   0x20070afc       0x28 C:\Users\Josh\AppData\Local\Temp\VMicroBuilds\CodexHyperloopControlProject\UDOO_udoo_sam_udooqdl/core.a(variant.cpp.o)
                0x20070afc                Serial2
 .bss.Serial3   0x20070b24       0x28 C:\Users\Josh\AppData\Local\Temp\VMicroBuilds\CodexHyperloopControlProject\UDOO_udoo_sam_udooqdl/core.a(variant.cpp.o)
                0x20070b24                Serial3
 .bss.tx_buffer3
                0x20070b4c       0x88 C:\Users\Josh\AppData\Local\Temp\VMicroBuilds\CodexHyperloopControlProject\UDOO_udoo_sam_udooqdl/core.a(variant.cpp.o)
                0x20070b4c                tx_buffer3
 .bss.tx_buffer4
                0x20070bd4       0x88 C:\Users\Josh\AppData\Local\Temp\VMicroBuilds\CodexHyperloopControlProject\UDOO_udoo_sam_udooqdl/core.a(variant.cpp.o)
                0x20070bd4                tx_buffer4
 .bss.g_pinStatus
                0x20070c5c       0x4f C:\Users\Josh\AppData\Local\Temp\VMicroBuilds\CodexHyperloopControlProject\UDOO_udoo_sam_udooqdl/core.a(variant.cpp.o)
                0x20070c5c                g_pinStatus
 *fill*         0x20070cab        0x1 
 .bss.rx_buffer2
                0x20070cac       0x88 C:\Users\Josh\AppData\Local\Temp\VMicroBuilds\CodexHyperloopControlProject\UDOO_udoo_sam_udooqdl/core.a(variant.cpp.o)
                0x20070cac                rx_buffer2
 .bss.rx_buffer3
                0x20070d34       0x88 C:\Users\Josh\AppData\Local\Temp\VMicroBuilds\CodexHyperloopControlProject\UDOO_udoo_sam_udooqdl/core.a(variant.cpp.o)
                0x20070d34                rx_buffer3
 .bss.rx_buffer4
                0x20070dbc       0x88 C:\Users\Josh\AppData\Local\Temp\VMicroBuilds\CodexHyperloopControlProject\UDOO_udoo_sam_udooqdl/core.a(variant.cpp.o)
                0x20070dbc                rx_buffer4
 .bss.cdc_rx_buffer
                0x20070e44      0x208 C:\Users\Josh\AppData\Local\Temp\VMicroBuilds\CodexHyperloopControlProject\UDOO_udoo_sam_udooqdl/core.a(CDC.cpp.o)
                0x20070e44                cdc_rx_buffer
 .bss._ZZN7Serial_6acceptEvE5guard
                0x2007104c        0x4 C:\Users\Josh\AppData\Local\Temp\VMicroBuilds\CodexHyperloopControlProject\UDOO_udoo_sam_udooqdl/core.a(CDC.cpp.o)
 .bss.SerialUSB
                0x20071050       0x14 C:\Users\Josh\AppData\Local\Temp\VMicroBuilds\CodexHyperloopControlProject\UDOO_udoo_sam_udooqdl/core.a(CDC.cpp.o)
                0x20071050                SerialUSB
 .bss._ZZ12PluggableUSBvE3obj
                0x20071064        0x8 C:\Users\Josh\AppData\Local\Temp\VMicroBuilds\CodexHyperloopControlProject\UDOO_udoo_sam_udooqdl/core.a(PluggableUSB.cpp.o)
 .bss._ZGVZ12PluggableUSBvE3obj
                0x2007106c        0x4 C:\Users\Josh\AppData\Local\Temp\VMicroBuilds\CodexHyperloopControlProject\UDOO_udoo_sam_udooqdl/core.a(PluggableUSB.cpp.o)
 .bss._dwTickCount
                0x20071070        0x4 C:\Users\Josh\AppData\Local\arduino15\packages\UDOO\hardware\sam\1.6.6-00020-g250f7ba\variants\udooqdl/libsam_sam3x8e_gcc_rel.a(timetick.o)
 .bss.ul_recv_fifo_ptr
                0x20071074       0x28 C:\Users\Josh\AppData\Local\arduino15\packages\UDOO\hardware\sam\1.6.6-00020-g250f7ba\variants\udooqdl/libsam_sam3x8e_gcc_rel.a(uotghs_device.o)
 .bss.ul_send_fifo_ptr
                0x2007109c       0x28 C:\Users\Josh\AppData\Local\arduino15\packages\UDOO\hardware\sam\1.6.6-00020-g250f7ba\variants\udooqdl/libsam_sam3x8e_gcc_rel.a(uotghs_device.o)
 .bss.__malloc_max_total_mem
                0x200710c4        0x4 c:/users/josh/appdata/local/arduino15/packages/arduino/tools/arm-none-eabi-gcc/4.8.3-2014q1/bin/../lib/gcc/arm-none-eabi/4.8.3/../../../../arm-none-eabi/lib/armv7-m\libg.a(lib_a-mallocr.o)
                0x200710c4                __malloc_max_total_mem
 .bss.__malloc_max_sbrked_mem
                0x200710c8        0x4 c:/users/josh/appdata/local/arduino15/packages/arduino/tools/arm-none-eabi-gcc/4.8.3-2014q1/bin/../lib/gcc/arm-none-eabi/4.8.3/../../../../arm-none-eabi/lib/armv7-m\libg.a(lib_a-mallocr.o)
                0x200710c8                __malloc_max_sbrked_mem
 .bss.__malloc_top_pad
                0x200710cc        0x4 c:/users/josh/appdata/local/arduino15/packages/arduino/tools/arm-none-eabi-gcc/4.8.3-2014q1/bin/../lib/gcc/arm-none-eabi/4.8.3/../../../../arm-none-eabi/lib/armv7-m\libg.a(lib_a-mallocr.o)
                0x200710cc                __malloc_top_pad
 .bss.__malloc_current_mallinfo
                0x200710d0       0x28 c:/users/josh/appdata/local/arduino15/packages/arduino/tools/arm-none-eabi-gcc/4.8.3-2014q1/bin/../lib/gcc/arm-none-eabi/4.8.3/../../../../arm-none-eabi/lib/armv7-m\libg.a(lib_a-mallocr.o)
                0x200710d0                __malloc_current_mallinfo
 *(COMMON)
 COMMON         0x200710f8        0x4 c:/users/josh/appdata/local/arduino15/packages/arduino/tools/arm-none-eabi-gcc/4.8.3-2014q1/bin/../lib/gcc/arm-none-eabi/4.8.3/../../../../arm-none-eabi/lib/armv7-m\libg.a(lib_a-reent.o)
                0x200710f8                errno
                0x200710fc                . = ALIGN (0x4)
                0x200710fc                _ebss = .
                0x200710fc                _ezero = .
                0x200710fc                . = ALIGN (0x4)
                0x200710fc                _end = .

.stack_dummy    0x200710fc        0x0
 *(.stack*)
                0x20088000                __StackTop = (ORIGIN (ram) + 0x18000)
                0x20088000                __StackLimit = (__StackTop - SIZEOF (.stack_dummy))
                0x20088000                PROVIDE (_sstack, __StackLimit)
                0x20088000                PROVIDE (_estack, __StackTop)
OUTPUT(C:\Users\Josh\AppData\Local\Temp\VMicroBuilds\CodexHyperloopControlProject\UDOO_udoo_sam_udooqdl/CodexHyperloopControlProject.ino.elf elf32-littlearm)

.ARM.attributes
                0x00000000       0x29
 .ARM.attributes
                0x00000000       0x1d c:/users/josh/appdata/local/arduino15/packages/arduino/tools/arm-none-eabi-gcc/4.8.3-2014q1/bin/../lib/gcc/arm-none-eabi/4.8.3/armv7-m/crti.o
 .ARM.attributes
                0x0000001d       0x2d c:/users/josh/appdata/local/arduino15/packages/arduino/tools/arm-none-eabi-gcc/4.8.3-2014q1/bin/../lib/gcc/arm-none-eabi/4.8.3/armv7-m/crtbegin.o
 .ARM.attributes
                0x0000004a       0x33 C:\Users\Josh\AppData\Local\Temp\VMicroBuilds\CodexHyperloopControlProject\UDOO_udoo_sam_udooqdl\CodexHyperloopControlProject.cpp.o
 .ARM.attributes
                0x0000007d       0x33 C:\Users\Josh\AppData\Local\arduino15\packages\UDOO\hardware\sam\1.6.6-00020-g250f7ba\variants\udooqdl/libsam_sam3x8e_gcc_rel.a(startup_sam3xa.o)
 .ARM.attributes
                0x000000b0       0x33 C:\Users\Josh\AppData\Local\arduino15\packages\UDOO\hardware\sam\1.6.6-00020-g250f7ba\variants\udooqdl/libsam_sam3x8e_gcc_rel.a(uotghs.o)
 .ARM.attributes
                0x000000e3       0x33 C:\Users\Josh\AppData\Local\Temp\VMicroBuilds\CodexHyperloopControlProject\UDOO_udoo_sam_udooqdl/core.a(cortex_handlers.c.o)
 .ARM.attributes
                0x00000116       0x33 C:\Users\Josh\AppData\Local\Temp\VMicroBuilds\CodexHyperloopControlProject\UDOO_udoo_sam_udooqdl/core.a(hooks.c.o)
 .ARM.attributes
                0x00000149       0x33 C:\Users\Josh\AppData\Local\Temp\VMicroBuilds\CodexHyperloopControlProject\UDOO_udoo_sam_udooqdl/core.a(syscalls_sam3.c.o)
 .ARM.attributes
                0x0000017c       0x33 C:\Users\Josh\AppData\Local\Temp\VMicroBuilds\CodexHyperloopControlProject\UDOO_udoo_sam_udooqdl/core.a(main.cpp.o)
 .ARM.attributes
                0x000001af       0x33 C:\Users\Josh\AppData\Local\Temp\VMicroBuilds\CodexHyperloopControlProject\UDOO_udoo_sam_udooqdl/core.a(Reset.cpp.o)
 .ARM.attributes
                0x000001e2       0x33 C:\Users\Josh\AppData\Local\Temp\VMicroBuilds\CodexHyperloopControlProject\UDOO_udoo_sam_udooqdl/core.a(watchdog.cpp.o)
 .ARM.attributes
                0x00000215       0x33 C:\Users\Josh\AppData\Local\Temp\VMicroBuilds\CodexHyperloopControlProject\UDOO_udoo_sam_udooqdl/core.a(USBCore.cpp.o)
 .ARM.attributes
                0x00000248       0x33 C:\Users\Josh\AppData\Local\Temp\VMicroBuilds\CodexHyperloopControlProject\UDOO_udoo_sam_udooqdl/core.a(variant.cpp.o)
 .ARM.attributes
                0x0000027b       0x33 C:\Users\Josh\AppData\Local\Temp\VMicroBuilds\CodexHyperloopControlProject\UDOO_udoo_sam_udooqdl/core.a(wiring.c.o)
 .ARM.attributes
                0x000002ae       0x33 C:\Users\Josh\AppData\Local\Temp\VMicroBuilds\CodexHyperloopControlProject\UDOO_udoo_sam_udooqdl/core.a(wiring_analog.c.o)
 .ARM.attributes
                0x000002e1       0x33 C:\Users\Josh\AppData\Local\Temp\VMicroBuilds\CodexHyperloopControlProject\UDOO_udoo_sam_udooqdl/core.a(wiring_digital.c.o)
 .ARM.attributes
                0x00000314       0x33 C:\Users\Josh\AppData\Local\Temp\VMicroBuilds\CodexHyperloopControlProject\UDOO_udoo_sam_udooqdl/core.a(RingBuffer.cpp.o)
 .ARM.attributes
                0x00000347       0x33 C:\Users\Josh\AppData\Local\Temp\VMicroBuilds\CodexHyperloopControlProject\UDOO_udoo_sam_udooqdl/core.a(UARTClass.cpp.o)
 .ARM.attributes
                0x0000037a       0x33 C:\Users\Josh\AppData\Local\Temp\VMicroBuilds\CodexHyperloopControlProject\UDOO_udoo_sam_udooqdl/core.a(USARTClass.cpp.o)
 .ARM.attributes
                0x000003ad       0x33 C:\Users\Josh\AppData\Local\Temp\VMicroBuilds\CodexHyperloopControlProject\UDOO_udoo_sam_udooqdl/core.a(CDC.cpp.o)
 .ARM.attributes
                0x000003e0       0x33 C:\Users\Josh\AppData\Local\Temp\VMicroBuilds\CodexHyperloopControlProject\UDOO_udoo_sam_udooqdl/core.a(PluggableUSB.cpp.o)
 .ARM.attributes
                0x00000413       0x33 C:\Users\Josh\AppData\Local\Temp\VMicroBuilds\CodexHyperloopControlProject\UDOO_udoo_sam_udooqdl/core.a(Print.cpp.o)
 .ARM.attributes
                0x00000446       0x33 C:\Users\Josh\AppData\Local\arduino15\packages\UDOO\hardware\sam\1.6.6-00020-g250f7ba\variants\udooqdl/libsam_sam3x8e_gcc_rel.a(pio.o)
 .ARM.attributes
                0x00000479       0x33 C:\Users\Josh\AppData\Local\arduino15\packages\UDOO\hardware\sam\1.6.6-00020-g250f7ba\variants\udooqdl/libsam_sam3x8e_gcc_rel.a(pmc.o)
 .ARM.attributes
                0x000004ac       0x33 C:\Users\Josh\AppData\Local\arduino15\packages\UDOO\hardware\sam\1.6.6-00020-g250f7ba\variants\udooqdl/libsam_sam3x8e_gcc_rel.a(timetick.o)
 .ARM.attributes
                0x000004df       0x33 C:\Users\Josh\AppData\Local\arduino15\packages\UDOO\hardware\sam\1.6.6-00020-g250f7ba\variants\udooqdl/libsam_sam3x8e_gcc_rel.a(wdt.o)
 .ARM.attributes
                0x00000512       0x33 C:\Users\Josh\AppData\Local\arduino15\packages\UDOO\hardware\sam\1.6.6-00020-g250f7ba\variants\udooqdl/libsam_sam3x8e_gcc_rel.a(system_sam3xa.o)
 .ARM.attributes
                0x00000545       0x33 C:\Users\Josh\AppData\Local\arduino15\packages\UDOO\hardware\sam\1.6.6-00020-g250f7ba\variants\udooqdl/libsam_sam3x8e_gcc_rel.a(adc.o)
 .ARM.attributes
                0x00000578       0x33 C:\Users\Josh\AppData\Local\arduino15\packages\UDOO\hardware\sam\1.6.6-00020-g250f7ba\variants\udooqdl/libsam_sam3x8e_gcc_rel.a(interrupt_sam_nvic.o)
 .ARM.attributes
                0x000005ab       0x33 C:\Users\Josh\AppData\Local\arduino15\packages\UDOO\hardware\sam\1.6.6-00020-g250f7ba\variants\udooqdl/libsam_sam3x8e_gcc_rel.a(uotghs_device.o)
 .ARM.attributes
                0x000005de       0x2d c:/users/josh/appdata/local/arduino15/packages/arduino/tools/arm-none-eabi-gcc/4.8.3-2014q1/bin/../lib/gcc/arm-none-eabi/4.8.3/../../../../arm-none-eabi/lib/armv7-m\libg.a(lib_a-impure.o)
 .ARM.attributes
                0x0000060b       0x2d c:/users/josh/appdata/local/arduino15/packages/arduino/tools/arm-none-eabi-gcc/4.8.3-2014q1/bin/../lib/gcc/arm-none-eabi/4.8.3/../../../../arm-none-eabi/lib/armv7-m\libg.a(lib_a-init.o)
 .ARM.attributes
                0x00000638       0x2d c:/users/josh/appdata/local/arduino15/packages/arduino/tools/arm-none-eabi-gcc/4.8.3-2014q1/bin/../lib/gcc/arm-none-eabi/4.8.3/../../../../arm-none-eabi/lib/armv7-m\libg.a(lib_a-iprintf.o)
 .ARM.attributes
                0x00000665       0x2d c:/users/josh/appdata/local/arduino15/packages/arduino/tools/arm-none-eabi-gcc/4.8.3-2014q1/bin/../lib/gcc/arm-none-eabi/4.8.3/../../../../arm-none-eabi/lib/armv7-m\libg.a(lib_a-memset.o)
 .ARM.attributes
                0x00000692       0x2d c:/users/josh/appdata/local/arduino15/packages/arduino/tools/arm-none-eabi-gcc/4.8.3-2014q1/bin/../lib/gcc/arm-none-eabi/4.8.3/../../../../arm-none-eabi/lib/armv7-m\libg.a(lib_a-strlen.o)
 .ARM.attributes
                0x000006bf       0x2d c:/users/josh/appdata/local/arduino15/packages/arduino/tools/arm-none-eabi-gcc/4.8.3-2014q1/bin/../lib/gcc/arm-none-eabi/4.8.3/../../../../arm-none-eabi/lib/armv7-m\libg.a(lib_a-syskill.o)
 .ARM.attributes
                0x000006ec       0x2d c:/users/josh/appdata/local/arduino15/packages/arduino/tools/arm-none-eabi-gcc/4.8.3-2014q1/bin/../lib/gcc/arm-none-eabi/4.8.3/../../../../arm-none-eabi/lib/armv7-m\libg.a(lib_a-vfiprintf.o)
 .ARM.attributes
                0x00000719       0x2d c:/users/josh/appdata/local/arduino15/packages/arduino/tools/arm-none-eabi-gcc/4.8.3-2014q1/bin/../lib/gcc/arm-none-eabi/4.8.3/../../../../arm-none-eabi/lib/armv7-m\libg.a(lib_a-wsetup.o)
 .ARM.attributes
                0x00000746       0x2d c:/users/josh/appdata/local/arduino15/packages/arduino/tools/arm-none-eabi-gcc/4.8.3-2014q1/bin/../lib/gcc/arm-none-eabi/4.8.3/../../../../arm-none-eabi/lib/armv7-m\libg.a(lib_a-__call_atexit.o)
 .ARM.attributes
                0x00000773       0x2d c:/users/josh/appdata/local/arduino15/packages/arduino/tools/arm-none-eabi-gcc/4.8.3-2014q1/bin/../lib/gcc/arm-none-eabi/4.8.3/../../../../arm-none-eabi/lib/armv7-m\libg.a(lib_a-atexit.o)
 .ARM.attributes
                0x000007a0       0x2d c:/users/josh/appdata/local/arduino15/packages/arduino/tools/arm-none-eabi-gcc/4.8.3-2014q1/bin/../lib/gcc/arm-none-eabi/4.8.3/../../../../arm-none-eabi/lib/armv7-m\libg.a(lib_a-fflush.o)
 .ARM.attributes
                0x000007cd       0x2d c:/users/josh/appdata/local/arduino15/packages/arduino/tools/arm-none-eabi-gcc/4.8.3-2014q1/bin/../lib/gcc/arm-none-eabi/4.8.3/../../../../arm-none-eabi/lib/armv7-m\libg.a(lib_a-findfp.o)
 .ARM.attributes
                0x000007fa       0x2d c:/users/josh/appdata/local/arduino15/packages/arduino/tools/arm-none-eabi-gcc/4.8.3-2014q1/bin/../lib/gcc/arm-none-eabi/4.8.3/../../../../arm-none-eabi/lib/armv7-m\libg.a(lib_a-fini.o)
 .ARM.attributes
                0x00000827       0x2d c:/users/josh/appdata/local/arduino15/packages/arduino/tools/arm-none-eabi-gcc/4.8.3-2014q1/bin/../lib/gcc/arm-none-eabi/4.8.3/../../../../arm-none-eabi/lib/armv7-m\libg.a(lib_a-fputwc.o)
 .ARM.attributes
                0x00000854       0x2d c:/users/josh/appdata/local/arduino15/packages/arduino/tools/arm-none-eabi-gcc/4.8.3-2014q1/bin/../lib/gcc/arm-none-eabi/4.8.3/../../../../arm-none-eabi/lib/armv7-m\libg.a(lib_a-freer.o)
 .ARM.attributes
                0x00000881       0x2d c:/users/josh/appdata/local/arduino15/packages/arduino/tools/arm-none-eabi-gcc/4.8.3-2014q1/bin/../lib/gcc/arm-none-eabi/4.8.3/../../../../arm-none-eabi/lib/armv7-m\libg.a(lib_a-fvwrite.o)
 .ARM.attributes
                0x000008ae       0x2d c:/users/josh/appdata/local/arduino15/packages/arduino/tools/arm-none-eabi-gcc/4.8.3-2014q1/bin/../lib/gcc/arm-none-eabi/4.8.3/../../../../arm-none-eabi/lib/armv7-m\libg.a(lib_a-fwalk.o)
 .ARM.attributes
                0x000008db       0x2d c:/users/josh/appdata/local/arduino15/packages/arduino/tools/arm-none-eabi-gcc/4.8.3-2014q1/bin/../lib/gcc/arm-none-eabi/4.8.3/../../../../arm-none-eabi/lib/armv7-m\libg.a(lib_a-locale.o)
 .ARM.attributes
                0x00000908       0x2d c:/users/josh/appdata/local/arduino15/packages/arduino/tools/arm-none-eabi-gcc/4.8.3-2014q1/bin/../lib/gcc/arm-none-eabi/4.8.3/../../../../arm-none-eabi/lib/armv7-m\libg.a(lib_a-makebuf.o)
 .ARM.attributes
                0x00000935       0x2d c:/users/josh/appdata/local/arduino15/packages/arduino/tools/arm-none-eabi-gcc/4.8.3-2014q1/bin/../lib/gcc/arm-none-eabi/4.8.3/../../../../arm-none-eabi/lib/armv7-m\libg.a(lib_a-mallocr.o)
 .ARM.attributes
                0x00000962       0x2d c:/users/josh/appdata/local/arduino15/packages/arduino/tools/arm-none-eabi-gcc/4.8.3-2014q1/bin/../lib/gcc/arm-none-eabi/4.8.3/../../../../arm-none-eabi/lib/armv7-m\libg.a(lib_a-memchr-stub.o)
 .ARM.attributes
                0x0000098f       0x1b c:/users/josh/appdata/local/arduino15/packages/arduino/tools/arm-none-eabi-gcc/4.8.3-2014q1/bin/../lib/gcc/arm-none-eabi/4.8.3/../../../../arm-none-eabi/lib/armv7-m\libg.a(lib_a-memcpy.o)
 .ARM.attributes
                0x000009aa       0x2d c:/users/josh/appdata/local/arduino15/packages/arduino/tools/arm-none-eabi-gcc/4.8.3-2014q1/bin/../lib/gcc/arm-none-eabi/4.8.3/../../../../arm-none-eabi/lib/armv7-m\libg.a(lib_a-memmove.o)
 .ARM.attributes
                0x000009d7       0x2d c:/users/josh/appdata/local/arduino15/packages/arduino/tools/arm-none-eabi-gcc/4.8.3-2014q1/bin/../lib/gcc/arm-none-eabi/4.8.3/../../../../arm-none-eabi/lib/armv7-m\libg.a(lib_a-mlock.o)
 .ARM.attributes
                0x00000a04       0x2d c:/users/josh/appdata/local/arduino15/packages/arduino/tools/arm-none-eabi-gcc/4.8.3-2014q1/bin/../lib/gcc/arm-none-eabi/4.8.3/../../../../arm-none-eabi/lib/armv7-m\libg.a(lib_a-reallocr.o)
 .ARM.attributes
                0x00000a31       0x2d c:/users/josh/appdata/local/arduino15/packages/arduino/tools/arm-none-eabi-gcc/4.8.3-2014q1/bin/../lib/gcc/arm-none-eabi/4.8.3/../../../../arm-none-eabi/lib/armv7-m\libg.a(lib_a-sbrkr.o)
 .ARM.attributes
                0x00000a5e       0x2d c:/users/josh/appdata/local/arduino15/packages/arduino/tools/arm-none-eabi-gcc/4.8.3-2014q1/bin/../lib/gcc/arm-none-eabi/4.8.3/../../../../arm-none-eabi/lib/armv7-m\libg.a(lib_a-signalr.o)
 .ARM.attributes
                0x00000a8b       0x2d c:/users/josh/appdata/local/arduino15/packages/arduino/tools/arm-none-eabi-gcc/4.8.3-2014q1/bin/../lib/gcc/arm-none-eabi/4.8.3/../../../../arm-none-eabi/lib/armv7-m\libg.a(lib_a-stdio.o)
 .ARM.attributes
                0x00000ab8       0x2d c:/users/josh/appdata/local/arduino15/packages/arduino/tools/arm-none-eabi-gcc/4.8.3-2014q1/bin/../lib/gcc/arm-none-eabi/4.8.3/../../../../arm-none-eabi/lib/armv7-m\libg.a(lib_a-wbuf.o)
 .ARM.attributes
                0x00000ae5       0x2d c:/users/josh/appdata/local/arduino15/packages/arduino/tools/arm-none-eabi-gcc/4.8.3-2014q1/bin/../lib/gcc/arm-none-eabi/4.8.3/../../../../arm-none-eabi/lib/armv7-m\libg.a(lib_a-wcrtomb.o)
 .ARM.attributes
                0x00000b12       0x2d c:/users/josh/appdata/local/arduino15/packages/arduino/tools/arm-none-eabi-gcc/4.8.3-2014q1/bin/../lib/gcc/arm-none-eabi/4.8.3/../../../../arm-none-eabi/lib/armv7-m\libg.a(lib_a-wctomb_r.o)
 .ARM.attributes
                0x00000b3f       0x2d c:/users/josh/appdata/local/arduino15/packages/arduino/tools/arm-none-eabi-gcc/4.8.3-2014q1/bin/../lib/gcc/arm-none-eabi/4.8.3/../../../../arm-none-eabi/lib/armv7-m\libg.a(lib_a-writer.o)
 .ARM.attributes
                0x00000b6c       0x2d c:/users/josh/appdata/local/arduino15/packages/arduino/tools/arm-none-eabi-gcc/4.8.3-2014q1/bin/../lib/gcc/arm-none-eabi/4.8.3/../../../../arm-none-eabi/lib/armv7-m\libg.a(lib_a-__atexit.o)
 .ARM.attributes
                0x00000b99       0x2d c:/users/josh/appdata/local/arduino15/packages/arduino/tools/arm-none-eabi-gcc/4.8.3-2014q1/bin/../lib/gcc/arm-none-eabi/4.8.3/../../../../arm-none-eabi/lib/armv7-m\libg.a(lib_a-closer.o)
 .ARM.attributes
                0x00000bc6       0x2d c:/users/josh/appdata/local/arduino15/packages/arduino/tools/arm-none-eabi-gcc/4.8.3-2014q1/bin/../lib/gcc/arm-none-eabi/4.8.3/../../../../arm-none-eabi/lib/armv7-m\libg.a(lib_a-fclose.o)
 .ARM.attributes
                0x00000bf3       0x2d c:/users/josh/appdata/local/arduino15/packages/arduino/tools/arm-none-eabi-gcc/4.8.3-2014q1/bin/../lib/gcc/arm-none-eabi/4.8.3/../../../../arm-none-eabi/lib/armv7-m\libg.a(lib_a-fstatr.o)
 .ARM.attributes
                0x00000c20       0x2d c:/users/josh/appdata/local/arduino15/packages/arduino/tools/arm-none-eabi-gcc/4.8.3-2014q1/bin/../lib/gcc/arm-none-eabi/4.8.3/../../../../arm-none-eabi/lib/armv7-m\libg.a(lib_a-isattyr.o)
 .ARM.attributes
                0x00000c4d       0x2d c:/users/josh/appdata/local/arduino15/packages/arduino/tools/arm-none-eabi-gcc/4.8.3-2014q1/bin/../lib/gcc/arm-none-eabi/4.8.3/../../../../arm-none-eabi/lib/armv7-m\libg.a(lib_a-lseekr.o)
 .ARM.attributes
                0x00000c7a       0x2d c:/users/josh/appdata/local/arduino15/packages/arduino/tools/arm-none-eabi-gcc/4.8.3-2014q1/bin/../lib/gcc/arm-none-eabi/4.8.3/../../../../arm-none-eabi/lib/armv7-m\libg.a(lib_a-readr.o)
 .ARM.attributes
                0x00000ca7       0x2d c:/users/josh/appdata/local/arduino15/packages/arduino/tools/arm-none-eabi-gcc/4.8.3-2014q1/bin/../lib/gcc/arm-none-eabi/4.8.3/../../../../arm-none-eabi/lib/armv7-m\libg.a(lib_a-reent.o)
 .ARM.attributes
                0x00000cd4       0x1d c:/users/josh/appdata/local/arduino15/packages/arduino/tools/arm-none-eabi-gcc/4.8.3-2014q1/bin/../lib/gcc/arm-none-eabi/4.8.3/armv7-m\libgcc.a(_aeabi_uldivmod.o)
 .ARM.attributes
                0x00000cf1       0x2d c:/users/josh/appdata/local/arduino15/packages/arduino/tools/arm-none-eabi-gcc/4.8.3-2014q1/bin/../lib/gcc/arm-none-eabi/4.8.3/armv7-m\libgcc.a(bpabi.o)
 .ARM.attributes
                0x00000d1e       0x1d c:/users/josh/appdata/local/arduino15/packages/arduino/tools/arm-none-eabi-gcc/4.8.3-2014q1/bin/../lib/gcc/arm-none-eabi/4.8.3/armv7-m\libgcc.a(_dvmd_tls.o)
 .ARM.attributes