Archive member included because of file (symbol)

C:\Users\codiw\AppData\Local\arduino15\packages\UDOO\hardware\sam\1.6.7\variants\udooqdl/libsam_sam3x8e_gcc_rel.a(pio.o)
                              C:\Users\codiw\AppData\Local\Temp\VMicroBuilds\CodexHyperloopControlProject\UDOO_udoo_sam_udooqdl\Wire\Wire.cpp.o (PIO_Configure)
C:\Users\codiw\AppData\Local\arduino15\packages\UDOO\hardware\sam\1.6.7\variants\udooqdl/libsam_sam3x8e_gcc_rel.a(pmc.o)
                              C:\Users\codiw\AppData\Local\Temp\VMicroBuilds\CodexHyperloopControlProject\UDOO_udoo_sam_udooqdl\Wire\Wire.cpp.o (pmc_enable_periph_clk)
C:\Users\codiw\AppData\Local\arduino15\packages\UDOO\hardware\sam\1.6.7\variants\udooqdl/libsam_sam3x8e_gcc_rel.a(spi.o)
                              C:\Users\codiw\AppData\Local\Temp\VMicroBuilds\CodexHyperloopControlProject\UDOO_udoo_sam_udooqdl\SPI\SPI.cpp.o (SPI_Enable)
C:\Users\codiw\AppData\Local\arduino15\packages\UDOO\hardware\sam\1.6.7\variants\udooqdl/libsam_sam3x8e_gcc_rel.a(twi.o)
                              C:\Users\codiw\AppData\Local\Temp\VMicroBuilds\CodexHyperloopControlProject\UDOO_udoo_sam_udooqdl\Wire\Wire.cpp.o (TWI_SetClock)
C:\Users\codiw\AppData\Local\arduino15\packages\UDOO\hardware\sam\1.6.7\variants\udooqdl/libsam_sam3x8e_gcc_rel.a(startup_sam3xa.o)
                              (Reset_Handler)
C:\Users\codiw\AppData\Local\arduino15\packages\UDOO\hardware\sam\1.6.7\variants\udooqdl/libsam_sam3x8e_gcc_rel.a(uotghs.o)
                              C:\Users\codiw\AppData\Local\arduino15\packages\UDOO\hardware\sam\1.6.7\variants\udooqdl/libsam_sam3x8e_gcc_rel.a(startup_sam3xa.o) (UOTGHS_Handler)
C:\Users\codiw\AppData\Local\Temp\VMicroBuilds\CodexHyperloopControlProject\UDOO_udoo_sam_udooqdl/core.a(cortex_handlers.c.o)
                              C:\Users\codiw\AppData\Local\arduino15\packages\UDOO\hardware\sam\1.6.7\variants\udooqdl/libsam_sam3x8e_gcc_rel.a(startup_sam3xa.o) (NMI_Handler)
C:\Users\codiw\AppData\Local\Temp\VMicroBuilds\CodexHyperloopControlProject\UDOO_udoo_sam_udooqdl/core.a(hooks.c.o)
                              C:\Users\codiw\AppData\Local\Temp\VMicroBuilds\CodexHyperloopControlProject\UDOO_udoo_sam_udooqdl/core.a(cortex_handlers.c.o) (sysTickHook)
C:\Users\codiw\AppData\Local\Temp\VMicroBuilds\CodexHyperloopControlProject\UDOO_udoo_sam_udooqdl/core.a(syscalls_sam3.c.o)
                              (_sbrk)
C:\Users\codiw\AppData\Local\Temp\VMicroBuilds\CodexHyperloopControlProject\UDOO_udoo_sam_udooqdl/core.a(wiring.c.o)
                              C:\Users\codiw\AppData\Local\Temp\VMicroBuilds\CodexHyperloopControlProject\UDOO_udoo_sam_udooqdl\CodexHyperloopControlProject.cpp.o (millis)
C:\Users\codiw\AppData\Local\Temp\VMicroBuilds\CodexHyperloopControlProject\UDOO_udoo_sam_udooqdl/core.a(wiring_digital.c.o)
                              C:\Users\codiw\AppData\Local\Temp\VMicroBuilds\CodexHyperloopControlProject\UDOO_udoo_sam_udooqdl\SPI\SPI.cpp.o (pinMode)
C:\Users\codiw\AppData\Local\Temp\VMicroBuilds\CodexHyperloopControlProject\UDOO_udoo_sam_udooqdl/core.a(abi.cpp.o)
                              C:\Users\codiw\AppData\Local\Temp\VMicroBuilds\CodexHyperloopControlProject\UDOO_udoo_sam_udooqdl\CodexHyperloopControlProject.cpp.o (__cxa_pure_virtual)
C:\Users\codiw\AppData\Local\Temp\VMicroBuilds\CodexHyperloopControlProject\UDOO_udoo_sam_udooqdl/core.a(main.cpp.o)
                              c:/users/codiw/appdata/local/arduino15/packages/arduino/tools/arm-none-eabi-gcc/4.8.3-2014q1/bin/../lib/gcc/arm-none-eabi/4.8.3/../../../../arm-none-eabi/lib/armv7-m/crt0.o (main)
C:\Users\codiw\AppData\Local\Temp\VMicroBuilds\CodexHyperloopControlProject\UDOO_udoo_sam_udooqdl/core.a(new.cpp.o)
                              C:\Users\codiw\AppData\Local\Temp\VMicroBuilds\CodexHyperloopControlProject\UDOO_udoo_sam_udooqdl\CodexHyperloopControlProject.cpp.o (operator delete(void*))
C:\Users\codiw\AppData\Local\Temp\VMicroBuilds\CodexHyperloopControlProject\UDOO_udoo_sam_udooqdl/core.a(Print.cpp.o)
                              C:\Users\codiw\AppData\Local\Temp\VMicroBuilds\CodexHyperloopControlProject\UDOO_udoo_sam_udooqdl\Wire\Wire.cpp.o (Print::write(unsigned char const*, unsigned int))
C:\Users\codiw\AppData\Local\Temp\VMicroBuilds\CodexHyperloopControlProject\UDOO_udoo_sam_udooqdl/core.a(Reset.cpp.o)
                              C:\Users\codiw\AppData\Local\Temp\VMicroBuilds\CodexHyperloopControlProject\UDOO_udoo_sam_udooqdl/core.a(cortex_handlers.c.o) (tickReset)
C:\Users\codiw\AppData\Local\Temp\VMicroBuilds\CodexHyperloopControlProject\UDOO_udoo_sam_udooqdl/core.a(UARTClass.cpp.o)
                              C:\Users\codiw\AppData\Local\Temp\VMicroBuilds\CodexHyperloopControlProject\UDOO_udoo_sam_udooqdl\CodexHyperloopControlProject.cpp.o (UARTClass::begin(unsigned long))
C:\Users\codiw\AppData\Local\Temp\VMicroBuilds\CodexHyperloopControlProject\UDOO_udoo_sam_udooqdl/core.a(watchdog.cpp.o)
[...]
Memory Configuration

Name             Origin             Length             Attributes
rom              0x00080000         0x00080000         xr
sram0            0x20000000         0x00010000         xrw
sram1            0x20080000         0x00008000         xrw
ram              0x20070000         0x00018000         xrw
*default*        0x00000000         0xffffffff

Linker script and memory map

LOAD c:/users/codiw/appdata/local/arduino15/packages/arduino/tools/arm-none-eabi-gcc/4.8.3-2014q1/bin/../lib/gcc/arm-none-eabi/4.8.3/armv7-m/crti.o
LOAD c:/users/codiw/appdata/local/arduino15/packages/arduino/tools/arm-none-eabi-gcc/4.8.3-2014q1/bin/../lib/gcc/arm-none-eabi/4.8.3/armv7-m/crtbegin.o
LOAD c:/users/codiw/appdata/local/arduino15/packages/arduino/tools/arm-none-eabi-gcc/4.8.3-2014q1/bin/../lib/gcc/arm-none-eabi/4.8.3/../../../../arm-none-eabi/lib/armv7-m/crt0.o
START GROUP
LOAD C:\Users\codiw\AppData\Local\Temp\VMicroBuilds\CodexHyperloopControlProject\UDOO_udoo_sam_udooqdl\CodexHyperloopControlProject.cpp.o
LOAD C:\Users\codiw\AppData\Local\Temp\VMicroBuilds\CodexHyperloopControlProject\UDOO_udoo_sam_udooqdl\Wire\Wire.cpp.o
LOAD C:\Users\codiw\AppData\Local\Temp\VMicroBuilds\CodexHyperloopControlProject\UDOO_udoo_sam_udooqdl\SPI\SPI.cpp.o
LOAD C:\Users\codiw\AppData\Local\Temp\VMicroBuilds\CodexHyperloopControlProject\UDOO_udoo_sam_udooqdl\Adafruit_LSM9DS0_Library-Edited\Adafruit_LSM9DS0.cpp.o
LOAD C:\Users\codiw\AppData\Local\arduino15\packages\UDOO\hardware\sam\1.6.7\variants\udooqdl/libsam_sam3x8e_gcc_rel.a
LOAD C:\Users\codiw\AppData\Local\Temp\VMicroBuilds\CodexHyperloopControlProject\UDOO_udoo_sam_udooqdl/core.a
END GROUP
LOAD c:/users/codiw/appdata/local/arduino15/packages/arduino/tools/arm-none-eabi-gcc/4.8.3-2014q1/bin/../lib/gcc/arm-none-eabi/4.8.3/../../../../arm-none-eabi/lib/armv7-m\libm.a
START GROUP
LOAD c:/users/codiw/appdata/local/arduino15/packages/arduino/tools/arm-none-eabi-gcc/4.8.3-2014q1/bin/../lib/gcc/arm-none-eabi/4.8.3/armv7-m\libgcc.a
LOAD c:/users/codiw/appdata/local/arduino15/packages/arduino/tools/arm-none-eabi-gcc/4.8.3-2014q1/bin/../lib/gcc/arm-none-eabi/4.8.3/../../../../arm-none-eabi/lib/armv7-m\libg.a
LOAD c:/users/codiw/appdata/local/arduino15/packages/arduino/tools/arm-none-eabi-gcc/4.8.3-2014q1/bin/../lib/gcc/arm-none-eabi/4.8.3/../../../../arm-none-eabi/lib/armv7-m\libc.a
END GROUP
LOAD c:/users/codiw/appdata/local/arduino15/packages/arduino/tools/arm-none-eabi-gcc/4.8.3-2014q1/bin/../lib/gcc/arm-none-eabi/4.8.3/armv7-m/crtend.o
LOAD c:/users/codiw/appdata/local/arduino15/packages/arduino/tools/arm-none-eabi-gcc/4.8.3-2014q1/bin/../lib/gcc/arm-none-eabi/4.8.3/armv7-m/crtn.o

.text           0x00080000     0x8818
                0x00080000                . = ALIGN (0x4)
                0x00080000                _sfixed = .
 *(.vectors .vectors.*)
 .vectors       0x00080000       0xf4 C:\Users\codiw\AppData\Local\arduino15\packages\UDOO\hardware\sam\1.6.7\variants\udooqdl/libsam_sam3x8e_gcc_rel.a(startup_sam3xa.o)
                0x00080000                exception_table
 *(.text .text.* .gnu.linkonce.t.*)
 .text          0x000800f4       0x54 c:/users/codiw/appdata/local/arduino15/packages/arduino/tools/arm-none-eabi-gcc/4.8.3-2014q1/bin/../lib/gcc/arm-none-eabi/4.8.3/armv7-m/crtbegin.o
 .text._ZN15Adafruit_SensorD2Ev
                0x00080148        0xc C:\Users\codiw\AppData\Local\Temp\VMicroBuilds\CodexHyperloopControlProject\UDOO_udoo_sam_udooqdl\CodexHyperloopControlProject.cpp.o
                0x00080148                Adafruit_Sensor::~Adafruit_Sensor()
                0x00080148                Adafruit_Sensor::~Adafruit_Sensor()
 .text._ZN15Adafruit_Sensor15enableAutoRangeEb
                0x00080154        0x2 C:\Users\codiw\AppData\Local\Temp\VMicroBuilds\CodexHyperloopControlProject\UDOO_udoo_sam_udooqdl\CodexHyperloopControlProject.cpp.o
                0x00080154                Adafruit_Sensor::enableAutoRange(bool)
 .text._ZN16Adafruit_LSM9DS06Sensor9getSensorEP8sensor_t
                0x00080156       0x1e C:\Users\codiw\AppData\Local\Temp\VMicroBuilds\CodexHyperloopControlProject\UDOO_udoo_sam_udooqdl\CodexHyperloopControlProject.cpp.o
                0x00080156                Adafruit_LSM9DS0::Sensor::getSensor(sensor_t*)
 .text._ZN16Adafruit_LSM9DS0D2Ev
                0x00080174       0x18 C:\Users\codiw\AppData\Local\Temp\VMicroBuilds\CodexHyperloopControlProject\UDOO_udoo_sam_udooqdl\CodexHyperloopControlProject.cpp.o
                0x00080174                Adafruit_LSM9DS0::~Adafruit_LSM9DS0()
                0x00080174                Adafruit_LSM9DS0::~Adafruit_LSM9DS0()
 .text._ZN16Adafruit_LSM9DS06SensorD2Ev
                0x0008018c        0xc C:\Users\codiw\AppData\Local\Temp\VMicroBuilds\CodexHyperloopControlProject\UDOO_udoo_sam_udooqdl\CodexHyperloopControlProject.cpp.o
                0x0008018c                Adafruit_LSM9DS0::Sensor::~Sensor()
                0x0008018c                Adafruit_LSM9DS0::Sensor::~Sensor()
 .text._ZN15Adafruit_SensorD0Ev
                0x00080198       0x14 C:\Users\codiw\AppData\Local\Temp\VMicroBuilds\CodexHyperloopControlProject\UDOO_udoo_sam_udooqdl\CodexHyperloopControlProject.cpp.o
                0x00080198                Adafruit_Sensor::~Adafruit_Sensor()
 .text._ZN16Adafruit_LSM9DS06SensorD0Ev
                0x000801ac       0x14 C:\Users\codiw\AppData\Local\Temp\VMicroBuilds\CodexHyperloopControlProject\UDOO_udoo_sam_udooqdl\CodexHyperloopControlProject.cpp.o
                0x000801ac                Adafruit_LSM9DS0::Sensor::~Sensor()
 .text._ZN16Adafruit_LSM9DS06Sensor8getEventEP15sensors_event_t
                0x000801c0       0x48 C:\Users\codiw\AppData\Local\Temp\VMicroBuilds\CodexHyperloopControlProject\UDOO_udoo_sam_udooqdl\CodexHyperloopControlProject.cpp.o
                0x000801c0                Adafruit_LSM9DS0::Sensor::getEvent(sensors_event_t*)
 .text.loop     0x00080208      0x22c C:\Users\codiw\AppData\Local\Temp\VMicroBuilds\CodexHyperloopControlProject\UDOO_udoo_sam_udooqdl\CodexHyperloopControlProject.cpp.o
                0x00080208                loop
 .text._Z20displaySensorDetailsv
                0x00080434      0x35c C:\Users\codiw\AppData\Local\Temp\VMicroBuilds\CodexHyperloopControlProject\UDOO_udoo_sam_udooqdl\CodexHyperloopControlProject.cpp.o
                0x00080434                displaySensorDetails()
 .text._Z15configureSensorv
                0x00080790       0x24 C:\Users\codiw\AppData\Local\Temp\VMicroBuilds\CodexHyperloopControlProject\UDOO_udoo_sam_udooqdl\CodexHyperloopControlProject.cpp.o
                0x00080790                configureSensor()
 .text.startup._GLOBAL__sub_I_stage
                0x000807b4       0x2c C:\Users\codiw\AppData\Local\Temp\VMicroBuilds\CodexHyperloopControlProject\UDOO_udoo_sam_udooqdl\CodexHyperloopControlProject.cpp.o
 .text.setup    0x000807e0       0x64 C:\Users\codiw\AppData\Local\Temp\VMicroBuilds\CodexHyperloopControlProject\UDOO_udoo_sam_udooqdl\CodexHyperloopControlProject.cpp.o
                0x000807e0                setup
 .text._ZN7TwoWire5writeEPKhj
                0x00080844       0x50 C:\Users\codiw\AppData\Local\Temp\VMicroBuilds\CodexHyperloopControlProject\UDOO_udoo_sam_udooqdl\Wire\Wire.cpp.o
                0x00080844                TwoWire::write(unsigned char const*, unsigned int)
 .text._ZN7TwoWire9availableEv
                0x00080894        0xc C:\Users\codiw\AppData\Local\Temp\VMicroBuilds\CodexHyperloopControlProject\UDOO_udoo_sam_udooqdl\Wire\Wire.cpp.o
                0x00080894                TwoWire::available()
 .text._ZN7TwoWire4readEv
                0x000808a0       0x1e C:\Users\codiw\AppData\Local\Temp\VMicroBuilds\CodexHyperloopControlProject\UDOO_udoo_sam_udooqdl\Wire\Wire.cpp.o
                0x000808a0                TwoWire::read()
 .text._ZN7TwoWire4peekEv
                0x000808be       0x16 C:\Users\codiw\AppData\Local\Temp\VMicroBuilds\CodexHyperloopControlProject\UDOO_udoo_sam_udooqdl\Wire\Wire.cpp.o
                0x000808be                TwoWire::peek()
 .text._ZN7TwoWire5flushEv
                0x000808d4        0x2 C:\Users\codiw\AppData\Local\Temp\VMicroBuilds\CodexHyperloopControlProject\UDOO_udoo_sam_udooqdl\Wire\Wire.cpp.o
                0x000808d4                TwoWire::flush()
 .text._ZN7TwoWire5writeEh
                0x000808d6       0x3a C:\Users\codiw\AppData\Local\Temp\VMicroBuilds\CodexHyperloopControlProject\UDOO_udoo_sam_udooqdl\Wire\Wire.cpp.o
                0x000808d6                TwoWire::write(unsigned char)
 .text._ZL16TWI_WaitByteSentP3Twim.constprop.3
                0x00080910       0x2c C:\Users\codiw\AppData\Local\Temp\VMicroBuilds\CodexHyperloopControlProject\UDOO_udoo_sam_udooqdl\Wire\Wire.cpp.o
 .text._ZL24TWI_WaitTransferCompleteP3Twim.constprop.4
                0x0008093c       0x2c C:\Users\codiw\AppData\Local\Temp\VMicroBuilds\CodexHyperloopControlProject\UDOO_udoo_sam_udooqdl\Wire\Wire.cpp.o
 .text._ZL9Wire_Initv
                0x00080968       0x54 C:\Users\codiw\AppData\Local\Temp\VMicroBuilds\CodexHyperloopControlProject\UDOO_udoo_sam_udooqdl\Wire\Wire.cpp.o
 .text._ZL12Wire1_Deinitv
                0x000809bc       0x18 C:\Users\codiw\AppData\Local\Temp\VMicroBuilds\CodexHyperloopControlProject\UDOO_udoo_sam_udooqdl\Wire\Wire.cpp.o
 .text._ZL11Wire_Deinitv
                0x000809d4       0x18 C:\Users\codiw\AppData\Local\Temp\VMicroBuilds\CodexHyperloopControlProject\UDOO_udoo_sam_udooqdl\Wire\Wire.cpp.o
 .text._ZL10Wire1_Initv
                0x000809ec       0x54 C:\Users\codiw\AppData\Local\Temp\VMicroBuilds\CodexHyperloopControlProject\UDOO_udoo_sam_udooqdl\Wire\Wire.cpp.o
 .text._ZN7TwoWireC2EP3TwiPFvvES3_
                0x00080a40       0x48 C:\Users\codiw\AppData\Local\Temp\VMicroBuilds\CodexHyperloopControlProject\UDOO_udoo_sam_udooqdl\Wire\Wire.cpp.o
                0x00080a40                TwoWire::TwoWire(Twi*, void (*)(), void (*)())
                0x00080a40                TwoWire::TwoWire(Twi*, void (*)(), void (*)())
 .text._ZN7TwoWire5beginEv
                0x00080a88       0x30 C:\Users\codiw\AppData\Local\Temp\VMicroBuilds\CodexHyperloopControlProject\UDOO_udoo_sam_udooqdl\Wire\Wire.cpp.o
                0x00080a88                TwoWire::begin()
 .text._ZN7TwoWire11requestFromEhhmhh
                0x00080ab8       0x78 C:\Users\codiw\AppData\Local\Temp\VMicroBuilds\CodexHyperloopControlProject\UDOO_udoo_sam_udooqdl\Wire\Wire.cpp.o
                0x00080ab8                TwoWire::requestFrom(unsigned char, unsigned char, unsigned long, unsigned char, unsigned char)
 .text._ZN7TwoWire11requestFromEhhh
                0x00080b30       0x12 C:\Users\codiw\AppData\Local\Temp\VMicroBuilds\CodexHyperloopControlProject\UDOO_udoo_sam_udooqdl\Wire\Wire.cpp.o
                0x00080b30                TwoWire::requestFrom(unsigned char, unsigned char, unsigned char)
 .text._ZN7TwoWire11requestFromEhh
                0x00080b42        0x6 C:\Users\codiw\AppData\Local\Temp\VMicroBuilds\CodexHyperloopControlProject\UDOO_udoo_sam_udooqdl\Wire\Wire.cpp.o
                0x00080b42                TwoWire::requestFrom(unsigned char, unsigned char)
 .text._ZN7TwoWire17beginTransmissionEh
                0x00080b48       0x12 C:\Users\codiw\AppData\Local\Temp\VMicroBuilds\CodexHyperloopControlProject\UDOO_udoo_sam_udooqdl\Wire\Wire.cpp.o
                0x00080b48                TwoWire::beginTransmission(unsigned char)
 .text._ZN7TwoWire15endTransmissionEh
                0x00080b5a       0x82 C:\Users\codiw\AppData\Local\Temp\VMicroBuilds\CodexHyperloopControlProject\UDOO_udoo_sam_udooqdl\Wire\Wire.cpp.o
                0x00080b5a                TwoWire::endTransmission(unsigned char)
 .text._ZN7TwoWire15endTransmissionEv
                0x00080bdc        0x6 C:\Users\codiw\AppData\Local\Temp\VMicroBuilds\CodexHyperloopControlProject\UDOO_udoo_sam_udooqdl\Wire\Wire.cpp.o
                0x00080bdc                TwoWire::endTransmission()
 .text._ZN7TwoWire9onServiceEv
                0x00080be2      0x118 C:\Users\codiw\AppData\Local\Temp\VMicroBuilds\CodexHyperloopControlProject\UDOO_udoo_sam_udooqdl\Wire\Wire.cpp.o
                0x00080be2                TwoWire::onService()
 *fill*         0x00080cfa        0x2 
 .text.TWI1_Handler
                0x00080cfc        0xc C:\Users\codiw\AppData\Local\Temp\VMicroBuilds\CodexHyperloopControlProject\UDOO_udoo_sam_udooqdl\Wire\Wire.cpp.o
                0x00080cfc                TWI1_Handler
 .text.TWI0_Handler
                0x00080d08        0xc C:\Users\codiw\AppData\Local\Temp\VMicroBuilds\CodexHyperloopControlProject\UDOO_udoo_sam_udooqdl\Wire\Wire.cpp.o
                0x00080d08                TWI0_Handler
 .text.startup._GLOBAL__sub_I__ZN7TwoWireC2EP3TwiPFvvES3_
                0x00080d14       0x40 C:\Users\codiw\AppData\Local\Temp\VMicroBuilds\CodexHyperloopControlProject\UDOO_udoo_sam_udooqdl\Wire\Wire.cpp.o
 .text._ZL10SPI_0_Initv
                0x00080d54       0x48 C:\Users\codiw\AppData\Local\Temp\VMicroBuilds\CodexHyperloopControlProject\UDOO_udoo_sam_udooqdl\SPI\SPI.cpp.o
 .text._ZN8SPIClass4initEv
                0x00080d9c       0x36 C:\Users\codiw\AppData\Local\Temp\VMicroBuilds\CodexHyperloopControlProject\UDOO_udoo_sam_udooqdl\SPI\SPI.cpp.o
                0x00080d9c                SPIClass::init()
 *fill*         0x00080dd2        0x2 
 .text._ZN8SPIClass16beginTransactionEh11SPISettings
                0x00080dd4       0x98 C:\Users\codiw\AppData\Local\Temp\VMicroBuilds\CodexHyperloopControlProject\UDOO_udoo_sam_udooqdl\SPI\SPI.cpp.o
                0x00080dd4                SPIClass::beginTransaction(unsigned char, SPISettings)
 .text._ZN8SPIClass14endTransactionEv
                0x00080e6c       0x50 C:\Users\codiw\AppData\Local\Temp\VMicroBuilds\CodexHyperloopControlProject\UDOO_udoo_sam_udooqdl\SPI\SPI.cpp.o
                0x00080e6c                SPIClass::endTransaction()
 .text._ZN8SPIClass11setDataModeEhh
                0x00080ebc       0x34 C:\Users\codiw\AppData\Local\Temp\VMicroBuilds\CodexHyperloopControlProject\UDOO_udoo_sam_udooqdl\SPI\SPI.cpp.o
                0x00080ebc                SPIClass::setDataMode(unsigned char, unsigned char)
 .text._ZN8SPIClass15setClockDividerEhh
                0x00080ef0       0x2e C:\Users\codiw\AppData\Local\Temp\VMicroBuilds\CodexHyperloopControlProject\UDOO_udoo_sam_udooqdl\SPI\SPI.cpp.o
                0x00080ef0                SPIClass::setClockDivider(unsigned char, unsigned char)
 .text._ZN8SPIClass5beginEv
                0x00080f1e       0x22 C:\Users\codiw\AppData\Local\Temp\VMicroBuilds\CodexHyperloopControlProject\UDOO_udoo_sam_udooqdl\SPI\SPI.cpp.o
                0x00080f1e                SPIClass::begin()
 .text._ZN8SPIClass8transferEhh15SPITransferMode
                0x00080f40       0x5e C:\Users\codiw\AppData\Local\Temp\VMicroBuilds\CodexHyperloopControlProject\UDOO_udoo_sam_udooqdl\SPI\SPI.cpp.o
                0x00080f40                SPIClass::transfer(unsigned char, unsigned char, SPITransferMode)
 *fill*         0x00080f9e        0x2 
 .text.startup._GLOBAL__sub_I__ZN8SPIClassC2EP3SpimPFvvE
                0x00080fa0       0x24 C:\Users\codiw\AppData\Local\Temp\VMicroBuilds\CodexHyperloopControlProject\UDOO_udoo_sam_udooqdl\SPI\SPI.cpp.o
 .text._ZN16Adafruit_LSM9DS013getAccelEventEP15sensors_event_tm
                0x00080fc4       0xec C:\Users\codiw\AppData\Local\Temp\VMicroBuilds\CodexHyperloopControlProject\UDOO_udoo_sam_udooqdl\Adafruit_LSM9DS0_Library-Edited\Adafruit_LSM9DS0.cpp.o
                0x00080fc4                Adafruit_LSM9DS0::getAccelEvent(sensors_event_t*, unsigned long)
 .text._ZN16Adafruit_LSM9DS011getMagEventEP15sensors_event_tm
                0x000810b0       0x60 C:\Users\codiw\AppData\Local\Temp\VMicroBuilds\CodexHyperloopControlProject\UDOO_udoo_sam_udooqdl\Adafruit_LSM9DS0_Library-Edited\Adafruit_LSM9DS0.cpp.o
                0x000810b0                Adafruit_LSM9DS0::getMagEvent(sensors_event_t*, unsigned long)
 .text._ZN16Adafruit_LSM9DS012getGyroEventEP15sensors_event_tm
                0x00081110       0x48 C:\Users\codiw\AppData\Local\Temp\VMicroBuilds\CodexHyperloopControlProject\UDOO_udoo_sam_udooqdl\Adafruit_LSM9DS0_Library-Edited\Adafruit_LSM9DS0.cpp.o
                0x00081110                Adafruit_LSM9DS0::getGyroEvent(sensors_event_t*, unsigned long)
 .text._ZN16Adafruit_LSM9DS012getTempEventEP15sensors_event_tm
                0x00081158       0x40 C:\Users\codiw\AppData\Local\Temp\VMicroBuilds\CodexHyperloopControlProject\UDOO_udoo_sam_udooqdl\Adafruit_LSM9DS0_Library-Edited\Adafruit_LSM9DS0.cpp.o
                0x00081158                Adafruit_LSM9DS0::getTempEvent(sensors_event_t*, unsigned long)
 .text._ZN16Adafruit_LSM9DS014getAccelSensorEP8sensor_t
                0x00081198       0x3c C:\Users\codiw\AppData\Local\Temp\VMicroBuilds\CodexHyperloopControlProject\UDOO_udoo_sam_udooqdl\Adafruit_LSM9DS0_Library-Edited\Adafruit_LSM9DS0.cpp.o
                0x00081198                Adafruit_LSM9DS0::getAccelSensor(sensor_t*)
 .text._ZN16Adafruit_LSM9DS012getMagSensorEP8sensor_t
                0x000811d4       0x3c C:\Users\codiw\AppData\Local\Temp\VMicroBuilds\CodexHyperloopControlProject\UDOO_udoo_sam_udooqdl\Adafruit_LSM9DS0_Library-Edited\Adafruit_LSM9DS0.cpp.o
                0x000811d4                Adafruit_LSM9DS0::getMagSensor(sensor_t*)
 .text._ZN16Adafruit_LSM9DS013getGyroSensorEP8sensor_t
                0x00081210       0x3c C:\Users\codiw\AppData\Local\Temp\VMicroBuilds\CodexHyperloopControlProject\UDOO_udoo_sam_udooqdl\Adafruit_LSM9DS0_Library-Edited\Adafruit_LSM9DS0.cpp.o
                0x00081210                Adafruit_LSM9DS0::getGyroSensor(sensor_t*)
 .text._ZN16Adafruit_LSM9DS013getTempSensorEP8sensor_t
                0x0008124c       0x3c C:\Users\codiw\AppData\Local\Temp\VMicroBuilds\CodexHyperloopControlProject\UDOO_udoo_sam_udooqdl\Adafruit_LSM9DS0_Library-Edited\Adafruit_LSM9DS0.cpp.o
                0x0008124c                Adafruit_LSM9DS0::getTempSensor(sensor_t*)
 .text._ZN16Adafruit_LSM9DS06SensoraSERKS0_
                0x00081288       0x3c C:\Users\codiw\AppData\Local\Temp\VMicroBuilds\CodexHyperloopControlProject\UDOO_udoo_sam_udooqdl\Adafruit_LSM9DS0_Library-Edited\Adafruit_LSM9DS0.cpp.o
                0x00081288                Adafruit_LSM9DS0::Sensor::operator=(Adafruit_LSM9DS0::Sensor const&)
 .text._ZN16Adafruit_LSM9DS0C2Eaal
                0x000812c4      0x104 C:\Users\codiw\AppData\Local\Temp\VMicroBuilds\CodexHyperloopControlProject\UDOO_udoo_sam_udooqdl\Adafruit_LSM9DS0_Library-Edited\Adafruit_LSM9DS0.cpp.o
                0x000812c4                Adafruit_LSM9DS0::Adafruit_LSM9DS0(signed char, signed char, long)
                0x000812c4                Adafruit_LSM9DS0::Adafruit_LSM9DS0(signed char, signed char, long)
 .text._ZN16Adafruit_LSM9DS09getSensorEP8sensor_tS1_S1_S1_
                0x000813c8       0x34 C:\Users\codiw\AppData\Local\Temp\VMicroBuilds\CodexHyperloopControlProject\UDOO_udoo_sam_udooqdl\Adafruit_LSM9DS0_Library-Edited\Adafruit_LSM9DS0.cpp.o
                0x000813c8                Adafruit_LSM9DS0::getSensor(sensor_t*, sensor_t*, sensor_t*, sensor_t*)
 .text._ZN16Adafruit_LSM9DS07spixferEh
                0x000813fc       0x6c C:\Users\codiw\AppData\Local\Temp\VMicroBuilds\CodexHyperloopControlProject\UDOO_udoo_sam_udooqdl\Adafruit_LSM9DS0_Library-Edited\Adafruit_LSM9DS0.cpp.o
                0x000813fc                Adafruit_LSM9DS0::spixfer(unsigned char)
 .text._ZN16Adafruit_LSM9DS06write8Ebhh
                0x00081468       0x9c C:\Users\codiw\AppData\Local\Temp\VMicroBuilds\CodexHyperloopControlProject\UDOO_udoo_sam_udooqdl\Adafruit_LSM9DS0_Library-Edited\Adafruit_LSM9DS0.cpp.o
                0x00081468                Adafruit_LSM9DS0::write8(bool, unsigned char, unsigned char)
 .text._ZN16Adafruit_LSM9DS010readBufferEbhhPh
                0x00081504       0xd4 C:\Users\codiw\AppData\Local\Temp\VMicroBuilds\CodexHyperloopControlProject\UDOO_udoo_sam_udooqdl\Adafruit_LSM9DS0_Library-Edited\Adafruit_LSM9DS0.cpp.o
                0x00081504                Adafruit_LSM9DS0::readBuffer(bool, unsigned char, unsigned char, unsigned char*)
 .text._ZN16Adafruit_LSM9DS09readAccelEv
                0x000815d8       0x52 C:\Users\codiw\AppData\Local\Temp\VMicroBuilds\CodexHyperloopControlProject\UDOO_udoo_sam_udooqdl\Adafruit_LSM9DS0_Library-Edited\Adafruit_LSM9DS0.cpp.o
                0x000815d8                Adafruit_LSM9DS0::readAccel()
 .text._ZN16Adafruit_LSM9DS07readMagEv
                0x0008162a       0x52 C:\Users\codiw\AppData\Local\Temp\VMicroBuilds\CodexHyperloopControlProject\UDOO_udoo_sam_udooqdl\Adafruit_LSM9DS0_Library-Edited\Adafruit_LSM9DS0.cpp.o
                0x0008162a                Adafruit_LSM9DS0::readMag()
 .text._ZN16Adafruit_LSM9DS08readGyroEv
                0x0008167c       0x52 C:\Users\codiw\AppData\Local\Temp\VMicroBuilds\CodexHyperloopControlProject\UDOO_udoo_sam_udooqdl\Adafruit_LSM9DS0_Library-Edited\Adafruit_LSM9DS0.cpp.o
                0x0008167c                Adafruit_LSM9DS0::readGyro()
 .text._ZN16Adafruit_LSM9DS08readTempEv
                0x000816ce       0x26 C:\Users\codiw\AppData\Local\Temp\VMicroBuilds\CodexHyperloopControlProject\UDOO_udoo_sam_udooqdl\Adafruit_LSM9DS0_Library-Edited\Adafruit_LSM9DS0.cpp.o
                0x000816ce                Adafruit_LSM9DS0::readTemp()
 .text._ZN16Adafruit_LSM9DS04readEv
                0x000816f4       0x1e C:\Users\codiw\AppData\Local\Temp\VMicroBuilds\CodexHyperloopControlProject\UDOO_udoo_sam_udooqdl\Adafruit_LSM9DS0_Library-Edited\Adafruit_LSM9DS0.cpp.o
                0x000816f4                Adafruit_LSM9DS0::read()
 .text._ZN16Adafruit_LSM9DS08getEventEP15sensors_event_tS1_S1_S1_
                0x00081712       0x56 C:\Users\codiw\AppData\Local\Temp\VMicroBuilds\CodexHyperloopControlProject\UDOO_udoo_sam_udooqdl\Adafruit_LSM9DS0_Library-Edited\Adafruit_LSM9DS0.cpp.o
                0x00081712                Adafruit_LSM9DS0::getEvent(sensors_event_t*, sensors_event_t*, sensors_event_t*, sensors_event_t*)
 .text._ZN16Adafruit_LSM9DS05read8Ebh
                0x00081768       0x18 C:\Users\codiw\AppData\Local\Temp\VMicroBuilds\CodexHyperloopControlProject\UDOO_udoo_sam_udooqdl\Adafruit_LSM9DS0_Library-Edited\Adafruit_LSM9DS0.cpp.o
                0x00081768                Adafruit_LSM9DS0::read8(bool, unsigned char)
 .text._ZN16Adafruit_LSM9DS010setupAccelENS_19lsm9ds0AccelRange_tE
                0x00081780       0x64 C:\Users\codiw\AppData\Local\Temp\VMicroBuilds\CodexHyperloopControlProject\UDOO_udoo_sam_udooqdl\Adafruit_LSM9DS0_Library-Edited\Adafruit_LSM9DS0.cpp.o
                0x00081780                Adafruit_LSM9DS0::setupAccel(Adafruit_LSM9DS0::lsm9ds0AccelRange_t)
 .text._ZN16Adafruit_LSM9DS08setupMagENS_16lsm9ds0MagGain_tE
                0x000817e4       0x58 C:\Users\codiw\AppData\Local\Temp\VMicroBuilds\CodexHyperloopControlProject\UDOO_udoo_sam_udooqdl\Adafruit_LSM9DS0_Library-Edited\Adafruit_LSM9DS0.cpp.o
                0x000817e4                Adafruit_LSM9DS0::setupMag(Adafruit_LSM9DS0::lsm9ds0MagGain_t)
 .text._ZN16Adafruit_LSM9DS09setupGyroENS_18lsm9ds0GyroScale_tE
                0x0008183c       0x44 C:\Users\codiw\AppData\Local\Temp\VMicroBuilds\CodexHyperloopControlProject\UDOO_udoo_sam_udooqdl\Adafruit_LSM9DS0_Library-Edited\Adafruit_LSM9DS0.cpp.o
                0x0008183c                Adafruit_LSM9DS0::setupGyro(Adafruit_LSM9DS0::lsm9ds0GyroScale_t)
 .text._ZN16Adafruit_LSM9DS05beginEv
                0x00081880      0x130 C:\Users\codiw\AppData\Local\Temp\VMicroBuilds\CodexHyperloopControlProject\UDOO_udoo_sam_udooqdl\Adafruit_LSM9DS0_Library-Edited\Adafruit_LSM9DS0.cpp.o
                0x00081880                Adafruit_LSM9DS0::begin()
 .text.PIO_PullUp
                0x000819b0        0xa C:\Users\codiw\AppData\Local\arduino15\packages\UDOO\hardware\sam\1.6.7\variants\udooqdl/libsam_sam3x8e_gcc_rel.a(pio.o)
                0x000819b0                PIO_PullUp
 .text.PIO_Get  0x000819ba       0x14 C:\Users\codiw\AppData\Local\arduino15\packages\UDOO\hardware\sam\1.6.7\variants\udooqdl/libsam_sam3x8e_gcc_rel.a(pio.o)
                0x000819ba                PIO_Get
 .text.PIO_SetPeripheral
                0x000819ce       0x26 C:\Users\codiw\AppData\Local\arduino15\packages\UDOO\hardware\sam\1.6.7\variants\udooqdl/libsam_sam3x8e_gcc_rel.a(pio.o)
                0x000819ce                PIO_SetPeripheral
 .text.PIO_SetInput
                0x000819f4       0x26 C:\Users\codiw\AppData\Local\arduino15\packages\UDOO\hardware\sam\1.6.7\variants\udooqdl/libsam_sam3x8e_gcc_rel.a(pio.o)
                0x000819f4                PIO_SetInput
 .text.PIO_SetOutput
                0x00081a1a       0x24 C:\Users\codiw\AppData\Local\arduino15\packages\UDOO\hardware\sam\1.6.7\variants\udooqdl/libsam_sam3x8e_gcc_rel.a(pio.o)
                0x00081a1a                PIO_SetOutput
 *fill*         0x00081a3e        0x2 
 .text.PIO_Configure
                0x00081a40       0x64 C:\Users\codiw\AppData\Local\arduino15\packages\UDOO\hardware\sam\1.6.7\variants\udooqdl/libsam_sam3x8e_gcc_rel.a(pio.o)
                0x00081a40                PIO_Configure
 .text.PIO_GetOutputDataStatus
                0x00081aa4       0x14 C:\Users\codiw\AppData\Local\arduino15\packages\UDOO\hardware\sam\1.6.7\variants\udooqdl/libsam_sam3x8e_gcc_rel.a(pio.o)
                0x00081aa4                PIO_GetOutputDataStatus
 .text.pmc_enable_upll_clock
                0x00081ab8       0x14 C:\Users\codiw\AppData\Local\arduino15\packages\UDOO\hardware\sam\1.6.7\variants\udooqdl/libsam_sam3x8e_gcc_rel.a(pmc.o)
                0x00081ab8                pmc_enable_upll_clock
 .text.pmc_enable_periph_clk
                0x00081acc       0x44 C:\Users\codiw\AppData\Local\arduino15\packages\UDOO\hardware\sam\1.6.7\variants\udooqdl/libsam_sam3x8e_gcc_rel.a(pmc.o)
                0x00081acc                pmc_enable_periph_clk
 .text.pmc_disable_periph_clk
                0x00081b10       0x40 C:\Users\codiw\AppData\Local\arduino15\packages\UDOO\hardware\sam\1.6.7\variants\udooqdl/libsam_sam3x8e_gcc_rel.a(pmc.o)
                0x00081b10                pmc_disable_periph_clk
 .text.pmc_switch_udpck_to_upllck
                0x00081b50       0x14 C:\Users\codiw\AppData\Local\arduino15\packages\UDOO\hardware\sam\1.6.7\variants\udooqdl/libsam_sam3x8e_gcc_rel.a(pmc.o)
                0x00081b50                pmc_switch_udpck_to_upllck
 .text.pmc_enable_udpck
                0x00081b64        0xc C:\Users\codiw\AppData\Local\arduino15\packages\UDOO\hardware\sam\1.6.7\variants\udooqdl/libsam_sam3x8e_gcc_rel.a(pmc.o)
                0x00081b64                pmc_enable_udpck
 .text.SPI_Enable
                0x00081b70        0x6 C:\Users\codiw\AppData\Local\arduino15\packages\UDOO\hardware\sam\1.6.7\variants\udooqdl/libsam_sam3x8e_gcc_rel.a(spi.o)
                0x00081b70                SPI_Enable
 *fill*         0x00081b76        0x2 
 .text.SPI_Configure
                0x00081b78       0x20 C:\Users\codiw\AppData\Local\arduino15\packages\UDOO\hardware\sam\1.6.7\variants\udooqdl/libsam_sam3x8e_gcc_rel.a(spi.o)
                0x00081b78                SPI_Configure
 .text.SPI_ConfigureNPCS
                0x00081b98        0x8 C:\Users\codiw\AppData\Local\arduino15\packages\UDOO\hardware\sam\1.6.7\variants\udooqdl/libsam_sam3x8e_gcc_rel.a(spi.o)
                0x00081b98                SPI_ConfigureNPCS
 .text.TWI_SetClock
                0x00081ba0       0x58 C:\Users\codiw\AppData\Local\arduino15\packages\UDOO\hardware\sam\1.6.7\variants\udooqdl/libsam_sam3x8e_gcc_rel.a(twi.o)
                0x00081ba0                TWI_SetClock
 .text.TWI_Disable
                0x00081bf8       0x2c C:\Users\codiw\AppData\Local\arduino15\packages\UDOO\hardware\sam\1.6.7\variants\udooqdl/libsam_sam3x8e_gcc_rel.a(twi.o)
                0x00081bf8                TWI_Disable
 .text.TWI_ConfigureMaster
                0x00081c24       0x48 C:\Users\codiw\AppData\Local\arduino15\packages\UDOO\hardware\sam\1.6.7\variants\udooqdl/libsam_sam3x8e_gcc_rel.a(twi.o)
                0x00081c24                TWI_ConfigureMaster
 .text.TWI_Stop
                0x00081c6c       0x28 C:\Users\codiw\AppData\Local\arduino15\packages\UDOO\hardware\sam\1.6.7\variants\udooqdl/libsam_sam3x8e_gcc_rel.a(twi.o)
                0x00081c6c                TWI_Stop
 .text.TWI_StartRead
                0x00081c94       0x70 C:\Users\codiw\AppData\Local\arduino15\packages\UDOO\hardware\sam\1.6.7\variants\udooqdl/libsam_sam3x8e_gcc_rel.a(twi.o)
                0x00081c94                TWI_StartRead
 .text.TWI_ReadByte
                0x00081d04       0x28 C:\Users\codiw\AppData\Local\arduino15\packages\UDOO\hardware\sam\1.6.7\variants\udooqdl/libsam_sam3x8e_gcc_rel.a(twi.o)
                0x00081d04                TWI_ReadByte
 .text.TWI_WriteByte
                0x00081d2c       0x24 C:\Users\codiw\AppData\Local\arduino15\packages\UDOO\hardware\sam\1.6.7\variants\udooqdl/libsam_sam3x8e_gcc_rel.a(twi.o)
                0x00081d2c                TWI_WriteByte
 .text.TWI_StartWrite
                0x00081d50       0x7c C:\Users\codiw\AppData\Local\arduino15\packages\UDOO\hardware\sam\1.6.7\variants\udooqdl/libsam_sam3x8e_gcc_rel.a(twi.o)
                0x00081d50                TWI_StartWrite
 .text.TWI_EnableIt
                0x00081dcc       0x40 C:\Users\codiw\AppData\Local\arduino15\packages\UDOO\hardware\sam\1.6.7\variants\udooqdl/libsam_sam3x8e_gcc_rel.a(twi.o)
                0x00081dcc                TWI_EnableIt
 .text.TWI_DisableIt
                0x00081e0c       0x40 C:\Users\codiw\AppData\Local\arduino15\packages\UDOO\hardware\sam\1.6.7\variants\udooqdl/libsam_sam3x8e_gcc_rel.a(twi.o)
                0x00081e0c                TWI_DisableIt
 .text.TWI_GetStatus
                0x00081e4c       0x28 C:\Users\codiw\AppData\Local\arduino15\packages\UDOO\hardware\sam\1.6.7\variants\udooqdl/libsam_sam3x8e_gcc_rel.a(twi.o)
                0x00081e4c                TWI_GetStatus
 .text.TWI_SendSTOPCondition
                0x00081e74       0x2c C:\Users\codiw\AppData\Local\arduino15\packages\UDOO\hardware\sam\1.6.7\variants\udooqdl/libsam_sam3x8e_gcc_rel.a(twi.o)
                0x00081e74                TWI_SendSTOPCondition
 .text.Reset_Handler
                0x00081ea0       0x78 C:\Users\codiw\AppData\Local\arduino15\packages\UDOO\hardware\sam\1.6.7\variants\udooqdl/libsam_sam3x8e_gcc_rel.a(startup_sam3xa.o)
                0x00081ea0                Reset_Handler
 .text.UOTGHS_Handler
                0x00081f18       0x10 C:\Users\codiw\AppData\Local\arduino15\packages\UDOO\hardware\sam\1.6.7\variants\udooqdl/libsam_sam3x8e_gcc_rel.a(uotghs.o)
                0x00081f18                UOTGHS_Handler
 .text.__halt   0x00081f28        0x2 C:\Users\codiw\AppData\Local\Temp\VMicroBuilds\CodexHyperloopControlProject\UDOO_udoo_sam_udooqdl/core.a(cortex_handlers.c.o)
                0x00081f28                DACC_Handler
                0x00081f28                DebugMon_Handler
                0x00081f28                DMAC_Handler
                0x00081f28                TRNG_Handler
                0x00081f28                HardFault_Handler
                0x00081f28                TC2_Handler
                0x00081f28                NMI_Handler
                0x00081f28                TC7_Handler
                0x00081f28                ADC_Handler
                0x00081f28                SMC_Handler
                0x00081f28                RTT_Handler
                0x00081f28                EFC1_Handler
                0x00081f28                PIOB_Handler
                0x00081f28                RTC_Handler
                0x00081f28                UsageFault_Handler
                0x00081f28                TC6_Handler
                0x00081f28                WDT_Handler
                0x00081f28                CAN0_Handler
                0x00081f28                TC4_Handler
                0x00081f28                TC1_Handler
                0x00081f28                HSMCI_Handler
                0x00081f28                TC3_Handler
                0x00081f28                PIOA_Handler
                0x00081f28                SSC_Handler
                0x00081f28                EFC0_Handler
                0x00081f28                PMC_Handler
                0x00081f28                PWM_Handler
                0x00081f28                CAN1_Handler
                0x00081f28                MemManage_Handler
                0x00081f28                SUPC_Handler
                0x00081f28                TC8_Handler
                0x00081f28                USART2_Handler
                0x00081f28                PIOD_Handler
                0x00081f28                EMAC_Handler
                0x00081f28                PIOC_Handler
                0x00081f28                BusFault_Handler
                0x00081f28                RSTC_Handler
                0x00081f28                TC0_Handler
                0x00081f28                TC5_Handler
                0x00081f28                SPI0_Handler
 .text.SVC_Handler
                0x00081f2a        0x4 C:\Users\codiw\AppData\Local\Temp\VMicroBuilds\CodexHyperloopControlProject\UDOO_udoo_sam_udooqdl/core.a(cortex_handlers.c.o)
                0x00081f2a                SVC_Handler
 .text.PendSV_Handler
                0x00081f2e        0x4 C:\Users\codiw\AppData\Local\Temp\VMicroBuilds\CodexHyperloopControlProject\UDOO_udoo_sam_udooqdl/core.a(cortex_handlers.c.o)
                0x00081f2e                PendSV_Handler
 .text.SysTick_Handler
                0x00081f32       0x16 C:\Users\codiw\AppData\Local\Temp\VMicroBuilds\CodexHyperloopControlProject\UDOO_udoo_sam_udooqdl/core.a(cortex_handlers.c.o)
                0x00081f32                SysTick_Handler
 .text.__empty  0x00081f48        0x2 C:\Users\codiw\AppData\Local\Temp\VMicroBuilds\CodexHyperloopControlProject\UDOO_udoo_sam_udooqdl/core.a(hooks.c.o)
                0x00081f48                yield
 .text.__false  0x00081f4a        0x4 C:\Users\codiw\AppData\Local\Temp\VMicroBuilds\CodexHyperloopControlProject\UDOO_udoo_sam_udooqdl/core.a(hooks.c.o)
                0x00081f4a                sysTickHook
 .text.__halt   0x00081f4e        0x2 C:\Users\codiw\AppData\Local\Temp\VMicroBuilds\CodexHyperloopControlProject\UDOO_udoo_sam_udooqdl/core.a(hooks.c.o)
                0x00081f4e                svcHook
                0x00081f4e                pendSVHook
 .text._sbrk    0x00081f50       0x1c C:\Users\codiw\AppData\Local\Temp\VMicroBuilds\CodexHyperloopControlProject\UDOO_udoo_sam_udooqdl/core.a(syscalls_sam3.c.o)
                0x00081f50                _sbrk
 .text.link     0x00081f6c        0x6 C:\Users\codiw\AppData\Local\Temp\VMicroBuilds\CodexHyperloopControlProject\UDOO_udoo_sam_udooqdl/core.a(syscalls_sam3.c.o)
                0x00081f6c                link
 .text._close   0x00081f72        0x6 C:\Users\codiw\AppData\Local\Temp\VMicroBuilds\CodexHyperloopControlProject\UDOO_udoo_sam_udooqdl/core.a(syscalls_sam3.c.o)
                0x00081f72                _close
 .text._fstat   0x00081f78        0xa C:\Users\codiw\AppData\Local\Temp\VMicroBuilds\CodexHyperloopControlProject\UDOO_udoo_sam_udooqdl/core.a(syscalls_sam3.c.o)
                0x00081f78                _fstat
 .text._isatty  0x00081f82        0x4 C:\Users\codiw\AppData\Local\Temp\VMicroBuilds\CodexHyperloopControlProject\UDOO_udoo_sam_udooqdl/core.a(syscalls_sam3.c.o)
                0x00081f82                _isatty
 .text._lseek   0x00081f86        0x4 C:\Users\codiw\AppData\Local\Temp\VMicroBuilds\CodexHyperloopControlProject\UDOO_udoo_sam_udooqdl/core.a(syscalls_sam3.c.o)
                0x00081f86                _lseek
 .text._read    0x00081f8a        0x4 C:\Users\codiw\AppData\Local\Temp\VMicroBuilds\CodexHyperloopControlProject\UDOO_udoo_sam_udooqdl/core.a(syscalls_sam3.c.o)
                0x00081f8a                _read
 *fill*         0x00081f8e        0x2 
 .text._write   0x00081f90       0x24 C:\Users\codiw\AppData\Local\Temp\VMicroBuilds\CodexHyperloopControlProject\UDOO_udoo_sam_udooqdl/core.a(syscalls_sam3.c.o)
                0x00081f90                _write
 .text._exit    0x00081fb4       0x10 C:\Users\codiw\AppData\Local\Temp\VMicroBuilds\CodexHyperloopControlProject\UDOO_udoo_sam_udooqdl/core.a(syscalls_sam3.c.o)
                0x00081fb4                _exit
 .text._kill    0x00081fc4        0x2 C:\Users\codiw\AppData\Local\Temp\VMicroBuilds\CodexHyperloopControlProject\UDOO_udoo_sam_udooqdl/core.a(syscalls_sam3.c.o)
                0x00081fc4                _kill
 .text._getpid  0x00081fc6        0x6 C:\Users\codiw\AppData\Local\Temp\VMicroBuilds\CodexHyperloopControlProject\UDOO_udoo_sam_udooqdl/core.a(syscalls_sam3.c.o)
                0x00081fc6                _getpid
 .text.millis   0x00081fcc        0x4 C:\Users\codiw\AppData\Local\Temp\VMicroBuilds\CodexHyperloopControlProject\UDOO_udoo_sam_udooqdl/core.a(wiring.c.o)
                0x00081fcc                millis
 .text.delay    0x00081fd0       0x1c C:\Users\codiw\AppData\Local\Temp\VMicroBuilds\CodexHyperloopControlProject\UDOO_udoo_sam_udooqdl/core.a(wiring.c.o)
                0x00081fd0                delay
 .text.pinMode  0x00081fec      0x108 C:\Users\codiw\AppData\Local\Temp\VMicroBuilds\CodexHyperloopControlProject\UDOO_udoo_sam_udooqdl/core.a(wiring_digital.c.o)
                0x00081fec                pinMode
 .text.digitalWrite
                0x000820f4       0x70 C:\Users\codiw\AppData\Local\Temp\VMicroBuilds\CodexHyperloopControlProject\UDOO_udoo_sam_udooqdl/core.a(wiring_digital.c.o)
                0x000820f4                digitalWrite
 .text.digitalRead
                0x00082164       0x44 C:\Users\codiw\AppData\Local\Temp\VMicroBuilds\CodexHyperloopControlProject\UDOO_udoo_sam_udooqdl/core.a(wiring_digital.c.o)
                0x00082164                digitalRead
 .text.__cxa_pure_virtual
                0x000821a8        0x2 C:\Users\codiw\AppData\Local\Temp\VMicroBuilds\CodexHyperloopControlProject\UDOO_udoo_sam_udooqdl/core.a(abi.cpp.o)
                0x000821a8                __cxa_pure_virtual
 .text.initVariant
                0x000821aa        0x2 C:\Users\codiw\AppData\Local\Temp\VMicroBuilds\CodexHyperloopControlProject\UDOO_udoo_sam_udooqdl/core.a(main.cpp.o)
                0x000821aa                initVariant
 .text.startup.main
                0x000821ac       0x38 C:\Users\codiw\AppData\Local\Temp\VMicroBuilds\CodexHyperloopControlProject\UDOO_udoo_sam_udooqdl/core.a(main.cpp.o)
                0x000821ac                main
 .text._ZdlPv   0x000821e4        0x4 C:\Users\codiw\AppData\Local\Temp\VMicroBuilds\CodexHyperloopControlProject\UDOO_udoo_sam_udooqdl/core.a(new.cpp.o)
                0x000821e4                operator delete(void*)
 .text._ZN5Print5writeEPKhj
                0x000821e8       0x22 C:\Users\codiw\AppData\Local\Temp\VMicroBuilds\CodexHyperloopControlProject\UDOO_udoo_sam_udooqdl/core.a(Print.cpp.o)
                0x000821e8                Print::write(unsigned char const*, unsigned int)
 .text._ZN5Print5writeEPKc
                0x0008220a       0x1e C:\Users\codiw\AppData\Local\Temp\VMicroBuilds\CodexHyperloopControlProject\UDOO_udoo_sam_udooqdl/core.a(Print.cpp.o)
                0x0008220a                Print::write(char const*)
 .text._ZN5Print5printEPK19__FlashStringHelper
                0x00082228        0x8 C:\Users\codiw\AppData\Local\Temp\VMicroBuilds\CodexHyperloopControlProject\UDOO_udoo_sam_udooqdl/core.a(Print.cpp.o)
                0x00082228                Print::print(__FlashStringHelper const*)
 .text._ZN5Print5printEPKc
                0x00082230        0x8 C:\Users\codiw\AppData\Local\Temp\VMicroBuilds\CodexHyperloopControlProject\UDOO_udoo_sam_udooqdl/core.a(Print.cpp.o)
                0x00082230                Print::print(char const*)
 .text._ZN5Print5printEc
                0x00082238        0xa C:\Users\codiw\AppData\Local\Temp\VMicroBuilds\CodexHyperloopControlProject\UDOO_udoo_sam_udooqdl/core.a(Print.cpp.o)
                0x00082238                Print::print(char)
 *fill*         0x00082242        0x2 
 .text._ZN5Print7printlnEv
                0x00082244       0x10 C:\Users\codiw\AppData\Local\Temp\VMicroBuilds\CodexHyperloopControlProject\UDOO_udoo_sam_udooqdl/core.a(Print.cpp.o)
                0x00082244                Print::println()
 .text._ZN5Print7printlnEPK19__FlashStringHelper
                0x00082254       0x14 C:\Users\codiw\AppData\Local\Temp\VMicroBuilds\CodexHyperloopControlProject\UDOO_udoo_sam_udooqdl/core.a(Print.cpp.o)
                0x00082254                Print::println(__FlashStringHelper const*)
 .text._ZN5Print7printlnEPKc
                0x00082268       0x14 C:\Users\codiw\AppData\Local\Temp\VMicroBuilds\CodexHyperloopControlProject\UDOO_udoo_sam_udooqdl/core.a(Print.cpp.o)
                0x00082268                Print::println(char const*)
 .text._ZN5Print11printNumberEmh
                0x0008227c       0x3e C:\Users\codiw\AppData\Local\Temp\VMicroBuilds\CodexHyperloopControlProject\UDOO_udoo_sam_udooqdl/core.a(Print.cpp.o)
                0x0008227c                Print::printNumber(unsigned long, unsigned char)
 .text._ZN5Print5printEli
                0x000822ba       0x3c C:\Users\codiw\AppData\Local\Temp\VMicroBuilds\CodexHyperloopControlProject\UDOO_udoo_sam_udooqdl/core.a(Print.cpp.o)
                0x000822ba                Print::print(long, int)
 .text._ZN5Print7printlnEli
                0x000822f6       0x14 C:\Users\codiw\AppData\Local\Temp\VMicroBuilds\CodexHyperloopControlProject\UDOO_udoo_sam_udooqdl/core.a(Print.cpp.o)
                0x000822f6                Print::println(long, int)
 *fill*         0x0008230a        0x2 
 .text._ZN5Print10printFloatEdh
                0x0008230c      0x14c C:\Users\codiw\AppData\Local\Temp\VMicroBuilds\CodexHyperloopControlProject\UDOO_udoo_sam_udooqdl/core.a(Print.cpp.o)
                0x0008230c                Print::printFloat(double, unsigned char)
 .text._ZN5Print5printEdi
                0x00082458        0xa C:\Users\codiw\AppData\Local\Temp\VMicroBuilds\CodexHyperloopControlProject\UDOO_udoo_sam_udooqdl/core.a(Print.cpp.o)
                0x00082458                Print::print(double, int)
 *fill*         0x00082462        0x2 
 .text.initiateReset
                0x00082464        0xc C:\Users\codiw\AppData\Local\Temp\VMicroBuilds\CodexHyperloopControlProject\UDOO_udoo_sam_udooqdl/core.a(Reset.cpp.o)
                0x00082464                initiateReset
 .text.cancelReset
                0x00082470       0x10 C:\Users\codiw\AppData\Local\Temp\VMicroBuilds\CodexHyperloopControlProject\UDOO_udoo_sam_udooqdl/core.a(Reset.cpp.o)
                0x00082470                cancelReset
 .text.tickReset
                0x00082480       0x20 C:\Users\codiw\AppData\Local\Temp\VMicroBuilds\CodexHyperloopControlProject\UDOO_udoo_sam_udooqdl/core.a(Reset.cpp.o)
                0x00082480                tickReset
 .text._ZN9UARTClasscvbEv
                0x000824a0        0x4 C:\Users\codiw\AppData\Local\Temp\VMicroBuilds\CodexHyperloopControlProject\UDOO_udoo_sam_udooqdl/core.a(UARTClass.cpp.o)
                0x000824a0                UARTClass::operator bool()
 .text._ZN9UARTClass9availableEv
                0x000824a4       0x12 C:\Users\codiw\AppData\Local\Temp\VMicroBuilds\CodexHyperloopControlProject\UDOO_udoo_sam_udooqdl/core.a(UARTClass.cpp.o)
                0x000824a4                UARTClass::available()
 .text._ZN9UARTClass4peekEv
                0x000824b6       0x1c C:\Users\codiw\AppData\Local\Temp\VMicroBuilds\CodexHyperloopControlProject\UDOO_udoo_sam_udooqdl/core.a(UARTClass.cpp.o)
                0x000824b6                UARTClass::peek()
 .text._ZN9UARTClass4readEv
                0x000824d2       0x2a C:\Users\codiw\AppData\Local\Temp\VMicroBuilds\CodexHyperloopControlProject\UDOO_udoo_sam_udooqdl/core.a(UARTClass.cpp.o)
                0x000824d2                UARTClass::read()
 .text._ZN9UARTClass5flushEv
                0x000824fc       0x18 C:\Users\codiw\AppData\Local\Temp\VMicroBuilds\CodexHyperloopControlProject\UDOO_udoo_sam_udooqdl/core.a(UARTClass.cpp.o)
                0x000824fc                UARTClass::flush()
 .text._ZN9UARTClass5writeEh
                0x00082514       0x54 C:\Users\codiw\AppData\Local\Temp\VMicroBuilds\CodexHyperloopControlProject\UDOO_udoo_sam_udooqdl/core.a(UARTClass.cpp.o)
                0x00082514                UARTClass::write(unsigned char)
 .text._ZN9UARTClass3endEv
                0x00082568       0x3c C:\Users\codiw\AppData\Local\Temp\VMicroBuilds\CodexHyperloopControlProject\UDOO_udoo_sam_udooqdl/core.a(UARTClass.cpp.o)
                0x00082568                UARTClass::end()
 .text._ZN9UARTClassC2EP4Uart4IRQnmP10RingBufferS4_
                0x000825a4       0x24 C:\Users\codiw\AppData\Local\Temp\VMicroBuilds\CodexHyperloopControlProject\UDOO_udoo_sam_udooqdl/core.a(UARTClass.cpp.o)
                0x000825a4                UARTClass::UARTClass(Uart*, IRQn, unsigned long, RingBuffer*, RingBuffer*)
                0x000825a4                UARTClass::UARTClass(Uart*, IRQn, unsigned long, RingBuffer*, RingBuffer*)
 .text._ZN9UARTClass4initEmm
                0x000825c8       0x70 C:\Users\codiw\AppData\Local\Temp\VMicroBuilds\CodexHyperloopControlProject\UDOO_udoo_sam_udooqdl/core.a(UARTClass.cpp.o)
                0x000825c8                UARTClass::init(unsigned long, unsigned long)
 .text._ZN9UARTClass5beginEm
                0x00082638        0x8 C:\Users\codiw\AppData\Local\Temp\VMicroBuilds\CodexHyperloopControlProject\UDOO_udoo_sam_udooqdl/core.a(UARTClass.cpp.o)
                0x00082638                UARTClass::begin(unsigned long)
 .text._ZN9UARTClass10IrqHandlerEv
                0x00082640       0x5a C:\Users\codiw\AppData\Local\Temp\VMicroBuilds\CodexHyperloopControlProject\UDOO_udoo_sam_udooqdl/core.a(UARTClass.cpp.o)
                0x00082640                UARTClass::IrqHandler()
 *fill*         0x0008269a        0x2 
 .text._watchdogDefaultSetup
                0x0008269c        0xc C:\Users\codiw\AppData\Local\Temp\VMicroBuilds\CodexHyperloopControlProject\UDOO_udoo_sam_udooqdl/core.a(watchdog.cpp.o)
                0x0008269c                _watchdogDefaultSetup
                0x0008269c                watchdogSetup()
 .text.unlikely._ZL11USB_SendZlpv
                0x000826a8       0x20 C:\Users\codiw\AppData\Local\Temp\VMicroBuilds\CodexHyperloopControlProject\UDOO_udoo_sam_udooqdl/core.a(USBCore.cpp.o)
 .text._Z14USBD_Availablem
                0x000826c8       0x2c C:\Users\codiw\AppData\Local\Temp\VMicroBuilds\CodexHyperloopControlProject\UDOO_udoo_sam_udooqdl/core.a(USBCore.cpp.o)
                0x000826c8                USBD_Available(unsigned long)
 .text._Z9USBD_RecvmPvm
                0x000826f4       0x7c C:\Users\codiw\AppData\Local\Temp\VMicroBuilds\CodexHyperloopControlProject\UDOO_udoo_sam_udooqdl/core.a(USBCore.cpp.o)
                0x000826f4                USBD_Recv(unsigned long, void*, unsigned long)
 .text._Z9USBD_Recvm
                0x00082770       0x22 C:\Users\codiw\AppData\Local\Temp\VMicroBuilds\CodexHyperloopControlProject\UDOO_udoo_sam_udooqdl/core.a(USBCore.cpp.o)
                0x00082770                USBD_Recv(unsigned long)
 *fill*         0x00082792        0x2 
 .text._Z9USBD_SendmPKvm
                0x00082794       0x4c C:\Users\codiw\AppData\Local\Temp\VMicroBuilds\CodexHyperloopControlProject\UDOO_udoo_sam_udooqdl/core.a(USBCore.cpp.o)
                0x00082794                USBD_Send(unsigned long, void const*, unsigned long)
 .text._Z16USBD_SendControlhPKvm
                0x000827e0       0x40 C:\Users\codiw\AppData\Local\Temp\VMicroBuilds\CodexHyperloopControlProject\UDOO_udoo_sam_udooqdl/core.a(USBCore.cpp.o)
                0x000827e0                USBD_SendControl(unsigned char, void const*, unsigned long)
 .text.unlikely._ZL24USB_SendStringDescriptorPKhi
                0x00082820       0x64 C:\Users\codiw\AppData\Local\Temp\VMicroBuilds\CodexHyperloopControlProject\UDOO_udoo_sam_udooqdl/core.a(USBCore.cpp.o)
 .text._Z16USBD_RecvControlPvm
                0x00082884       0x1c C:\Users\codiw\AppData\Local\Temp\VMicroBuilds\CodexHyperloopControlProject\UDOO_udoo_sam_udooqdl/core.a(USBCore.cpp.o)
                0x00082884                USBD_RecvControl(void*, unsigned long)
 .text._Z26USBD_ClassInterfaceRequestR8USBSetup
                0x000828a0       0x1e C:\Users\codiw\AppData\Local\Temp\VMicroBuilds\CodexHyperloopControlProject\UDOO_udoo_sam_udooqdl/core.a(USBCore.cpp.o)
                0x000828a0                USBD_ClassInterfaceRequest(USBSetup&)
 .text._Z19USBD_SendInterfacesv
                0x000828be       0x22 C:\Users\codiw\AppData\Local\Temp\VMicroBuilds\CodexHyperloopControlProject\UDOO_udoo_sam_udooqdl/core.a(USBCore.cpp.o)
                0x000828be                USBD_SendInterfaces()
 .text._Z24USBD_SendOtherInterfacesv
                0x000828e0       0x22 C:\Users\codiw\AppData\Local\Temp\VMicroBuilds\CodexHyperloopControlProject\UDOO_udoo_sam_udooqdl/core.a(USBCore.cpp.o)
                0x000828e0                USBD_SendOtherInterfaces()
 .text._Z10USBD_Flushm
                0x00082902       0x16 C:\Users\codiw\AppData\Local\Temp\VMicroBuilds\CodexHyperloopControlProject\UDOO_udoo_sam_udooqdl/core.a(USBCore.cpp.o)
                0x00082902                USBD_Flush(unsigned long)
 .text._ZN10USBDevice_C2Ev
                0x00082918       0x24 C:\Users\codiw\AppData\Local\Temp\VMicroBuilds\CodexHyperloopControlProject\UDOO_udoo_sam_udooqdl/core.a(USBCore.cpp.o)
                0x00082918                USBDevice_::USBDevice_()
                0x00082918                USBDevice_::USBDevice_()
 .text._ZN10USBDevice_6attachEv
                0x0008293c       0x20 C:\Users\codiw\AppData\Local\Temp\VMicroBuilds\CodexHyperloopControlProject\UDOO_udoo_sam_udooqdl/core.a(USBCore.cpp.o)
                0x0008293c                USBDevice_::attach()
 .text.startup._GLOBAL__sub_I_EndPoints
                0x0008295c        0xc C:\Users\codiw\AppData\Local\Temp\VMicroBuilds\CodexHyperloopControlProject\UDOO_udoo_sam_udooqdl/core.a(USBCore.cpp.o)
 .text._ZL7USB_ISRv
                0x00082968      0x454 C:\Users\codiw\AppData\Local\Temp\VMicroBuilds\CodexHyperloopControlProject\UDOO_udoo_sam_udooqdl/core.a(USBCore.cpp.o)
 .text._Z11serialEventv
                0x00082dbc        0x2 C:\Users\codiw\AppData\Local\Temp\VMicroBuilds\CodexHyperloopControlProject\UDOO_udoo_sam_udooqdl/core.a(variant.cpp.o)
                0x00082dbc                serialEvent()
 *fill*         0x00082dbe        0x2 
 .text.UART_Handler
                0x00082dc0        0xc C:\Users\codiw\AppData\Local\Temp\VMicroBuilds\CodexHyperloopControlProject\UDOO_udoo_sam_udooqdl/core.a(variant.cpp.o)
                0x00082dc0                UART_Handler
 .text._Z12serialEvent1v
                0x00082dcc        0x2 C:\Users\codiw\AppData\Local\Temp\VMicroBuilds\CodexHyperloopControlProject\UDOO_udoo_sam_udooqdl/core.a(variant.cpp.o)
                0x00082dcc                serialEvent1()
 .text._Z12serialEvent2v
                0x00082dce        0x2 C:\Users\codiw\AppData\Local\Temp\VMicroBuilds\CodexHyperloopControlProject\UDOO_udoo_sam_udooqdl/core.a(variant.cpp.o)
                0x00082dce                serialEvent2()
 .text._Z12serialEvent3v
                0x00082dd0        0x2 C:\Users\codiw\AppData\Local\Temp\VMicroBuilds\CodexHyperloopControlProject\UDOO_udoo_sam_udooqdl/core.a(variant.cpp.o)
                0x00082dd0                serialEvent3()
 *fill*         0x00082dd2        0x2 
 .text.USART0_Handler
                0x00082dd4        0xc C:\Users\codiw\AppData\Local\Temp\VMicroBuilds\CodexHyperloopControlProject\UDOO_udoo_sam_udooqdl/core.a(variant.cpp.o)
                0x00082dd4                USART0_Handler
 .text.USART1_Handler
                0x00082de0        0xc C:\Users\codiw\AppData\Local\Temp\VMicroBuilds\CodexHyperloopControlProject\UDOO_udoo_sam_udooqdl/core.a(variant.cpp.o)
                0x00082de0                USART1_Handler
 .text.USART3_Handler
                0x00082dec        0xc C:\Users\codiw\AppData\Local\Temp\VMicroBuilds\CodexHyperloopControlProject\UDOO_udoo_sam_udooqdl/core.a(variant.cpp.o)
                0x00082dec                USART3_Handler
 .text.init     0x00082df8      0x128 C:\Users\codiw\AppData\Local\Temp\VMicroBuilds\CodexHyperloopControlProject\UDOO_udoo_sam_udooqdl/core.a(variant.cpp.o)
                0x00082df8                init
 .text.startup._GLOBAL__sub_I_g_APinDescription
                0x00082f20       0xd4 C:\Users\codiw\AppData\Local\Temp\VMicroBuilds\CodexHyperloopControlProject\UDOO_udoo_sam_udooqdl/core.a(variant.cpp.o)
 .text._Z14serialEventRunv
                0x00082ff4       0x44 C:\Users\codiw\AppData\Local\Temp\VMicroBuilds\CodexHyperloopControlProject\UDOO_udoo_sam_udooqdl/core.a(variant.cpp.o)
                0x00082ff4                serialEventRun()
 .text.analogOutputInit
                0x00083038        0x2 C:\Users\codiw\AppData\Local\Temp\VMicroBuilds\CodexHyperloopControlProject\UDOO_udoo_sam_udooqdl/core.a(wiring_analog.c.o)
                0x00083038                analogOutputInit
 .text._ZN10RingBufferC2Ev
                0x0008303a       0x1a C:\Users\codiw\AppData\Local\Temp\VMicroBuilds\CodexHyperloopControlProject\UDOO_udoo_sam_udooqdl/core.a(RingBuffer.cpp.o)
                0x0008303a                RingBuffer::RingBuffer()
                0x0008303a                RingBuffer::RingBuffer()
 .text._ZN10RingBuffer10store_charEh
                0x00083054       0x1e C:\Users\codiw\AppData\Local\Temp\VMicroBuilds\CodexHyperloopControlProject\UDOO_udoo_sam_udooqdl/core.a(RingBuffer.cpp.o)
                0x00083054                RingBuffer::store_char(unsigned char)
 .text._ZN10USARTClass5beginEm
                0x00083072        0x8 C:\Users\codiw\AppData\Local\Temp\VMicroBuilds\CodexHyperloopControlProject\UDOO_udoo_sam_udooqdl/core.a(USARTClass.cpp.o)
                0x00083072                USARTClass::begin(unsigned long)
 *fill*         0x0008307a        0x2 
 .text._ZN10USARTClassC2EP5Usart4IRQnmP10RingBufferS4_
                0x0008307c       0x24 C:\Users\codiw\AppData\Local\Temp\VMicroBuilds\CodexHyperloopControlProject\UDOO_udoo_sam_udooqdl/core.a(USARTClass.cpp.o)
                0x0008307c                USARTClass::USARTClass(Usart*, IRQn, unsigned long, RingBuffer*, RingBuffer*)
                0x0008307c                USARTClass::USARTClass(Usart*, IRQn, unsigned long, RingBuffer*, RingBuffer*)
 .text._ZN7Serial_9availableEv
                0x000830a0       0x18 C:\Users\codiw\AppData\Local\Temp\VMicroBuilds\CodexHyperloopControlProject\UDOO_udoo_sam_udooqdl/core.a(CDC.cpp.o)
                0x000830a0                Serial_::available()
 .text._ZN7Serial_4peekEv
                0x000830b8       0x20 C:\Users\codiw\AppData\Local\Temp\VMicroBuilds\CodexHyperloopControlProject\UDOO_udoo_sam_udooqdl/core.a(CDC.cpp.o)
                0x000830b8                Serial_::peek()
 .text._ZN7Serial_5writeEh
                0x000830d8       0x16 C:\Users\codiw\AppData\Local\Temp\VMicroBuilds\CodexHyperloopControlProject\UDOO_udoo_sam_udooqdl/core.a(CDC.cpp.o)
                0x000830d8                Serial_::write(unsigned char)
 *fill*         0x000830ee        0x2 
 .text._ZN7Serial_4readEv
                0x000830f0       0x44 C:\Users\codiw\AppData\Local\Temp\VMicroBuilds\CodexHyperloopControlProject\UDOO_udoo_sam_udooqdl/core.a(CDC.cpp.o)
                0x000830f0                Serial_::read()
 .text._ZN7Serial_5flushEv
                0x00083134        0x6 C:\Users\codiw\AppData\Local\Temp\VMicroBuilds\CodexHyperloopControlProject\UDOO_udoo_sam_udooqdl/core.a(CDC.cpp.o)
                0x00083134                Serial_::flush()
 *fill*         0x0008313a        0x2 
 .text._ZN7Serial_6acceptEv
                0x0008313c       0x70 C:\Users\codiw\AppData\Local\Temp\VMicroBuilds\CodexHyperloopControlProject\UDOO_udoo_sam_udooqdl/core.a(CDC.cpp.o)
                0x0008313c                Serial_::accept()
 .text._ZN7Serial_5writeEPKhj
                0x000831ac       0x2c C:\Users\codiw\AppData\Local\Temp\VMicroBuilds\CodexHyperloopControlProject\UDOO_udoo_sam_udooqdl/core.a(CDC.cpp.o)
                0x000831ac                Serial_::write(unsigned char const*, unsigned int)
 .text._Z16CDC_GetInterfacePh
                0x000831d8       0x14 C:\Users\codiw\AppData\Local\Temp\VMicroBuilds\CodexHyperloopControlProject\UDOO_udoo_sam_udooqdl/core.a(CDC.cpp.o)
                0x000831d8                CDC_GetInterface(unsigned char*)
 .text._Z21CDC_GetOtherInterfacePh
                0x000831ec       0x14 C:\Users\codiw\AppData\Local\Temp\VMicroBuilds\CodexHyperloopControlProject\UDOO_udoo_sam_udooqdl/core.a(CDC.cpp.o)
                0x000831ec                CDC_GetOtherInterface(unsigned char*)
 .text._Z9CDC_SetupR8USBSetup
                0x00083200       0x78 C:\Users\codiw\AppData\Local\Temp\VMicroBuilds\CodexHyperloopControlProject\UDOO_udoo_sam_udooqdl/core.a(CDC.cpp.o)
                0x00083200                CDC_Setup(USBSetup&)
 .text.startup._GLOBAL__sub_I_cdc_rx_buffer
                0x00083278       0x1c C:\Users\codiw\AppData\Local\Temp\VMicroBuilds\CodexHyperloopControlProject\UDOO_udoo_sam_udooqdl/core.a(CDC.cpp.o)
 .text._ZN13PluggableUSB_12getInterfaceEPh
                0x00083294       0x28 C:\Users\codiw\AppData\Local\Temp\VMicroBuilds\CodexHyperloopControlProject\UDOO_udoo_sam_udooqdl/core.a(PluggableUSB.cpp.o)
                0x00083294                PluggableUSB_::getInterface(unsigned char*)
 .text._ZN13PluggableUSB_13getDescriptorER8USBSetup
                0x000832bc       0x1c C:\Users\codiw\AppData\Local\Temp\VMicroBuilds\CodexHyperloopControlProject\UDOO_udoo_sam_udooqdl/core.a(PluggableUSB.cpp.o)
                0x000832bc                PluggableUSB_::getDescriptor(USBSetup&)
 .text._ZN13PluggableUSB_12getShortNameEPc
                0x000832d8       0x1c C:\Users\codiw\AppData\Local\Temp\VMicroBuilds\CodexHyperloopControlProject\UDOO_udoo_sam_udooqdl/core.a(PluggableUSB.cpp.o)
                0x000832d8                PluggableUSB_::getShortName(char*)
 .text._ZN13PluggableUSB_5setupER8USBSetup
                0x000832f4       0x20 C:\Users\codiw\AppData\Local\Temp\VMicroBuilds\CodexHyperloopControlProject\UDOO_udoo_sam_udooqdl/core.a(PluggableUSB.cpp.o)
                0x000832f4                PluggableUSB_::setup(USBSetup&)
 .text._Z12PluggableUSBv
                0x00083314       0x28 C:\Users\codiw\AppData\Local\Temp\VMicroBuilds\CodexHyperloopControlProject\UDOO_udoo_sam_udooqdl/core.a(PluggableUSB.cpp.o)
                0x00083314                PluggableUSB()
 .text.TimeTick_Increment
                0x0008333c       0x10 C:\Users\codiw\AppData\Local\arduino15\packages\UDOO\hardware\sam\1.6.7\variants\udooqdl/libsam_sam3x8e_gcc_rel.a(timetick.o)
                0x0008333c                TimeTick_Increment
 .text.GetTickCount
                0x0008334c        0xc C:\Users\codiw\AppData\Local\arduino15\packages\UDOO\hardware\sam\1.6.7\variants\udooqdl/libsam_sam3x8e_gcc_rel.a(timetick.o)
                0x0008334c                GetTickCount
 .text.WDT_Disable
                0x00083358        0x8 C:\Users\codiw\AppData\Local\arduino15\packages\UDOO\hardware\sam\1.6.7\variants\udooqdl/libsam_sam3x8e_gcc_rel.a(wdt.o)
                0x00083358                WDT_Disable
 .text.SystemInit
                0x00083360       0x88 C:\Users\codiw\AppData\Local\arduino15\packages\UDOO\hardware\sam\1.6.7\variants\udooqdl/libsam_sam3x8e_gcc_rel.a(system_sam3xa.o)
                0x00083360                SystemInit
 .text.adc_init
                0x000833e8       0x98 C:\Users\codiw\AppData\Local\arduino15\packages\UDOO\hardware\sam\1.6.7\variants\udooqdl/libsam_sam3x8e_gcc_rel.a(adc.o)
                0x000833e8                adc_init
 .text.adc_configure_trigger
                0x00083480        0xe C:\Users\codiw\AppData\Local\arduino15\packages\UDOO\hardware\sam\1.6.7\variants\udooqdl/libsam_sam3x8e_gcc_rel.a(adc.o)
                0x00083480                adc_configure_trigger
 .text.adc_configure_timing
                0x0008348e       0x1a C:\Users\codiw\AppData\Local\arduino15\packages\UDOO\hardware\sam\1.6.7\variants\udooqdl/libsam_sam3x8e_gcc_rel.a(adc.o)
                0x0008348e                adc_configure_timing
 .text.adc_disable_channel
                0x000834a8        0xa C:\Users\codiw\AppData\Local\arduino15\packages\UDOO\hardware\sam\1.6.7\variants\udooqdl/libsam_sam3x8e_gcc_rel.a(adc.o)
                0x000834a8                adc_disable_channel
 .text.adc_disable_all_channel
                0x000834b2        0x8 C:\Users\codiw\AppData\Local\arduino15\packages\UDOO\hardware\sam\1.6.7\variants\udooqdl/libsam_sam3x8e_gcc_rel.a(adc.o)
                0x000834b2                adc_disable_all_channel
 .text.adc_disable_interrupt
                0x000834ba        0x4 C:\Users\codiw\AppData\Local\arduino15\packages\UDOO\hardware\sam\1.6.7\variants\udooqdl/libsam_sam3x8e_gcc_rel.a(adc.o)
                0x000834ba                adc_disable_interrupt
 *fill*         0x000834be        0x2 
 .text.UDD_SetStack
                0x000834c0        0xc C:\Users\codiw\AppData\Local\arduino15\packages\UDOO\hardware\sam\1.6.7\variants\udooqdl/libsam_sam3x8e_gcc_rel.a(uotghs_device.o)
                0x000834c0                UDD_SetStack
 .text.UDD_Init
                0x000834cc       0xd0 C:\Users\codiw\AppData\Local\arduino15\packages\UDOO\hardware\sam\1.6.7\variants\udooqdl/libsam_sam3x8e_gcc_rel.a(uotghs_device.o)
                0x000834cc                UDD_Init
 .text.UDD_Attach
                0x0008359c       0x50 C:\Users\codiw\AppData\Local\arduino15\packages\UDOO\hardware\sam\1.6.7\variants\udooqdl/libsam_sam3x8e_gcc_rel.a(uotghs_device.o)
                0x0008359c                UDD_Attach
 .text.UDD_InitEP
                0x000835ec       0x2c C:\Users\codiw\AppData\Local\arduino15\packages\UDOO\hardware\sam\1.6.7\variants\udooqdl/libsam_sam3x8e_gcc_rel.a(uotghs_device.o)
                0x000835ec                UDD_InitEP
 .text.UDD_InitEndpoints
                0x00083618       0x3c C:\Users\codiw\AppData\Local\arduino15\packages\UDOO\hardware\sam\1.6.7\variants\udooqdl/libsam_sam3x8e_gcc_rel.a(uotghs_device.o)
                0x00083618                UDD_InitEndpoints
 .text.UDD_WaitIN
                0x00083654       0x10 C:\Users\codiw\AppData\Local\arduino15\packages\UDOO\hardware\sam\1.6.7\variants\udooqdl/libsam_sam3x8e_gcc_rel.a(uotghs_device.o)
                0x00083654                UDD_WaitIN
 .text.UDD_WaitOUT
                0x00083664       0x10 C:\Users\codiw\AppData\Local\arduino15\packages\UDOO\hardware\sam\1.6.7\variants\udooqdl/libsam_sam3x8e_gcc_rel.a(uotghs_device.o)
                0x00083664                UDD_WaitOUT
 .text.UDD_ClearIN
                0x00083674       0x18 C:\Users\codiw\AppData\Local\arduino15\packages\UDOO\hardware\sam\1.6.7\variants\udooqdl/libsam_sam3x8e_gcc_rel.a(uotghs_device.o)
                0x00083674                UDD_ClearIN
 .text.UDD_ClearOUT
                0x0008368c       0x18 C:\Users\codiw\AppData\Local\arduino15\packages\UDOO\hardware\sam\1.6.7\variants\udooqdl/libsam_sam3x8e_gcc_rel.a(uotghs_device.o)
                0x0008368c                UDD_ClearOUT
 .text.UDD_ReceivedSetupInt
                0x000836a4       0x10 C:\Users\codiw\AppData\Local\arduino15\packages\UDOO\hardware\sam\1.6.7\variants\udooqdl/libsam_sam3x8e_gcc_rel.a(uotghs_device.o)
                0x000836a4                UDD_ReceivedSetupInt
 .text.UDD_ClearSetupInt
                0x000836b4       0x10 C:\Users\codiw\AppData\Local\arduino15\packages\UDOO\hardware\sam\1.6.7\variants\udooqdl/libsam_sam3x8e_gcc_rel.a(uotghs_device.o)
                0x000836b4                UDD_ClearSetupInt
 .text.UDD_Send
                0x000836c4       0x88 C:\Users\codiw\AppData\Local\arduino15\packages\UDOO\hardware\sam\1.6.7\variants\udooqdl/libsam_sam3x8e_gcc_rel.a(uotghs_device.o)
                0x000836c4                UDD_Send
 .text.UDD_Send8
                0x0008374c       0x24 C:\Users\codiw\AppData\Local\arduino15\packages\UDOO\hardware\sam\1.6.7\variants\udooqdl/libsam_sam3x8e_gcc_rel.a(uotghs_device.o)
                0x0008374c                UDD_Send8
 .text.UDD_Recv8
                0x00083770       0x28 C:\Users\codiw\AppData\Local\arduino15\packages\UDOO\hardware\sam\1.6.7\variants\udooqdl/libsam_sam3x8e_gcc_rel.a(uotghs_device.o)
                0x00083770                UDD_Recv8
 .text.UDD_Recv
                0x00083798       0x34 C:\Users\codiw\AppData\Local\arduino15\packages\UDOO\hardware\sam\1.6.7\variants\udooqdl/libsam_sam3x8e_gcc_rel.a(uotghs_device.o)
                0x00083798                UDD_Recv
 .text.UDD_Stall
                0x000837cc       0x14 C:\Users\codiw\AppData\Local\arduino15\packages\UDOO\hardware\sam\1.6.7\variants\udooqdl/libsam_sam3x8e_gcc_rel.a(uotghs_device.o)
                0x000837cc                UDD_Stall
 .text.UDD_FifoByteCount
                0x000837e0       0x14 C:\Users\codiw\AppData\Local\arduino15\packages\UDOO\hardware\sam\1.6.7\variants\udooqdl/libsam_sam3x8e_gcc_rel.a(uotghs_device.o)
                0x000837e0                UDD_FifoByteCount
 .text.UDD_ReleaseRX
                0x000837f4       0x28 C:\Users\codiw\AppData\Local\arduino15\packages\UDOO\hardware\sam\1.6.7\variants\udooqdl/libsam_sam3x8e_gcc_rel.a(uotghs_device.o)
                0x000837f4                UDD_ReleaseRX
 .text.UDD_ReleaseTX
                0x0008381c       0x28 C:\Users\codiw\AppData\Local\arduino15\packages\UDOO\hardware\sam\1.6.7\variants\udooqdl/libsam_sam3x8e_gcc_rel.a(uotghs_device.o)
                0x0008381c                UDD_ReleaseTX
 .text.UDD_SetAddress
                0x00083844       0x20 C:\Users\codiw\AppData\Local\arduino15\packages\UDOO\hardware\sam\1.6.7\variants\udooqdl/libsam_sam3x8e_gcc_rel.a(uotghs_device.o)
                0x00083844                UDD_SetAddress
 .text.__fpclassifyd
                0x00083864       0x50 c:/users/codiw/appdata/local/arduino15/packages/arduino/tools/arm-none-eabi-gcc/4.8.3-2014q1/bin/../lib/gcc/arm-none-eabi/4.8.3/../../../../arm-none-eabi/lib/armv7-m\libm.a(lib_a-s_fpclassify.o)
                0x00083864                __fpclassifyd
 .text          0x000838b4      0x370 c:/users/codiw/appdata/local/arduino15/packages/arduino/tools/arm-none-eabi-gcc/4.8.3-2014q1/bin/../lib/gcc/arm-none-eabi/4.8.3/armv7-m\libgcc.a(_arm_addsubdf3.o)
                0x000838b4                __aeabi_drsub
                0x000838bc                __aeabi_dsub
                0x000838bc                __subdf3
                0x000838c0                __aeabi_dadd
                0x000838c0                __adddf3
                0x00083b38                __floatunsidf
                0x00083b38                __aeabi_ui2d
                0x00083b58                __floatsidf
                0x00083b58                __aeabi_i2d
                0x00083b7c                __aeabi_f2d
                0x00083b7c                __extendsfdf2
                0x00083bb8                __floatundidf
                0x00083bb8                __aeabi_ul2d
                0x00083bc8                __floatdidf
                0x00083bc8                __aeabi_l2d
 .text          0x00083c24      0x424 c:/users/codiw/appdata/local/arduino15/packages/arduino/tools/arm-none-eabi-gcc/4.8.3-2014q1/bin/../lib/gcc/arm-none-eabi/4.8.3/armv7-m\libgcc.a(_arm_muldivdf3.o)
                0x00083c24                __aeabi_dmul
                0x00083c24                __muldf3
                0x00083e78                __divdf3
                0x00083e78                __aeabi_ddiv
 .text          0x00084048      0x110 c:/users/codiw/appdata/local/arduino15/packages/arduino/tools/arm-none-eabi-gcc/4.8.3-2014q1/bin/../lib/gcc/arm-none-eabi/4.8.3/armv7-m\libgcc.a(_arm_cmpdf2.o)
                0x00084048                __gtdf2
                0x00084048                __gedf2
                0x00084050                __ltdf2
                0x00084050                __ledf2
                0x00084058                __nedf2
                0x00084058                __eqdf2
                0x00084058                __cmpdf2
                0x000840d4                __aeabi_cdrcmple
                0x000840e4                __aeabi_cdcmpeq
                0x000840e4                __aeabi_cdcmple
                0x000840f4                __aeabi_dcmpeq
                0x00084108                __aeabi_dcmplt
                0x0008411c                __aeabi_dcmple
                0x00084130                __aeabi_dcmpge
                0x00084144                __aeabi_dcmpgt
 .text          0x00084158       0x50 c:/users/codiw/appdata/local/arduino15/packages/arduino/tools/arm-none-eabi-gcc/4.8.3-2014q1/bin/../lib/gcc/arm-none-eabi/4.8.3/armv7-m\libgcc.a(_arm_fixdfsi.o)
                0x00084158                __aeabi_d2iz
                0x00084158                __fixdfsi
 .text          0x000841a8       0x40 c:/users/codiw/appdata/local/arduino15/packages/arduino/tools/arm-none-eabi-gcc/4.8.3-2014q1/bin/../lib/gcc/arm-none-eabi/4.8.3/armv7-m\libgcc.a(_arm_fixunsdfsi.o)
                0x000841a8                __aeabi_d2uiz
                0x000841a8                __fixunsdfsi
 .text          0x000841e8      0x21c c:/users/codiw/appdata/local/arduino15/packages/arduino/tools/arm-none-eabi-gcc/4.8.3-2014q1/bin/../lib/gcc/arm-none-eabi/4.8.3/armv7-m\libgcc.a(_arm_addsubsf3.o)
                0x000841e8                __aeabi_frsub
                0x000841f0                __subsf3
                0x000841f0                __aeabi_fsub
                0x000841f4                __aeabi_fadd
                0x000841f4                __addsf3
                0x00084354                __aeabi_ui2f
                0x00084354                __floatunsisf
                0x0008435c                __aeabi_i2f
                0x0008435c                __floatsisf
                0x00084378                __aeabi_ul2f
                0x00084378                __floatundisf
                0x00084388                __aeabi_l2f
                0x00084388                __floatdisf
 .text          0x00084404      0x2a0 c:/users/codiw/appdata/local/arduino15/packages/arduino/tools/arm-none-eabi-gcc/4.8.3-2014q1/bin/../lib/gcc/arm-none-eabi/4.8.3/armv7-m\libgcc.a(_arm_muldivsf3.o)
                0x00084404                __mulsf3
                0x00084404                __aeabi_fmul
                0x0008456c                __aeabi_fdiv
                0x0008456c                __divsf3
 .text          0x000846a4       0xec c:/users/codiw/appdata/local/arduino15/packages/arduino/tools/arm-none-eabi-gcc/4.8.3-2014q1/bin/../lib/gcc/arm-none-eabi/4.8.3/armv7-m\libgcc.a(_arm_cmpsf2.o)
                0x000846a4                __gesf2
                0x000846a4                __gtsf2
                0x000846ac                __lesf2
                0x000846ac                __ltsf2
                0x000846b4                __nesf2
                0x000846b4                __eqsf2
                0x000846b4                __cmpsf2
                0x00084714                __aeabi_cfrcmple
                0x0008471c                __aeabi_cfcmpeq
                0x0008471c                __aeabi_cfcmple
                0x0008472c                __aeabi_fcmpeq
                0x00084740                __aeabi_fcmplt
                0x00084754                __aeabi_fcmple
                0x00084768                __aeabi_fcmpge
                0x0008477c                __aeabi_fcmpgt
 .text.__aeabi_atexit
                0x00084790        0xc c:/users/codiw/appdata/local/arduino15/packages/arduino/tools/arm-none-eabi-gcc/4.8.3-2014q1/bin/../lib/gcc/arm-none-eabi/4.8.3/../../../../arm-none-eabi/lib/armv7-m\libg.a(lib_a-aeabi_atexit.o)
                0x00084790                __aeabi_atexit
 .text.__assert_func
                0x0008479c       0x3c c:/users/codiw/appdata/local/arduino15/packages/arduino/tools/arm-none-eabi-gcc/4.8.3-2014q1/bin/../lib/gcc/arm-none-eabi/4.8.3/../../../../arm-none-eabi/lib/armv7-m\libg.a(lib_a-assert.o)
                0x0008479c                __assert_func
 .text.__cxa_atexit
                0x000847d8       0x14 c:/users/codiw/appdata/local/arduino15/packages/arduino/tools/arm-none-eabi-gcc/4.8.3-2014q1/bin/../lib/gcc/arm-none-eabi/4.8.3/../../../../arm-none-eabi/lib/armv7-m\libg.a(lib_a-cxa_atexit.o)
                0x000847d8                __cxa_atexit
 .text.fiprintf
                0x000847ec       0x28 c:/users/codiw/appdata/local/arduino15/packages/arduino/tools/arm-none-eabi-gcc/4.8.3-2014q1/bin/../lib/gcc/arm-none-eabi/4.8.3/../../../../arm-none-eabi/lib/armv7-m\libg.a(lib_a-fiprintf.o)
                0x000847ec                fiprintf
 .text.__libc_init_array
                0x00084814       0x50 c:/users/codiw/appdata/local/arduino15/packages/arduino/tools/arm-none-eabi-gcc/4.8.3-2014q1/bin/../lib/gcc/arm-none-eabi/4.8.3/../../../../arm-none-eabi/lib/armv7-m\libg.a(lib_a-init.o)
                0x00084814                __libc_init_array
 .text.iprintf  0x00084864       0x28 c:/users/codiw/appdata/local/arduino15/packages/arduino/tools/arm-none-eabi-gcc/4.8.3-2014q1/bin/../lib/gcc/arm-none-eabi/4.8.3/../../../../arm-none-eabi/lib/armv7-m\libg.a(lib_a-iprintf.o)
                0x00084864                iprintf
 .text.malloc   0x0008488c       0x10 c:/users/codiw/appdata/local/arduino15/packages/arduino/tools/arm-none-eabi-gcc/4.8.3-2014q1/bin/../lib/gcc/arm-none-eabi/4.8.3/../../../../arm-none-eabi/lib/armv7-m\libg.a(lib_a-malloc.o)
                0x0008488c                malloc
 .text.free     0x0008489c       0x10 c:/users/codiw/appdata/local/arduino15/packages/arduino/tools/arm-none-eabi-gcc/4.8.3-2014q1/bin/../lib/gcc/arm-none-eabi/4.8.3/../../../../arm-none-eabi/lib/armv7-m\libg.a(lib_a-malloc.o)
                0x0008489c                free
 .text._malloc_r
                0x000848ac      0x538 c:/users/codiw/appdata/local/arduino15/packages/arduino/tools/arm-none-eabi-gcc/4.8.3-2014q1/bin/../lib/gcc/arm-none-eabi/4.8.3/../../../../arm-none-eabi/lib/armv7-m\libg.a(lib_a-mallocr.o)
                0x000848ac                _malloc_r
 .text.memset   0x00084de4       0x94 c:/users/codiw/appdata/local/arduino15/packages/arduino/tools/arm-none-eabi-gcc/4.8.3-2014q1/bin/../lib/gcc/arm-none-eabi/4.8.3/../../../../arm-none-eabi/lib/armv7-m\libg.a(lib_a-memset.o)
                0x00084de4                memset
 .text.__malloc_lock
                0x00084e78        0x4 c:/users/codiw/appdata/local/arduino15/packages/arduino/tools/arm-none-eabi-gcc/4.8.3-2014q1/bin/../lib/gcc/arm-none-eabi/4.8.3/../../../../arm-none-eabi/lib/armv7-m\libg.a(lib_a-mlock.o)
                0x00084e78                __malloc_lock
 .text.__malloc_unlock
                0x00084e7c        0x4 c:/users/codiw/appdata/local/arduino15/packages/arduino/tools/arm-none-eabi-gcc/4.8.3-2014q1/bin/../lib/gcc/arm-none-eabi/4.8.3/../../../../arm-none-eabi/lib/armv7-m\libg.a(lib_a-mlock.o)
                0x00084e7c                __malloc_unlock
 .text._sbrk_r  0x00084e80       0x24 c:/users/codiw/appdata/local/arduino15/packages/arduino/tools/arm-none-eabi-gcc/4.8.3-2014q1/bin/../lib/gcc/arm-none-eabi/4.8.3/../../../../arm-none-eabi/lib/armv7-m\libg.a(lib_a-sbrkr.o)
                0x00084e80                _sbrk_r
 .text.strlen   0x00084ea4       0x60 c:/users/codiw/appdata/local/arduino15/packages/arduino/tools/arm-none-eabi-gcc/4.8.3-2014q1/bin/../lib/gcc/arm-none-eabi/4.8.3/../../../../arm-none-eabi/lib/armv7-m\libg.a(lib_a-strlen.o)
                0x00084ea4                strlen
 .text.strncpy  0x00084f04       0x64 c:/users/codiw/appdata/local/arduino15/packages/arduino/tools/arm-none-eabi-gcc/4.8.3-2014q1/bin/../lib/gcc/arm-none-eabi/4.8.3/../../../../arm-none-eabi/lib/armv7-m\libg.a(lib_a-strncpy.o)
                0x00084f04                strncpy
 .text.kill     0x00084f68       0x10 c:/users/codiw/appdata/local/arduino15/packages/arduino/tools/arm-none-eabi-gcc/4.8.3-2014q1/bin/../lib/gcc/arm-none-eabi/4.8.3/../../../../arm-none-eabi/lib/armv7-m\libg.a(lib_a-syskill.o)
                0x00084f68                kill
 .text.__sprint_r.part.0
                0x00084f78       0x78 c:/users/codiw/appdata/local/arduino15/packages/arduino/tools/arm-none-eabi-gcc/4.8.3-2014q1/bin/../lib/gcc/arm-none-eabi/4.8.3/../../../../arm-none-eabi/lib/armv7-m\libg.a(lib_a-vfiprintf.o)
 .text._vfiprintf_r
                0x00084ff0      0xc54 c:/users/codiw/appdata/local/arduino15/packages/arduino/tools/arm-none-eabi-gcc/4.8.3-2014q1/bin/../lib/gcc/arm-none-eabi/4.8.3/../../../../arm-none-eabi/lib/armv7-m\libg.a(lib_a-vfiprintf.o)
                0x00084ff0                _vfiprintf_r
 .text.__sbprintf
                0x00085c44       0x7c c:/users/codiw/appdata/local/arduino15/packages/arduino/tools/arm-none-eabi-gcc/4.8.3-2014q1/bin/../lib/gcc/arm-none-eabi/4.8.3/../../../../arm-none-eabi/lib/armv7-m\libg.a(lib_a-vfiprintf.o)
 .text.__swsetup_r
                0x00085cc0       0xc4 c:/users/codiw/appdata/local/arduino15/packages/arduino/tools/arm-none-eabi-gcc/4.8.3-2014q1/bin/../lib/gcc/arm-none-eabi/4.8.3/../../../../arm-none-eabi/lib/armv7-m\libg.a(lib_a-wsetup.o)
                0x00085cc0                __swsetup_r
 .text.__register_exitproc
                0x00085d84       0xa8 c:/users/codiw/appdata/local/arduino15/packages/arduino/tools/arm-none-eabi-gcc/4.8.3-2014q1/bin/../lib/gcc/arm-none-eabi/4.8.3/../../../../arm-none-eabi/lib/armv7-m\libg.a(lib_a-__atexit.o)
                0x00085d84                __register_exitproc
 .text.startup.register_fini
                0x00085e2c       0x14 c:/users/codiw/appdata/local/arduino15/packages/arduino/tools/arm-none-eabi-gcc/4.8.3-2014q1/bin/../lib/gcc/arm-none-eabi/4.8.3/../../../../arm-none-eabi/lib/armv7-m\libg.a(lib_a-__call_atexit.o)
 .text.abort    0x00085e40       0x10 c:/users/codiw/appdata/local/arduino15/packages/arduino/tools/arm-none-eabi-gcc/4.8.3-2014q1/bin/../lib/gcc/arm-none-eabi/4.8.3/../../../../arm-none-eabi/lib/armv7-m\libg.a(lib_a-abort.o)
                0x00085e40                abort
 .text.atexit   0x00085e50        0xc c:/users/codiw/appdata/local/arduino15/packages/arduino/tools/arm-none-eabi-gcc/4.8.3-2014q1/bin/../lib/gcc/arm-none-eabi/4.8.3/../../../../arm-none-eabi/lib/armv7-m\libg.a(lib_a-atexit.o)
                0x00085e50                atexit
 .text.__sflush_r
                0x00085e5c      0x148 c:/users/codiw/appdata/local/arduino15/packages/arduino/tools/arm-none-eabi-gcc/4.8.3-2014q1/bin/../lib/gcc/arm-none-eabi/4.8.3/../../../../arm-none-eabi/lib/armv7-m\libg.a(lib_a-fflush.o)
                0x00085e5c                __sflush_r
 .text._fflush_r
                0x00085fa4       0x2c c:/users/codiw/appdata/local/arduino15/packages/arduino/tools/arm-none-eabi-gcc/4.8.3-2014q1/bin/../lib/gcc/arm-none-eabi/4.8.3/../../../../arm-none-eabi/lib/armv7-m\libg.a(lib_a-fflush.o)
                0x00085fa4                _fflush_r
 .text._cleanup_r
                0x00085fd0        0xc c:/users/codiw/appdata/local/arduino15/packages/arduino/tools/arm-none-eabi-gcc/4.8.3-2014q1/bin/../lib/gcc/arm-none-eabi/4.8.3/../../../../arm-none-eabi/lib/armv7-m\libg.a(lib_a-findfp.o)
                0x00085fd0                _cleanup_r
 .text.__sinit  0x00085fdc       0xf4 c:/users/codiw/appdata/local/arduino15/packages/arduino/tools/arm-none-eabi-gcc/4.8.3-2014q1/bin/../lib/gcc/arm-none-eabi/4.8.3/../../../../arm-none-eabi/lib/armv7-m\libg.a(lib_a-findfp.o)
                0x00085fdc                __sinit
 .text.__sfp_lock_acquire
                0x000860d0        0x4 c:/users/codiw/appdata/local/arduino15/packages/arduino/tools/arm-none-eabi-gcc/4.8.3-2014q1/bin/../lib/gcc/arm-none-eabi/4.8.3/../../../../arm-none-eabi/lib/armv7-m\libg.a(lib_a-findfp.o)
                0x000860d0                __sfp_lock_acquire
 .text.__sfp_lock_release
                0x000860d4        0x4 c:/users/codiw/appdata/local/arduino15/packages/arduino/tools/arm-none-eabi-gcc/4.8.3-2014q1/bin/../lib/gcc/arm-none-eabi/4.8.3/../../../../arm-none-eabi/lib/armv7-m\libg.a(lib_a-findfp.o)
                0x000860d4                __sfp_lock_release
 .text.__libc_fini_array
                0x000860d8       0x30 c:/users/codiw/appdata/local/arduino15/packages/arduino/tools/arm-none-eabi-gcc/4.8.3-2014q1/bin/../lib/gcc/arm-none-eabi/4.8.3/../../../../arm-none-eabi/lib/armv7-m\libg.a(lib_a-fini.o)
                0x000860d8                __libc_fini_array
 .text._fputwc_r
                0x00086108       0xc0 c:/users/codiw/appdata/local/arduino15/packages/arduino/tools/arm-none-eabi-gcc/4.8.3-2014q1/bin/../lib/gcc/arm-none-eabi/4.8.3/../../../../arm-none-eabi/lib/armv7-m\libg.a(lib_a-fputwc.o)
                0x00086108                _fputwc_r
 .text._malloc_trim_r
                0x000861c8       0x9c c:/users/codiw/appdata/local/arduino15/packages/arduino/tools/arm-none-eabi-gcc/4.8.3-2014q1/bin/../lib/gcc/arm-none-eabi/4.8.3/../../../../arm-none-eabi/lib/armv7-m\libg.a(lib_a-freer.o)
                0x000861c8                _malloc_trim_r
 .text._free_r  0x00086264      0x198 c:/users/codiw/appdata/local/arduino15/packages/arduino/tools/arm-none-eabi-gcc/4.8.3-2014q1/bin/../lib/gcc/arm-none-eabi/4.8.3/../../../../arm-none-eabi/lib/armv7-m\libg.a(lib_a-freer.o)
                0x00086264                _free_r
 .text.__sfvwrite_r
                0x000863fc      0x314 c:/users/codiw/appdata/local/arduino15/packages/arduino/tools/arm-none-eabi-gcc/4.8.3-2014q1/bin/../lib/gcc/arm-none-eabi/4.8.3/../../../../arm-none-eabi/lib/armv7-m\libg.a(lib_a-fvwrite.o)
                0x000863fc                __sfvwrite_r
 .text._fwalk   0x00086710       0x48 c:/users/codiw/appdata/local/arduino15/packages/arduino/tools/arm-none-eabi-gcc/4.8.3-2014q1/bin/../lib/gcc/arm-none-eabi/4.8.3/../../../../arm-none-eabi/lib/armv7-m\libg.a(lib_a-fwalk.o)
                0x00086710                _fwalk
 .text.__locale_charset
                0x00086758        0x8 c:/users/codiw/appdata/local/arduino15/packages/arduino/tools/arm-none-eabi-gcc/4.8.3-2014q1/bin/../lib/gcc/arm-none-eabi/4.8.3/../../../../arm-none-eabi/lib/armv7-m\libg.a(lib_a-locale.o)
                0x00086758                __locale_charset
 .text.__locale_mb_cur_max
                0x00086760        0xc c:/users/codiw/appdata/local/arduino15/packages/arduino/tools/arm-none-eabi-gcc/4.8.3-2014q1/bin/../lib/gcc/arm-none-eabi/4.8.3/../../../../arm-none-eabi/lib/armv7-m\libg.a(lib_a-locale.o)
                0x00086760                __locale_mb_cur_max
 .text.__smakebuf_r
                0x0008676c       0xe0 c:/users/codiw/appdata/local/arduino15/packages/arduino/tools/arm-none-eabi-gcc/4.8.3-2014q1/bin/../lib/gcc/arm-none-eabi/4.8.3/../../../../arm-none-eabi/lib/armv7-m\libg.a(lib_a-makebuf.o)
                0x0008676c                __smakebuf_r
 .text.memchr   0x0008684c       0x94 c:/users/codiw/appdata/local/arduino15/packages/arduino/tools/arm-none-eabi-gcc/4.8.3-2014q1/bin/../lib/gcc/arm-none-eabi/4.8.3/../../../../arm-none-eabi/lib/armv7-m\libg.a(lib_a-memchr-stub.o)
                0x0008684c                memchr
 .text          0x000868e0       0xec c:/users/codiw/appdata/local/arduino15/packages/arduino/tools/arm-none-eabi-gcc/4.8.3-2014q1/bin/../lib/gcc/arm-none-eabi/4.8.3/../../../../arm-none-eabi/lib/armv7-m\libg.a(lib_a-memcpy.o)
                0x000868e0                memcpy
 .text.memmove  0x000869cc       0xcc c:/users/codiw/appdata/local/arduino15/packages/arduino/tools/arm-none-eabi-gcc/4.8.3-2014q1/bin/../lib/gcc/arm-none-eabi/4.8.3/../../../../arm-none-eabi/lib/armv7-m\libg.a(lib_a-memmove.o)
                0x000869cc                memmove
 .text._realloc_r
                0x00086a98      0x3c0 c:/users/codiw/appdata/local/arduino15/packages/arduino/tools/arm-none-eabi-gcc/4.8.3-2014q1/bin/../lib/gcc/arm-none-eabi/4.8.3/../../../../arm-none-eabi/lib/armv7-m\libg.a(lib_a-reallocr.o)
                0x00086a98                _realloc_r
 .text._raise_r
                0x00086e58       0x58 c:/users/codiw/appdata/local/arduino15/packages/arduino/tools/arm-none-eabi-gcc/4.8.3-2014q1/bin/../lib/gcc/arm-none-eabi/4.8.3/../../../../arm-none-eabi/lib/armv7-m\libg.a(lib_a-signal.o)
                0x00086e58                _raise_r
 .text.raise    0x00086eb0       0x10 c:/users/codiw/appdata/local/arduino15/packages/arduino/tools/arm-none-eabi-gcc/4.8.3-2014q1/bin/../lib/gcc/arm-none-eabi/4.8.3/../../../../arm-none-eabi/lib/armv7-m\libg.a(lib_a-signal.o)
                0x00086eb0                raise
 .text._kill_r  0x00086ec0       0x28 c:/users/codiw/appdata/local/arduino15/packages/arduino/tools/arm-none-eabi-gcc/4.8.3-2014q1/bin/../lib/gcc/arm-none-eabi/4.8.3/../../../../arm-none-eabi/lib/armv7-m\libg.a(lib_a-signalr.o)
                0x00086ec0                _kill_r
 .text._getpid_r
                0x00086ee8        0x4 c:/users/codiw/appdata/local/arduino15/packages/arduino/tools/arm-none-eabi-gcc/4.8.3-2014q1/bin/../lib/gcc/arm-none-eabi/4.8.3/../../../../arm-none-eabi/lib/armv7-m\libg.a(lib_a-signalr.o)
                0x00086ee8                _getpid_r
 .text.__sread  0x00086eec       0x24 c:/users/codiw/appdata/local/arduino15/packages/arduino/tools/arm-none-eabi-gcc/4.8.3-2014q1/bin/../lib/gcc/arm-none-eabi/4.8.3/../../../../arm-none-eabi/lib/armv7-m\libg.a(lib_a-stdio.o)
                0x00086eec                __sread
 .text.__swrite
                0x00086f10       0x38 c:/users/codiw/appdata/local/arduino15/packages/arduino/tools/arm-none-eabi-gcc/4.8.3-2014q1/bin/../lib/gcc/arm-none-eabi/4.8.3/../../../../arm-none-eabi/lib/armv7-m\libg.a(lib_a-stdio.o)
                0x00086f10                __swrite
 .text.__sseek  0x00086f48       0x20 c:/users/codiw/appdata/local/arduino15/packages/arduino/tools/arm-none-eabi-gcc/4.8.3-2014q1/bin/../lib/gcc/arm-none-eabi/4.8.3/../../../../arm-none-eabi/lib/armv7-m\libg.a(lib_a-stdio.o)
                0x00086f48                __sseek
 .text.__sclose
                0x00086f68        0x8 c:/users/codiw/appdata/local/arduino15/packages/arduino/tools/arm-none-eabi-gcc/4.8.3-2014q1/bin/../lib/gcc/arm-none-eabi/4.8.3/../../../../arm-none-eabi/lib/armv7-m\libg.a(lib_a-stdio.o)
                0x00086f68                __sclose
 .text.__swbuf_r
                0x00086f70       0xa8 c:/users/codiw/appdata/local/arduino15/packages/arduino/tools/arm-none-eabi-gcc/4.8.3-2014q1/bin/../lib/gcc/arm-none-eabi/4.8.3/../../../../arm-none-eabi/lib/armv7-m\libg.a(lib_a-wbuf.o)
                0x00086f70                __swbuf_r
 .text._wcrtomb_r
                0x00087018       0x50 c:/users/codiw/appdata/local/arduino15/packages/arduino/tools/arm-none-eabi-gcc/4.8.3-2014q1/bin/../lib/gcc/arm-none-eabi/4.8.3/../../../../arm-none-eabi/lib/armv7-m\libg.a(lib_a-wcrtomb.o)
                0x00087018                _wcrtomb_r
 .text.__ascii_wctomb
                0x00087068       0x1c c:/users/codiw/appdata/local/arduino15/packages/arduino/tools/arm-none-eabi-gcc/4.8.3-2014q1/bin/../lib/gcc/arm-none-eabi/4.8.3/../../../../arm-none-eabi/lib/armv7-m\libg.a(lib_a-wctomb_r.o)
                0x00087068                __ascii_wctomb
 .text._write_r
                0x00087084       0x28 c:/users/codiw/appdata/local/arduino15/packages/arduino/tools/arm-none-eabi-gcc/4.8.3-2014q1/bin/../lib/gcc/arm-none-eabi/4.8.3/../../../../arm-none-eabi/lib/armv7-m\libg.a(lib_a-writer.o)
                0x00087084                _write_r
 .text._close_r
                0x000870ac       0x24 c:/users/codiw/appdata/local/arduino15/packages/arduino/tools/arm-none-eabi-gcc/4.8.3-2014q1/bin/../lib/gcc/arm-none-eabi/4.8.3/../../../../arm-none-eabi/lib/armv7-m\libg.a(lib_a-closer.o)
                0x000870ac                _close_r
 .text._fclose_r
                0x000870d0       0x80 c:/users/codiw/appdata/local/arduino15/packages/arduino/tools/arm-none-eabi-gcc/4.8.3-2014q1/bin/../lib/gcc/arm-none-eabi/4.8.3/../../../../arm-none-eabi/lib/armv7-m\libg.a(lib_a-fclose.o)
                0x000870d0                _fclose_r
 .text.fclose   0x00087150       0x10 c:/users/codiw/appdata/local/arduino15/packages/arduino/tools/arm-none-eabi-gcc/4.8.3-2014q1/bin/../lib/gcc/arm-none-eabi/4.8.3/../../../../arm-none-eabi/lib/armv7-m\libg.a(lib_a-fclose.o)
                0x00087150                fclose
 .text._fstat_r
                0x00087160       0x28 c:/users/codiw/appdata/local/arduino15/packages/arduino/tools/arm-none-eabi-gcc/4.8.3-2014q1/bin/../lib/gcc/arm-none-eabi/4.8.3/../../../../arm-none-eabi/lib/armv7-m\libg.a(lib_a-fstatr.o)
                0x00087160                _fstat_r
 .text._isatty_r
                0x00087188       0x24 c:/users/codiw/appdata/local/arduino15/packages/arduino/tools/arm-none-eabi-gcc/4.8.3-2014q1/bin/../lib/gcc/arm-none-eabi/4.8.3/../../../../arm-none-eabi/lib/armv7-m\libg.a(lib_a-isattyr.o)
                0x00087188                _isatty_r
 .text._lseek_r
                0x000871ac       0x28 c:/users/codiw/appdata/local/arduino15/packages/arduino/tools/arm-none-eabi-gcc/4.8.3-2014q1/bin/../lib/gcc/arm-none-eabi/4.8.3/../../../../arm-none-eabi/lib/armv7-m\libg.a(lib_a-lseekr.o)
                0x000871ac                _lseek_r
 .text._read_r  0x000871d4       0x28 c:/users/codiw/appdata/local/arduino15/packages/arduino/tools/arm-none-eabi-gcc/4.8.3-2014q1/bin/../lib/gcc/arm-none-eabi/4.8.3/../../../../arm-none-eabi/lib/armv7-m\libg.a(lib_a-readr.o)
                0x000871d4                _read_r
 .text          0x000871fc       0x2c c:/users/codiw/appdata/local/arduino15/packages/arduino/tools/arm-none-eabi-gcc/4.8.3-2014q1/bin/../lib/gcc/arm-none-eabi/4.8.3/armv7-m\libgcc.a(_aeabi_uldivmod.o)
                0x000871fc                __aeabi_uldivmod
 .text          0x00087228       0x60 c:/users/codiw/appdata/local/arduino15/packages/arduino/tools/arm-none-eabi-gcc/4.8.3-2014q1/bin/../lib/gcc/arm-none-eabi/4.8.3/armv7-m\libgcc.a(bpabi.o)
                0x00087228                __gnu_ldivmod_helper
                0x00087258                __gnu_uldivmod_helper
 .text          0x00087288        0x4 c:/users/codiw/appdata/local/arduino15/packages/arduino/tools/arm-none-eabi-gcc/4.8.3-2014q1/bin/../lib/gcc/arm-none-eabi/4.8.3/armv7-m\libgcc.a(_dvmd_tls.o)
                0x00087288                __aeabi_idiv0
                0x00087288                __aeabi_ldiv0
 .text          0x0008728c      0x2a0 c:/users/codiw/appdata/local/arduino15/packages/arduino/tools/arm-none-eabi-gcc/4.8.3-2014q1/bin/../lib/gcc/arm-none-eabi/4.8.3/armv7-m\libgcc.a(_divdi3.o)
                0x0008728c                __divdi3
 .text          0x0008752c      0x290 c:/users/codiw/appdata/local/arduino15/packages/arduino/tools/arm-none-eabi-gcc/4.8.3-2014q1/bin/../lib/gcc/arm-none-eabi/4.8.3/armv7-m\libgcc.a(_udivdi3.o)
                0x0008752c                __udivdi3
 *(.glue_7t)
 .glue_7t       0x00000000        0x0 linker stubs
 *(.glue_7)
 .glue_7        0x00000000        0x0 linker stubs
 *(.rodata .rodata* .gnu.linkonce.r.*)
 *fill*         0x000877bc        0x4 
 .rodata._ZTV15Adafruit_Sensor
                0x000877c0       0x20 C:\Users\codiw\AppData\Local\Temp\VMicroBuilds\CodexHyperloopControlProject\UDOO_udoo_sam_udooqdl\CodexHyperloopControlProject.cpp.o
                0x000877c0                vtable for Adafruit_Sensor
 .rodata._ZTVN16Adafruit_LSM9DS06SensorE
                0x000877e0       0x20 C:\Users\codiw\AppData\Local\Temp\VMicroBuilds\CodexHyperloopControlProject\UDOO_udoo_sam_udooqdl\CodexHyperloopControlProject.cpp.o
                0x000877e0                vtable for Adafruit_LSM9DS0::Sensor
 .rodata.str1.1
                0x00087800      0x166 C:\Users\codiw\AppData\Local\Temp\VMicroBuilds\CodexHyperloopControlProject\UDOO_udoo_sam_udooqdl\CodexHyperloopControlProject.cpp.o
                                0x169 (size before relaxing)
 *fill*         0x00087966        0x2 
 .rodata._ZTV7TwoWire
                0x00087968       0x20 C:\Users\codiw\AppData\Local\Temp\VMicroBuilds\CodexHyperloopControlProject\UDOO_udoo_sam_udooqdl\Wire\Wire.cpp.o
                0x00087968                vtable for TwoWire
 .rodata.str1.1
                0x00087988       0x3c C:\Users\codiw\AppData\Local\Temp\VMicroBuilds\CodexHyperloopControlProject\UDOO_udoo_sam_udooqdl\Adafruit_LSM9DS0_Library-Edited\Adafruit_LSM9DS0.cpp.o
 .rodata.__func__.7227
                0x000879c4        0xe C:\Users\codiw\AppData\Local\arduino15\packages\UDOO\hardware\sam\1.6.7\variants\udooqdl/libsam_sam3x8e_gcc_rel.a(twi.o)
 .rodata.__func__.7157
                0x000879d2        0xd C:\Users\codiw\AppData\Local\arduino15\packages\UDOO\hardware\sam\1.6.7\variants\udooqdl/libsam_sam3x8e_gcc_rel.a(twi.o)
 .rodata.__func__.7208
                0x000879df        0xf C:\Users\codiw\AppData\Local\arduino15\packages\UDOO\hardware\sam\1.6.7\variants\udooqdl/libsam_sam3x8e_gcc_rel.a(twi.o)
 .rodata.__func__.7176
                0x000879ee        0xc C:\Users\codiw\AppData\Local\arduino15\packages\UDOO\hardware\sam\1.6.7\variants\udooqdl/libsam_sam3x8e_gcc_rel.a(twi.o)
 .rodata.str1.1
                0x000879fa       0xb4 C:\Users\codiw\AppData\Local\arduino15\packages\UDOO\hardware\sam\1.6.7\variants\udooqdl/libsam_sam3x8e_gcc_rel.a(twi.o)
 .rodata.__func__.7184
                0x00087aae        0x9 C:\Users\codiw\AppData\Local\arduino15\packages\UDOO\hardware\sam\1.6.7\variants\udooqdl/libsam_sam3x8e_gcc_rel.a(twi.o)
 .rodata.__func__.7240
                0x00087ab7       0x16 C:\Users\codiw\AppData\Local\arduino15\packages\UDOO\hardware\sam\1.6.7\variants\udooqdl/libsam_sam3x8e_gcc_rel.a(twi.o)
 .rodata.__func__.7191
                0x00087acd        0xe C:\Users\codiw\AppData\Local\arduino15\packages\UDOO\hardware\sam\1.6.7\variants\udooqdl/libsam_sam3x8e_gcc_rel.a(twi.o)
 .rodata.__func__.7231
                0x00087adb        0xe C:\Users\codiw\AppData\Local\arduino15\packages\UDOO\hardware\sam\1.6.7\variants\udooqdl/libsam_sam3x8e_gcc_rel.a(twi.o)
 .rodata.__func__.7195
                0x00087ae9        0xd C:\Users\codiw\AppData\Local\arduino15\packages\UDOO\hardware\sam\1.6.7\variants\udooqdl/libsam_sam3x8e_gcc_rel.a(twi.o)
 .rodata.__func__.7222
                0x00087af6        0xd C:\Users\codiw\AppData\Local\arduino15\packages\UDOO\hardware\sam\1.6.7\variants\udooqdl/libsam_sam3x8e_gcc_rel.a(twi.o)
 .rodata.__func__.7200